Archive member included to satisfy reference by file (symbol)

/opt/gcc-arm-none-eabi-10.3-2021.10/bin/../lib/gcc/arm-none-eabi/10.3.1/../../../../arm-none-eabi/lib/thumb/v7e-m+dp/hard/libc_nano.a(lib_a-errno.o)
                              build/syscalls.o (__errno)
/opt/gcc-arm-none-eabi-10.3-2021.10/bin/../lib/gcc/arm-none-eabi/10.3.1/../../../../arm-none-eabi/lib/thumb/v7e-m+dp/hard/libc_nano.a(lib_a-exit.o)
                              /opt/gcc-arm-none-eabi-10.3-2021.10/bin/../lib/gcc/arm-none-eabi/10.3.1/../../../../arm-none-eabi/lib/thumb/v7e-m+dp/hard/crt0.o (exit)
/opt/gcc-arm-none-eabi-10.3-2021.10/bin/../lib/gcc/arm-none-eabi/10.3.1/../../../../arm-none-eabi/lib/thumb/v7e-m+dp/hard/libc_nano.a(lib_a-impure.o)
                              /opt/gcc-arm-none-eabi-10.3-2021.10/bin/../lib/gcc/arm-none-eabi/10.3.1/../../../../arm-none-eabi/lib/thumb/v7e-m+dp/hard/libc_nano.a(lib_a-exit.o) (_global_impure_ptr)
/opt/gcc-arm-none-eabi-10.3-2021.10/bin/../lib/gcc/arm-none-eabi/10.3.1/../../../../arm-none-eabi/lib/thumb/v7e-m+dp/hard/libc_nano.a(lib_a-init.o)
                              /opt/gcc-arm-none-eabi-10.3-2021.10/bin/../lib/gcc/arm-none-eabi/10.3.1/../../../../arm-none-eabi/lib/thumb/v7e-m+dp/hard/crt0.o (__libc_init_array)
/opt/gcc-arm-none-eabi-10.3-2021.10/bin/../lib/gcc/arm-none-eabi/10.3.1/../../../../arm-none-eabi/lib/thumb/v7e-m+dp/hard/libc_nano.a(lib_a-memset.o)
                              /opt/gcc-arm-none-eabi-10.3-2021.10/bin/../lib/gcc/arm-none-eabi/10.3.1/../../../../arm-none-eabi/lib/thumb/v7e-m+dp/hard/crt0.o (memset)
/opt/gcc-arm-none-eabi-10.3-2021.10/bin/../lib/gcc/arm-none-eabi/10.3.1/../../../../arm-none-eabi/lib/thumb/v7e-m+dp/hard/libc_nano.a(lib_a-printf.o)
                              build/main.o (printf)
/opt/gcc-arm-none-eabi-10.3-2021.10/bin/../lib/gcc/arm-none-eabi/10.3.1/../../../../arm-none-eabi/lib/thumb/v7e-m+dp/hard/libc_nano.a(lib_a-findfp.o)
                              /opt/gcc-arm-none-eabi-10.3-2021.10/bin/../lib/gcc/arm-none-eabi/10.3.1/../../../../arm-none-eabi/lib/thumb/v7e-m+dp/hard/libc_nano.a(lib_a-printf.o) (__sinit)
/opt/gcc-arm-none-eabi-10.3-2021.10/bin/../lib/gcc/arm-none-eabi/10.3.1/../../../../arm-none-eabi/lib/thumb/v7e-m+dp/hard/libc_nano.a(lib_a-fwalk.o)
                              /opt/gcc-arm-none-eabi-10.3-2021.10/bin/../lib/gcc/arm-none-eabi/10.3.1/../../../../arm-none-eabi/lib/thumb/v7e-m+dp/hard/libc_nano.a(lib_a-findfp.o) (_fwalk)
/opt/gcc-arm-none-eabi-10.3-2021.10/bin/../lib/gcc/arm-none-eabi/10.3.1/../../../../arm-none-eabi/lib/thumb/v7e-m+dp/hard/libc_nano.a(lib_a-lock.o)
                              /opt/gcc-arm-none-eabi-10.3-2021.10/bin/../lib/gcc/arm-none-eabi/10.3.1/../../../../arm-none-eabi/lib/thumb/v7e-m+dp/hard/libc_nano.a(lib_a-findfp.o) (__retarget_lock_init_recursive)
/opt/gcc-arm-none-eabi-10.3-2021.10/bin/../lib/gcc/arm-none-eabi/10.3.1/../../../../arm-none-eabi/lib/thumb/v7e-m+dp/hard/libc_nano.a(lib_a-nano-mallocr.o)
                              /opt/gcc-arm-none-eabi-10.3-2021.10/bin/../lib/gcc/arm-none-eabi/10.3.1/../../../../arm-none-eabi/lib/thumb/v7e-m+dp/hard/libc_nano.a(lib_a-findfp.o) (_malloc_r)
/opt/gcc-arm-none-eabi-10.3-2021.10/bin/../lib/gcc/arm-none-eabi/10.3.1/../../../../arm-none-eabi/lib/thumb/v7e-m+dp/hard/libc_nano.a(lib_a-nano-vfprintf.o)
                              /opt/gcc-arm-none-eabi-10.3-2021.10/bin/../lib/gcc/arm-none-eabi/10.3.1/../../../../arm-none-eabi/lib/thumb/v7e-m+dp/hard/libc_nano.a(lib_a-printf.o) (_vfprintf_r)
/opt/gcc-arm-none-eabi-10.3-2021.10/bin/../lib/gcc/arm-none-eabi/10.3.1/../../../../arm-none-eabi/lib/thumb/v7e-m+dp/hard/libc_nano.a(lib_a-nano-vfprintf_i.o)
                              /opt/gcc-arm-none-eabi-10.3-2021.10/bin/../lib/gcc/arm-none-eabi/10.3.1/../../../../arm-none-eabi/lib/thumb/v7e-m+dp/hard/libc_nano.a(lib_a-nano-vfprintf.o) (_printf_i)
/opt/gcc-arm-none-eabi-10.3-2021.10/bin/../lib/gcc/arm-none-eabi/10.3.1/../../../../arm-none-eabi/lib/thumb/v7e-m+dp/hard/libc_nano.a(lib_a-sbrkr.o)
                              /opt/gcc-arm-none-eabi-10.3-2021.10/bin/../lib/gcc/arm-none-eabi/10.3.1/../../../../arm-none-eabi/lib/thumb/v7e-m+dp/hard/libc_nano.a(lib_a-nano-mallocr.o) (_sbrk_r)
/opt/gcc-arm-none-eabi-10.3-2021.10/bin/../lib/gcc/arm-none-eabi/10.3.1/../../../../arm-none-eabi/lib/thumb/v7e-m+dp/hard/libc_nano.a(lib_a-stdio.o)
                              /opt/gcc-arm-none-eabi-10.3-2021.10/bin/../lib/gcc/arm-none-eabi/10.3.1/../../../../arm-none-eabi/lib/thumb/v7e-m+dp/hard/libc_nano.a(lib_a-findfp.o) (__sread)
/opt/gcc-arm-none-eabi-10.3-2021.10/bin/../lib/gcc/arm-none-eabi/10.3.1/../../../../arm-none-eabi/lib/thumb/v7e-m+dp/hard/libc_nano.a(lib_a-wbuf.o)
                              /opt/gcc-arm-none-eabi-10.3-2021.10/bin/../lib/gcc/arm-none-eabi/10.3.1/../../../../arm-none-eabi/lib/thumb/v7e-m+dp/hard/libc_nano.a(lib_a-nano-vfprintf.o) (__swbuf_r)
[...]
Memory Configuration

Name             Origin             Length             Attributes
DTCMRAM          0x0000000020000000 0x0000000000020000 xrw
RAM              0x0000000024000000 0x0000000000080000 xrw
RAM_D2           0x0000000030000000 0x0000000000048000 xrw
RAM_D3           0x0000000038000000 0x0000000000010000 xrw
ITCMRAM          0x0000000000000000 0x0000000000010000 xrw
FLASH            0x0000000008000000 0x0000000000200000 xr
*default*        0x0000000000000000 0xffffffffffffffff

Linker script and memory map

LOAD /opt/gcc-arm-none-eabi-10.3-2021.10/bin/../lib/gcc/arm-none-eabi/10.3.1/thumb/v7e-m+dp/hard/crti.o
LOAD /opt/gcc-arm-none-eabi-10.3-2021.10/bin/../lib/gcc/arm-none-eabi/10.3.1/thumb/v7e-m+dp/hard/crtbegin.o
LOAD /opt/gcc-arm-none-eabi-10.3-2021.10/bin/../lib/gcc/arm-none-eabi/10.3.1/../../../../arm-none-eabi/lib/thumb/v7e-m+dp/hard/crt0.o
LOAD build/startup_stm32h743xx.o
LOAD build/syscalls.o
LOAD build/sysmem.o
LOAD build/system_clock.o
LOAD build/system_stm32h7xx.o
LOAD build/main.o
LOAD build/systick.o
LOAD build/uart.o
START GROUP
LOAD /opt/gcc-arm-none-eabi-10.3-2021.10/bin/../lib/gcc/arm-none-eabi/10.3.1/../../../../arm-none-eabi/lib/thumb/v7e-m+dp/hard/libnosys.a
LOAD /opt/gcc-arm-none-eabi-10.3-2021.10/bin/../lib/gcc/arm-none-eabi/10.3.1/../../../../arm-none-eabi/lib/thumb/v7e-m+dp/hard/libm.a
END GROUP
START GROUP
LOAD /opt/gcc-arm-none-eabi-10.3-2021.10/bin/../lib/gcc/arm-none-eabi/10.3.1/thumb/v7e-m+dp/hard/libgcc.a
LOAD /opt/gcc-arm-none-eabi-10.3-2021.10/bin/../lib/gcc/arm-none-eabi/10.3.1/../../../../arm-none-eabi/lib/thumb/v7e-m+dp/hard/libc_nano.a
END GROUP
START GROUP
LOAD /opt/gcc-arm-none-eabi-10.3-2021.10/bin/../lib/gcc/arm-none-eabi/10.3.1/thumb/v7e-m+dp/hard/libgcc.a
LOAD /opt/gcc-arm-none-eabi-10.3-2021.10/bin/../lib/gcc/arm-none-eabi/10.3.1/../../../../arm-none-eabi/lib/thumb/v7e-m+dp/hard/libc_nano.a
END GROUP
LOAD /opt/gcc-arm-none-eabi-10.3-2021.10/bin/../lib/gcc/arm-none-eabi/10.3.1/thumb/v7e-m+dp/hard/crtend.o
LOAD /opt/gcc-arm-none-eabi-10.3-2021.10/bin/../lib/gcc/arm-none-eabi/10.3.1/thumb/v7e-m+dp/hard/crtn.o
                0x0000000020020000                _estack = (ORIGIN (DTCMRAM) + LENGTH (DTCMRAM))
                0x0000000000000200                _Min_Heap_Size = 0x200
                0x0000000000000400                _Min_Stack_Size = 0x400

.isr_vector     0x0000000008000000      0x298
                0x0000000008000000                . = ALIGN (0x4)
 *(.isr_vector)
 .isr_vector    0x0000000008000000      0x298 build/startup_stm32h743xx.o
                0x0000000008000000                g_pfnVectors
                0x0000000008000298                . = ALIGN (0x4)

.text           0x00000000080002a0     0x17c0
                0x00000000080002a0                . = ALIGN (0x4)
 *(.text)
 .text          0x00000000080002a0       0x40 /opt/gcc-arm-none-eabi-10.3-2021.10/bin/../lib/gcc/arm-none-eabi/10.3.1/thumb/v7e-m+dp/hard/crtbegin.o
 .text          0x00000000080002e0       0xa0 /opt/gcc-arm-none-eabi-10.3-2021.10/bin/../lib/gcc/arm-none-eabi/10.3.1/../../../../arm-none-eabi/lib/thumb/v7e-m+dp/hard/libc_nano.a(lib_a-memchr.o)
                0x00000000080002e0                memchr
 *(.text*)
 .text.Reset_Handler
                0x0000000008000380       0x54 build/startup_stm32h743xx.o
                0x0000000008000380                Reset_Handler
 .text.Default_Handler
                0x00000000080003d4        0x2 build/startup_stm32h743xx.o
                0x00000000080003d4                RTC_Alarm_IRQHandler
                0x00000000080003d4                EXTI2_IRQHandler
                0x00000000080003d4                TIM8_CC_IRQHandler
                0x00000000080003d4                HRTIM1_Master_IRQHandler
                0x00000000080003d4                DebugMon_Handler
                0x00000000080003d4                UART8_IRQHandler
                0x00000000080003d4                SPI4_IRQHandler
                0x00000000080003d4                TIM1_CC_IRQHandler
                0x00000000080003d4                BDMA_Channel6_IRQHandler
                0x00000000080003d4                DMA2_Stream5_IRQHandler
                0x00000000080003d4                HardFault_Handler
                0x00000000080003d4                HRTIM1_FLT_IRQHandler
                0x00000000080003d4                JPEG_IRQHandler
                0x00000000080003d4                DMA1_Stream5_IRQHandler
                0x00000000080003d4                BDMA_Channel1_IRQHandler
                0x00000000080003d4                HRTIM1_TIMD_IRQHandler
                0x00000000080003d4                TAMP_STAMP_IRQHandler
                0x00000000080003d4                PendSV_Handler
                0x00000000080003d4                NMI_Handler
                0x00000000080003d4                EXTI3_IRQHandler
                0x00000000080003d4                LPTIM4_IRQHandler
                0x00000000080003d4                TIM8_TRG_COM_TIM14_IRQHandler
                0x00000000080003d4                LPTIM2_IRQHandler
                0x00000000080003d4                DFSDM1_FLT1_IRQHandler
                0x00000000080003d4                DMAMUX2_OVR_IRQHandler
                0x00000000080003d4                TIM8_UP_TIM13_IRQHandler
                0x00000000080003d4                I2C3_ER_IRQHandler
                0x00000000080003d4                DFSDM1_FLT2_IRQHandler
                0x00000000080003d4                MDMA_IRQHandler
                0x00000000080003d4                LPTIM3_IRQHandler
                0x00000000080003d4                HSEM1_IRQHandler
                0x00000000080003d4                EXTI0_IRQHandler
                0x00000000080003d4                I2C2_EV_IRQHandler
                0x00000000080003d4                DMA1_Stream2_IRQHandler
                0x00000000080003d4                FPU_IRQHandler
                0x00000000080003d4                OTG_HS_WKUP_IRQHandler
                0x00000000080003d4                FDCAN1_IT1_IRQHandler
                0x00000000080003d4                UsageFault_Handler
                0x00000000080003d4                LTDC_ER_IRQHandler
                0x00000000080003d4                DMA2_Stream2_IRQHandler
                0x00000000080003d4                HRTIM1_TIME_IRQHandler
                0x00000000080003d4                SPI1_IRQHandler
                0x00000000080003d4                TIM6_DAC_IRQHandler
                0x00000000080003d4                DCMI_IRQHandler
                0x00000000080003d4                HRTIM1_TIMC_IRQHandler
                0x00000000080003d4                DMA2_Stream3_IRQHandler
                0x00000000080003d4                SAI2_IRQHandler
                0x00000000080003d4                DFSDM1_FLT3_IRQHandler
                0x00000000080003d4                USART6_IRQHandler
                0x00000000080003d4                TIM17_IRQHandler
                0x00000000080003d4                USART3_IRQHandler
                0x00000000080003d4                BDMA_Channel7_IRQHandler
                0x00000000080003d4                LPTIM5_IRQHandler
                0x00000000080003d4                UART5_IRQHandler
                0x00000000080003d4                ADC3_IRQHandler
                0x00000000080003d4                DMA2_Stream0_IRQHandler
                0x00000000080003d4                TIM4_IRQHandler
                0x00000000080003d4                BDMA_Channel2_IRQHandler
                0x00000000080003d4                QUADSPI_IRQHandler
                0x00000000080003d4                I2C1_EV_IRQHandler
                0x00000000080003d4                DMA1_Stream6_IRQHandler
                0x00000000080003d4                DMAMUX1_OVR_IRQHandler
                0x00000000080003d4                DMA1_Stream1_IRQHandler
                0x00000000080003d4                TIM16_IRQHandler
                0x00000000080003d4                UART4_IRQHandler
                0x00000000080003d4                BDMA_Channel5_IRQHandler
                0x00000000080003d4                TIM3_IRQHandler
                0x00000000080003d4                RCC_IRQHandler
                0x00000000080003d4                TIM8_BRK_TIM12_IRQHandler
                0x00000000080003d4                TIM1_TRG_COM_IRQHandler
                0x00000000080003d4                Default_Handler
                0x00000000080003d4                ECC_IRQHandler
                0x00000000080003d4                CEC_IRQHandler
                0x00000000080003d4                EXTI15_10_IRQHandler
                0x00000000080003d4                BDMA_Channel0_IRQHandler
                0x00000000080003d4                ADC_IRQHandler
                0x00000000080003d4                DMA1_Stream7_IRQHandler
                0x00000000080003d4                HRTIM1_TIMA_IRQHandler
                0x00000000080003d4                SPI5_IRQHandler
                0x00000000080003d4                TIM7_IRQHandler
                0x00000000080003d4                SDMMC1_IRQHandler
                0x00000000080003d4                TIM5_IRQHandler
                0x00000000080003d4                DMA2_Stream7_IRQHandler
                0x00000000080003d4                TIM15_IRQHandler
                0x00000000080003d4                PVD_AVD_IRQHandler
                0x00000000080003d4                I2C3_EV_IRQHandler
                0x00000000080003d4                EXTI9_5_IRQHandler
                0x00000000080003d4                RTC_WKUP_IRQHandler
                0x00000000080003d4                LTDC_IRQHandler
                0x00000000080003d4                SAI3_IRQHandler
                0x00000000080003d4                ETH_WKUP_IRQHandler
                0x00000000080003d4                SPDIF_RX_IRQHandler
                0x00000000080003d4                SPI2_IRQHandler
                0x00000000080003d4                OTG_HS_EP1_IN_IRQHandler
                0x00000000080003d4                MemManage_Handler
                0x00000000080003d4                DMA1_Stream0_IRQHandler
                0x00000000080003d4                SVC_Handler
                0x00000000080003d4                CRS_IRQHandler
                0x00000000080003d4                EXTI4_IRQHandler
                0x00000000080003d4                RNG_IRQHandler
                0x00000000080003d4                HRTIM1_TIMB_IRQHandler
                0x00000000080003d4                FDCAN2_IT1_IRQHandler
                0x00000000080003d4                ETH_IRQHandler
                0x00000000080003d4                TIM1_UP_IRQHandler
                0x00000000080003d4                BDMA_Channel4_IRQHandler
                0x00000000080003d4                OTG_HS_EP1_OUT_IRQHandler
                0x00000000080003d4                WWDG_IRQHandler
                0x00000000080003d4                SPI6_IRQHandler
                0x00000000080003d4                MDIOS_IRQHandler
                0x00000000080003d4                I2C4_EV_IRQHandler
                0x00000000080003d4                FDCAN2_IT0_IRQHandler
                0x00000000080003d4                LPUART1_IRQHandler
                0x00000000080003d4                FDCAN1_IT0_IRQHandler
                0x00000000080003d4                TIM2_IRQHandler
                0x00000000080003d4                OTG_FS_WKUP_IRQHandler
                0x00000000080003d4                OTG_HS_IRQHandler
                0x00000000080003d4                DMA2D_IRQHandler
                0x00000000080003d4                TIM1_BRK_IRQHandler
                0x00000000080003d4                EXTI1_IRQHandler
                0x00000000080003d4                SDMMC2_IRQHandler
                0x00000000080003d4                OTG_FS_EP1_OUT_IRQHandler
                0x00000000080003d4                BDMA_Channel3_IRQHandler
                0x00000000080003d4                UART7_IRQHandler
                0x00000000080003d4                MDIOS_WKUP_IRQHandler
                0x00000000080003d4                USART2_IRQHandler
                0x00000000080003d4                DFSDM1_FLT0_IRQHandler
                0x00000000080003d4                SAI4_IRQHandler
                0x00000000080003d4                I2C2_ER_IRQHandler
                0x00000000080003d4                DMA2_Stream1_IRQHandler
                0x00000000080003d4                FLASH_IRQHandler
                0x00000000080003d4                DMA2_Stream4_IRQHandler
                0x00000000080003d4                BusFault_Handler
                0x00000000080003d4                USART1_IRQHandler
                0x00000000080003d4                OTG_FS_IRQHandler
                0x00000000080003d4                SPI3_IRQHandler
                0x00000000080003d4                WAKEUP_PIN_IRQHandler
                0x00000000080003d4                DMA1_Stream4_IRQHandler
                0x00000000080003d4                OTG_FS_EP1_IN_IRQHandler
                0x00000000080003d4                I2C1_ER_IRQHandler
                0x00000000080003d4                FMC_IRQHandler
                0x00000000080003d4                FDCAN_CAL_IRQHandler
                0x00000000080003d4                SWPMI1_IRQHandler
                0x00000000080003d4                COMP1_IRQHandler
                0x00000000080003d4                LPTIM1_IRQHandler
                0x00000000080003d4                I2C4_ER_IRQHandler
                0x00000000080003d4                DMA2_Stream6_IRQHandler
                0x00000000080003d4                SAI1_IRQHandler
                0x00000000080003d4                DMA1_Stream3_IRQHandler
 .text._read    0x00000000080003d6       0x1c build/syscalls.o
                0x00000000080003d6                _read
 .text._write   0x00000000080003f2       0x1c build/syscalls.o
                0x00000000080003f2                _write
 .text._close   0x000000000800040e        0x6 build/syscalls.o
                0x000000000800040e                _close
 .text._fstat   0x0000000008000414        0xa build/syscalls.o
                0x0000000008000414                _fstat
 .text._isatty  0x000000000800041e        0x4 build/syscalls.o
                0x000000000800041e                _isatty
 .text._lseek   0x0000000008000422        0x4 build/syscalls.o
                0x0000000008000422                _lseek
 *fill*         0x0000000008000426        0x2 
 .text._sbrk    0x0000000008000428       0x40 build/sysmem.o
                0x0000000008000428                _sbrk
 .text.SystemClock_Config
                0x0000000008000468      0x140 build/system_clock.o
                0x0000000008000468                SystemClock_Config
 .text.SystemInit
                0x00000000080005a8       0xe4 build/system_stm32h7xx.o
                0x00000000080005a8                SystemInit
 .text.SystemCoreClockUpdate
                0x000000000800068c      0x144 build/system_stm32h7xx.o
                0x000000000800068c                SystemCoreClockUpdate
 .text.ExitRun0Mode
                0x00000000080007d0        0x2 build/system_stm32h7xx.o
                0x00000000080007d0                ExitRun0Mode
 *fill*         0x00000000080007d2        0x2 
 .text.startup.main
                0x00000000080007d4       0x88 build/main.o
                0x00000000080007d4                main
 .text.SysTick_Handler
                0x000000000800085c       0x10 build/systick.o
                0x000000000800085c                SysTick_Handler
 .text.SysTick_Init
                0x000000000800086c       0x24 build/systick.o
                0x000000000800086c                SysTick_Init
 .text.delay_ms
                0x0000000008000890       0x14 build/systick.o
                0x0000000008000890                delay_ms
 .text.uart_pin_setup
                0x00000000080008a4       0xf4 build/uart.o
 .text.UART_GetPCLK
                0x0000000008000998       0x70 build/uart.o
                0x0000000008000998                UART_GetPCLK
 .text.UART_Init
                0x0000000008000a08       0x78 build/uart.o
                0x0000000008000a08                UART_Init
 .text.UART_SendChar
                0x0000000008000a80        0xa build/uart.o
                0x0000000008000a80                UART_SendChar
 *fill*         0x0000000008000a8a        0x2 
 .text.__io_putchar
                0x0000000008000a8c       0x14 build/uart.o
                0x0000000008000a8c                __io_putchar
 .text.UART_SendString
                0x0000000008000aa0       0x12 build/uart.o
                0x0000000008000aa0                UART_SendString
 .text.UART_ReadChar
                0x0000000008000ab2        0xc build/uart.o
                0x0000000008000ab2                UART_ReadChar
 .text.UART_Available
                0x0000000008000abe        0x8 build/uart.o
                0x0000000008000abe                UART_Available
 *fill*         0x0000000008000ac6        0x2 
 .text.__errno  0x0000000008000ac8        0xc /opt/gcc-arm-none-eabi-10.3-2021.10/bin/../lib/gcc/arm-none-eabi/10.3.1/../../../../arm-none-eabi/lib/thumb/v7e-m+dp/hard/libc_nano.a(lib_a-errno.o)
                0x0000000008000ac8                __errno
 .text.__libc_init_array
                0x0000000008000ad4       0x48 /opt/gcc-arm-none-eabi-10.3-2021.10/bin/../lib/gcc/arm-none-eabi/10.3.1/../../../../arm-none-eabi/lib/thumb/v7e-m+dp/hard/libc_nano.a(lib_a-init.o)
                0x0000000008000ad4                __libc_init_array
 .text.memset   0x0000000008000b1c       0x10 /opt/gcc-arm-none-eabi-10.3-2021.10/bin/../lib/gcc/arm-none-eabi/10.3.1/../../../../arm-none-eabi/lib/thumb/v7e-m+dp/hard/libc_nano.a(lib_a-memset.o)
                0x0000000008000b1c                memset
 .text.printf   0x0000000008000b2c       0x30 /opt/gcc-arm-none-eabi-10.3-2021.10/bin/../lib/gcc/arm-none-eabi/10.3.1/../../../../arm-none-eabi/lib/thumb/v7e-m+dp/hard/libc_nano.a(lib_a-printf.o)
                0x0000000008000b2c                printf
                0x0000000008000b2c                iprintf
 .text.std      0x0000000008000b5c       0x48 /opt/gcc-arm-none-eabi-10.3-2021.10/bin/../lib/gcc/arm-none-eabi/10.3.1/../../../../arm-none-eabi/lib/thumb/v7e-m+dp/hard/libc_nano.a(lib_a-findfp.o)
 .text._cleanup_r
                0x0000000008000ba4        0xc /opt/gcc-arm-none-eabi-10.3-2021.10/bin/../lib/gcc/arm-none-eabi/10.3.1/../../../../arm-none-eabi/lib/thumb/v7e-m+dp/hard/libc_nano.a(lib_a-findfp.o)
                0x0000000008000ba4                _cleanup_r
 .text.__sfmoreglue
                0x0000000008000bb0       0x2c /opt/gcc-arm-none-eabi-10.3-2021.10/bin/../lib/gcc/arm-none-eabi/10.3.1/../../../../arm-none-eabi/lib/thumb/v7e-m+dp/hard/libc_nano.a(lib_a-findfp.o)
                0x0000000008000bb0                __sfmoreglue
 .text.__sfp_lock_acquire
                0x0000000008000bdc        0xc /opt/gcc-arm-none-eabi-10.3-2021.10/bin/../lib/gcc/arm-none-eabi/10.3.1/../../../../arm-none-eabi/lib/thumb/v7e-m+dp/hard/libc_nano.a(lib_a-findfp.o)
                0x0000000008000bdc                __sfp_lock_acquire
 .text.__sfp_lock_release
                0x0000000008000be8        0xc /opt/gcc-arm-none-eabi-10.3-2021.10/bin/../lib/gcc/arm-none-eabi/10.3.1/../../../../arm-none-eabi/lib/thumb/v7e-m+dp/hard/libc_nano.a(lib_a-findfp.o)
                0x0000000008000be8                __sfp_lock_release
 .text.__sinit_lock_acquire
                0x0000000008000bf4        0xc /opt/gcc-arm-none-eabi-10.3-2021.10/bin/../lib/gcc/arm-none-eabi/10.3.1/../../../../arm-none-eabi/lib/thumb/v7e-m+dp/hard/libc_nano.a(lib_a-findfp.o)
                0x0000000008000bf4                __sinit_lock_acquire
 .text.__sinit_lock_release
                0x0000000008000c00        0xc /opt/gcc-arm-none-eabi-10.3-2021.10/bin/../lib/gcc/arm-none-eabi/10.3.1/../../../../arm-none-eabi/lib/thumb/v7e-m+dp/hard/libc_nano.a(lib_a-findfp.o)
                0x0000000008000c00                __sinit_lock_release
 .text.__sinit  0x0000000008000c0c       0x70 /opt/gcc-arm-none-eabi-10.3-2021.10/bin/../lib/gcc/arm-none-eabi/10.3.1/../../../../arm-none-eabi/lib/thumb/v7e-m+dp/hard/libc_nano.a(lib_a-findfp.o)
                0x0000000008000c0c                __sinit
 .text.__sfp    0x0000000008000c7c       0x8c /opt/gcc-arm-none-eabi-10.3-2021.10/bin/../lib/gcc/arm-none-eabi/10.3.1/../../../../arm-none-eabi/lib/thumb/v7e-m+dp/hard/libc_nano.a(lib_a-findfp.o)
                0x0000000008000c7c                __sfp
 .text._fwalk_reent
                0x0000000008000d08       0x3e /opt/gcc-arm-none-eabi-10.3-2021.10/bin/../lib/gcc/arm-none-eabi/10.3.1/../../../../arm-none-eabi/lib/thumb/v7e-m+dp/hard/libc_nano.a(lib_a-fwalk.o)
                0x0000000008000d08                _fwalk_reent
 .text.__retarget_lock_init_recursive
                0x0000000008000d46        0x2 /opt/gcc-arm-none-eabi-10.3-2021.10/bin/../lib/gcc/arm-none-eabi/10.3.1/../../../../arm-none-eabi/lib/thumb/v7e-m+dp/hard/libc_nano.a(lib_a-lock.o)
                0x0000000008000d46                __retarget_lock_init_recursive
 .text.__retarget_lock_acquire_recursive
                0x0000000008000d48        0x2 /opt/gcc-arm-none-eabi-10.3-2021.10/bin/../lib/gcc/arm-none-eabi/10.3.1/../../../../arm-none-eabi/lib/thumb/v7e-m+dp/hard/libc_nano.a(lib_a-lock.o)
                0x0000000008000d48                __retarget_lock_acquire_recursive
 .text.__retarget_lock_release_recursive
                0x0000000008000d4a        0x2 /opt/gcc-arm-none-eabi-10.3-2021.10/bin/../lib/gcc/arm-none-eabi/10.3.1/../../../../arm-none-eabi/lib/thumb/v7e-m+dp/hard/libc_nano.a(lib_a-lock.o)
                0x0000000008000d4a                __retarget_lock_release_recursive
 .text.sbrk_aligned
                0x0000000008000d4c       0x40 /opt/gcc-arm-none-eabi-10.3-2021.10/bin/../lib/gcc/arm-none-eabi/10.3.1/../../../../arm-none-eabi/lib/thumb/v7e-m+dp/hard/libc_nano.a(lib_a-nano-mallocr.o)
 .text._malloc_r
                0x0000000008000d8c       0xe8 /opt/gcc-arm-none-eabi-10.3-2021.10/bin/../lib/gcc/arm-none-eabi/10.3.1/../../../../arm-none-eabi/lib/thumb/v7e-m+dp/hard/libc_nano.a(lib_a-nano-mallocr.o)
                0x0000000008000d8c                _malloc_r
 .text.__sfputc_r
                0x0000000008000e74       0x2e /opt/gcc-arm-none-eabi-10.3-2021.10/bin/../lib/gcc/arm-none-eabi/10.3.1/../../../../arm-none-eabi/lib/thumb/v7e-m+dp/hard/libc_nano.a(lib_a-nano-vfprintf.o)
 .text.__sfputs_r
                0x0000000008000ea2       0x24 /opt/gcc-arm-none-eabi-10.3-2021.10/bin/../lib/gcc/arm-none-eabi/10.3.1/../../../../arm-none-eabi/lib/thumb/v7e-m+dp/hard/libc_nano.a(lib_a-nano-vfprintf.o)
                0x0000000008000ea2                __sfputs_r
 *fill*         0x0000000008000ec6        0x2 
 .text._vfprintf_r
                0x0000000008000ec8      0x260 /opt/gcc-arm-none-eabi-10.3-2021.10/bin/../lib/gcc/arm-none-eabi/10.3.1/../../../../arm-none-eabi/lib/thumb/v7e-m+dp/hard/libc_nano.a(lib_a-nano-vfprintf.o)
                0x0000000008000ec8                _vfiprintf_r
                0x0000000008000ec8                _vfprintf_r
 .text._printf_common
                0x0000000008001128       0xda /opt/gcc-arm-none-eabi-10.3-2021.10/bin/../lib/gcc/arm-none-eabi/10.3.1/../../../../arm-none-eabi/lib/thumb/v7e-m+dp/hard/libc_nano.a(lib_a-nano-vfprintf_i.o)
                0x0000000008001128                _printf_common
 *fill*         0x0000000008001202        0x2 
 .text._printf_i
                0x0000000008001204      0x24c /opt/gcc-arm-none-eabi-10.3-2021.10/bin/../lib/gcc/arm-none-eabi/10.3.1/../../../../arm-none-eabi/lib/thumb/v7e-m+dp/hard/libc_nano.a(lib_a-nano-vfprintf_i.o)
                0x0000000008001204                _printf_i
 .text._sbrk_r  0x0000000008001450       0x20 /opt/gcc-arm-none-eabi-10.3-2021.10/bin/../lib/gcc/arm-none-eabi/10.3.1/../../../../arm-none-eabi/lib/thumb/v7e-m+dp/hard/libc_nano.a(lib_a-sbrkr.o)
                0x0000000008001450                _sbrk_r
 .text.__sread  0x0000000008001470       0x22 /opt/gcc-arm-none-eabi-10.3-2021.10/bin/../lib/gcc/arm-none-eabi/10.3.1/../../../../arm-none-eabi/lib/thumb/v7e-m+dp/hard/libc_nano.a(lib_a-stdio.o)
                0x0000000008001470                __sread
 .text.__swrite
                0x0000000008001492       0x38 /opt/gcc-arm-none-eabi-10.3-2021.10/bin/../lib/gcc/arm-none-eabi/10.3.1/../../../../arm-none-eabi/lib/thumb/v7e-m+dp/hard/libc_nano.a(lib_a-stdio.o)
                0x0000000008001492                __swrite
 .text.__sseek  0x00000000080014ca       0x24 /opt/gcc-arm-none-eabi-10.3-2021.10/bin/../lib/gcc/arm-none-eabi/10.3.1/../../../../arm-none-eabi/lib/thumb/v7e-m+dp/hard/libc_nano.a(lib_a-stdio.o)
                0x00000000080014ca                __sseek
 .text.__sclose
                0x00000000080014ee        0x8 /opt/gcc-arm-none-eabi-10.3-2021.10/bin/../lib/gcc/arm-none-eabi/10.3.1/../../../../arm-none-eabi/lib/thumb/v7e-m+dp/hard/libc_nano.a(lib_a-stdio.o)
                0x00000000080014ee                __sclose
 *fill*         0x00000000080014f6        0x2 
 .text.__swbuf_r
                0x00000000080014f8       0xa4 /opt/gcc-arm-none-eabi-10.3-2021.10/bin/../lib/gcc/arm-none-eabi/10.3.1/../../../../arm-none-eabi/lib/thumb/v7e-m+dp/hard/libc_nano.a(lib_a-wbuf.o)
                0x00000000080014f8                __swbuf_r
 .text._write_r
                0x000000000800159c       0x24 /opt/gcc-arm-none-eabi-10.3-2021.10/bin/../lib/gcc/arm-none-eabi/10.3.1/../../../../arm-none-eabi/lib/thumb/v7e-m+dp/hard/libc_nano.a(lib_a-writer.o)
                0x000000000800159c                _write_r
 .text.__swsetup_r
                0x00000000080015c0       0xdc /opt/gcc-arm-none-eabi-10.3-2021.10/bin/../lib/gcc/arm-none-eabi/10.3.1/../../../../arm-none-eabi/lib/thumb/v7e-m+dp/hard/libc_nano.a(lib_a-wsetup.o)
                0x00000000080015c0                __swsetup_r
 .text._close_r
                0x000000000800169c       0x20 /opt/gcc-arm-none-eabi-10.3-2021.10/bin/../lib/gcc/arm-none-eabi/10.3.1/../../../../arm-none-eabi/lib/thumb/v7e-m+dp/hard/libc_nano.a(lib_a-closer.o)
                0x000000000800169c                _close_r
 .text.__sflush_r
                0x00000000080016bc      0x10c /opt/gcc-arm-none-eabi-10.3-2021.10/bin/../lib/gcc/arm-none-eabi/10.3.1/../../../../arm-none-eabi/lib/thumb/v7e-m+dp/hard/libc_nano.a(lib_a-fflush.o)
                0x00000000080016bc                __sflush_r
 .text._fflush_r
                0x00000000080017c8       0x78 /opt/gcc-arm-none-eabi-10.3-2021.10/bin/../lib/gcc/arm-none-eabi/10.3.1/../../../../arm-none-eabi/lib/thumb/v7e-m+dp/hard/libc_nano.a(lib_a-fflush.o)
                0x00000000080017c8                _fflush_r
 .text._lseek_r
                0x0000000008001840       0x24 /opt/gcc-arm-none-eabi-10.3-2021.10/bin/../lib/gcc/arm-none-eabi/10.3.1/../../../../arm-none-eabi/lib/thumb/v7e-m+dp/hard/libc_nano.a(lib_a-lseekr.o)
                0x0000000008001840                _lseek_r
 .text.__swhatbuf_r
                0x0000000008001864       0x4a /opt/gcc-arm-none-eabi-10.3-2021.10/bin/../lib/gcc/arm-none-eabi/10.3.1/../../../../arm-none-eabi/lib/thumb/v7e-m+dp/hard/libc_nano.a(lib_a-makebuf.o)
                0x0000000008001864                __swhatbuf_r
 *fill*         0x00000000080018ae        0x2 
 .text.__smakebuf_r
                0x00000000080018b0       0x80 /opt/gcc-arm-none-eabi-10.3-2021.10/bin/../lib/gcc/arm-none-eabi/10.3.1/../../../../arm-none-eabi/lib/thumb/v7e-m+dp/hard/libc_nano.a(lib_a-makebuf.o)
                0x00000000080018b0                __smakebuf_r
 .text.__malloc_lock
                0x0000000008001930        0xc /opt/gcc-arm-none-eabi-10.3-2021.10/bin/../lib/gcc/arm-none-eabi/10.3.1/../../../../arm-none-eabi/lib/thumb/v7e-m+dp/hard/libc_nano.a(lib_a-mlock.o)
                0x0000000008001930                __malloc_lock
 .text.__malloc_unlock
                0x000000000800193c        0xc /opt/gcc-arm-none-eabi-10.3-2021.10/bin/../lib/gcc/arm-none-eabi/10.3.1/../../../../arm-none-eabi/lib/thumb/v7e-m+dp/hard/libc_nano.a(lib_a-mlock.o)
                0x000000000800193c                __malloc_unlock
 .text._free_r  0x0000000008001948       0x98 /opt/gcc-arm-none-eabi-10.3-2021.10/bin/../lib/gcc/arm-none-eabi/10.3.1/../../../../arm-none-eabi/lib/thumb/v7e-m+dp/hard/libc_nano.a(lib_a-nano-freer.o)
                0x0000000008001948                _free_r
 .text._read_r  0x00000000080019e0       0x24 /opt/gcc-arm-none-eabi-10.3-2021.10/bin/../lib/gcc/arm-none-eabi/10.3.1/../../../../arm-none-eabi/lib/thumb/v7e-m+dp/hard/libc_nano.a(lib_a-readr.o)
                0x00000000080019e0                _read_r
 .text._fstat_r
                0x0000000008001a04       0x24 /opt/gcc-arm-none-eabi-10.3-2021.10/bin/../lib/gcc/arm-none-eabi/10.3.1/../../../../arm-none-eabi/lib/thumb/v7e-m+dp/hard/libc_nano.a(lib_a-fstatr.o)
                0x0000000008001a04                _fstat_r
 .text._isatty_r
                0x0000000008001a28       0x20 /opt/gcc-arm-none-eabi-10.3-2021.10/bin/../lib/gcc/arm-none-eabi/10.3.1/../../../../arm-none-eabi/lib/thumb/v7e-m+dp/hard/libc_nano.a(lib_a-isattyr.o)
                0x0000000008001a28                _isatty_r
 *(.glue_7)
 .glue_7        0x0000000008001a48        0x0 linker stubs
 *(.glue_7t)
 .glue_7t       0x0000000008001a48        0x0 linker stubs
 *(.eh_frame)
 .eh_frame      0x0000000008001a48        0x0 /opt/gcc-arm-none-eabi-10.3-2021.10/bin/../lib/gcc/arm-none-eabi/10.3.1/thumb/v7e-m+dp/hard/crtbegin.o
 *(.init)
 .init          0x0000000008001a48        0x4 /opt/gcc-arm-none-eabi-10.3-2021.10/bin/../lib/gcc/arm-none-eabi/10.3.1/thumb/v7e-m+dp/hard/crti.o
                0x0000000008001a48                _init
 .init          0x0000000008001a4c        0x8 /opt/gcc-arm-none-eabi-10.3-2021.10/bin/../lib/gcc/arm-none-eabi/10.3.1/thumb/v7e-m+dp/hard/crtn.o
 *(.fini)
 .fini          0x0000000008001a54        0x4 /opt/gcc-arm-none-eabi-10.3-2021.10/bin/../lib/gcc/arm-none-eabi/10.3.1/thumb/v7e-m+dp/hard/crti.o
                0x0000000008001a54                _fini
 .fini          0x0000000008001a58        0x8 /opt/gcc-arm-none-eabi-10.3-2021.10/bin/../lib/gcc/arm-none-eabi/10.3.1/thumb/v7e-m+dp/hard/crtn.o
                0x0000000008001a60                . = ALIGN (0x4)
                0x0000000008001a60                _etext = .

.vfp11_veneer   0x0000000008001a60        0x0
 .vfp11_veneer  0x0000000008001a60        0x0 linker stubs

.v4_bx          0x0000000008001a60        0x0
 .v4_bx         0x0000000008001a60        0x0 linker stubs

.iplt           0x0000000008001a60        0x0
 .iplt          0x0000000008001a60        0x0 /opt/gcc-arm-none-eabi-10.3-2021.10/bin/../lib/gcc/arm-none-eabi/10.3.1/thumb/v7e-m+dp/hard/crtbegin.o

.rodata         0x0000000008001a60      0x1dc
                0x0000000008001a60                . = ALIGN (0x4)
 *(.rodata)
 *(.rodata*)
 .rodata.D1CorePrescTable
                0x0000000008001a60       0x10 build/system_stm32h7xx.o
                0x0000000008001a60                D1CorePrescTable
 .rodata.main.str1.1
                0x0000000008001a70       0x34 build/main.o
 .rodata.UART_MAP
                0x0000000008001aa4      0x100 build/uart.o
 .rodata._global_impure_ptr
                0x0000000008001ba4        0x4 /opt/gcc-arm-none-eabi-10.3-2021.10/bin/../lib/gcc/arm-none-eabi/10.3.1/../../../../arm-none-eabi/lib/thumb/v7e-m+dp/hard/libc_nano.a(lib_a-impure.o)
                0x0000000008001ba4                _global_impure_ptr
 .rodata.__sf_fake_stderr
                0x0000000008001ba8       0x20 /opt/gcc-arm-none-eabi-10.3-2021.10/bin/../lib/gcc/arm-none-eabi/10.3.1/../../../../arm-none-eabi/lib/thumb/v7e-m+dp/hard/libc_nano.a(lib_a-findfp.o)
                0x0000000008001ba8                __sf_fake_stderr
 .rodata.__sf_fake_stdin
                0x0000000008001bc8       0x20 /opt/gcc-arm-none-eabi-10.3-2021.10/bin/../lib/gcc/arm-none-eabi/10.3.1/../../../../arm-none-eabi/lib/thumb/v7e-m+dp/hard/libc_nano.a(lib_a-findfp.o)
                0x0000000008001bc8                __sf_fake_stdin
 .rodata.__sf_fake_stdout
                0x0000000008001be8       0x20 /opt/gcc-arm-none-eabi-10.3-2021.10/bin/../lib/gcc/arm-none-eabi/10.3.1/../../../../arm-none-eabi/lib/thumb/v7e-m+dp/hard/libc_nano.a(lib_a-findfp.o)
                0x0000000008001be8                __sf_fake_stdout
 .rodata._vfprintf_r.str1.1
                0x0000000008001c08       0x11 /opt/gcc-arm-none-eabi-10.3-2021.10/bin/../lib/gcc/arm-none-eabi/10.3.1/../../../../arm-none-eabi/lib/thumb/v7e-m+dp/hard/libc_nano.a(lib_a-nano-vfprintf.o)
 .rodata._printf_i.str1.1
                0x0000000008001c19       0x22 /opt/gcc-arm-none-eabi-10.3-2021.10/bin/../lib/gcc/arm-none-eabi/10.3.1/../../../../arm-none-eabi/lib/thumb/v7e-m+dp/hard/libc_nano.a(lib_a-nano-vfprintf_i.o)
                0x0000000008001c3c                . = ALIGN (0x4)
 *fill*         0x0000000008001c3b        0x1 

.rel.dyn        0x0000000008001c3c        0x0
 .rel.iplt      0x0000000008001c3c        0x0 /opt/gcc-arm-none-eabi-10.3-2021.10/bin/../lib/gcc/arm-none-eabi/10.3.1/thumb/v7e-m+dp/hard/crtbegin.o

.ARM.extab      0x0000000008001c3c        0x0
                0x0000000008001c3c                . = ALIGN (0x4)
 *(.ARM.extab* .gnu.linkonce.armextab.*)
                0x0000000008001c3c                . = ALIGN (0x4)

.ARM            0x0000000008001c3c        0x0
                0x0000000008001c3c                . = ALIGN (0x4)
                0x0000000008001c3c                __exidx_start = .
 *(.ARM.exidx*)
                0x0000000008001c3c                __exidx_end = .
                0x0000000008001c3c                . = ALIGN (0x4)

.preinit_array  0x0000000008001c3c        0x0
                0x0000000008001c3c                . = ALIGN (0x4)
                0x0000000008001c3c                PROVIDE (__preinit_array_start = .)
 *(.preinit_array*)
                0x0000000008001c3c                PROVIDE (__preinit_array_end = .)
                0x0000000008001c3c                . = ALIGN (0x4)

.init_array     0x0000000008001c3c        0x4
                0x0000000008001c3c                . = ALIGN (0x4)
                0x0000000008001c3c                PROVIDE (__init_array_start = .)
 *(SORT_BY_NAME(.init_array.*))
 *(.init_array*)
 .init_array    0x0000000008001c3c        0x4 /opt/gcc-arm-none-eabi-10.3-2021.10/bin/../lib/gcc/arm-none-eabi/10.3.1/thumb/v7e-m+dp/hard/crtbegin.o
                0x0000000008001c40                PROVIDE (__init_array_end = .)
                0x0000000008001c40                . = ALIGN (0x4)

.fini_array     0x0000000008001c40        0x4
                0x0000000008001c40                . = ALIGN (0x4)
                [!provide]                        PROVIDE (__fini_array_start = .)
 *(SORT_BY_NAME(.fini_array.*))
 *(.fini_array*)
 .fini_array    0x0000000008001c40        0x4 /opt/gcc-arm-none-eabi-10.3-2021.10/bin/../lib/gcc/arm-none-eabi/10.3.1/thumb/v7e-m+dp/hard/crtbegin.o
                [!provide]                        PROVIDE (__fini_array_end = .)
                0x0000000008001c44                . = ALIGN (0x4)
                0x0000000008001c44                _sidata = LOADADDR (.data)

.data           0x0000000020000000       0x70 load address 0x0000000008001c44
                0x0000000020000000                . = ALIGN (0x4)
                0x0000000020000000                _sdata = .
 *(.data)
 *(.data*)
 .data.SystemCoreClock
                0x0000000020000000        0x4 build/system_stm32h7xx.o
                0x0000000020000000                SystemCoreClock
 .data.SystemD2Clock
                0x0000000020000004        0x4 build/system_stm32h7xx.o
                0x0000000020000004                SystemD2Clock
 .data.UARTx    0x0000000020000008        0x4 build/main.o
                0x0000000020000008                UARTx
 .data._impure_ptr
                0x000000002000000c        0x4 /opt/gcc-arm-none-eabi-10.3-2021.10/bin/../lib/gcc/arm-none-eabi/10.3.1/../../../../arm-none-eabi/lib/thumb/v7e-m+dp/hard/libc_nano.a(lib_a-impure.o)
                0x000000002000000c                _impure_ptr
 .data.impure_data
                0x0000000020000010       0x60 /opt/gcc-arm-none-eabi-10.3-2021.10/bin/../lib/gcc/arm-none-eabi/10.3.1/../../../../arm-none-eabi/lib/thumb/v7e-m+dp/hard/libc_nano.a(lib_a-impure.o)
 *(.RamFunc)
 *(.RamFunc*)
                0x0000000020000070                . = ALIGN (0x4)
                0x0000000020000070                _edata = .

.igot.plt       0x0000000020000070        0x0 load address 0x0000000008001cb4
 .igot.plt      0x0000000020000070        0x0 /opt/gcc-arm-none-eabi-10.3-2021.10/bin/../lib/gcc/arm-none-eabi/10.3.1/thumb/v7e-m+dp/hard/crtbegin.o
                0x0000000020000070                . = ALIGN (0x4)

.bss            0x0000000020000070       0x34 load address 0x0000000008001cb4
                0x0000000020000070                _sbss = .
                0x0000000020000070                __bss_start__ = _sbss
 *(.bss)
 .bss           0x0000000020000070       0x1c /opt/gcc-arm-none-eabi-10.3-2021.10/bin/../lib/gcc/arm-none-eabi/10.3.1/thumb/v7e-m+dp/hard/crtbegin.o
 *(.bss*)
 .bss.__sbrk_heap_end
                0x000000002000008c        0x4 build/sysmem.o
 .bss.systick_ms
                0x0000000020000090        0x4 build/systick.o
                0x0000000020000090                systick_ms
 .bss.__lock___malloc_recursive_mutex
                0x0000000020000094        0x1 /opt/gcc-arm-none-eabi-10.3-2021.10/bin/../lib/gcc/arm-none-eabi/10.3.1/../../../../arm-none-eabi/lib/thumb/v7e-m+dp/hard/libc_nano.a(lib_a-lock.o)
                0x0000000020000094                __lock___malloc_recursive_mutex
 .bss.__lock___sfp_recursive_mutex
                0x0000000020000095        0x1 /opt/gcc-arm-none-eabi-10.3-2021.10/bin/../lib/gcc/arm-none-eabi/10.3.1/../../../../arm-none-eabi/lib/thumb/v7e-m+dp/hard/libc_nano.a(lib_a-lock.o)
                0x0000000020000095                __lock___sfp_recursive_mutex
 .bss.__lock___sinit_recursive_mutex
                0x0000000020000096        0x1 /opt/gcc-arm-none-eabi-10.3-2021.10/bin/../lib/gcc/arm-none-eabi/10.3.1/../../../../arm-none-eabi/lib/thumb/v7e-m+dp/hard/libc_nano.a(lib_a-lock.o)
                0x0000000020000096                __lock___sinit_recursive_mutex
 *fill*         0x0000000020000097        0x1 
 .bss.__malloc_free_list
                0x0000000020000098        0x4 /opt/gcc-arm-none-eabi-10.3-2021.10/bin/../lib/gcc/arm-none-eabi/10.3.1/../../../../arm-none-eabi/lib/thumb/v7e-m+dp/hard/libc_nano.a(lib_a-nano-mallocr.o)
                0x0000000020000098                __malloc_free_list
 .bss.__malloc_sbrk_start
                0x000000002000009c        0x4 /opt/gcc-arm-none-eabi-10.3-2021.10/bin/../lib/gcc/arm-none-eabi/10.3.1/../../../../arm-none-eabi/lib/thumb/v7e-m+dp/hard/libc_nano.a(lib_a-nano-mallocr.o)
                0x000000002000009c                __malloc_sbrk_start
 .bss.errno     0x00000000200000a0        0x4 /opt/gcc-arm-none-eabi-10.3-2021.10/bin/../lib/gcc/arm-none-eabi/10.3.1/../../../../arm-none-eabi/lib/thumb/v7e-m+dp/hard/libc_nano.a(lib_a-reent.o)
                0x00000000200000a0                errno
 *(COMMON)
                0x00000000200000a4                . = ALIGN (0x4)
                0x00000000200000a4                _ebss = .
                0x00000000200000a4                __bss_end__ = _ebss

._user_heap_stack
                0x00000000200000a4      0x604 load address 0x0000000008001cb4
                0x00000000200000a8                . = ALIGN (0x8)
 *fill*         0x00000000200000a4        0x4 
                [!provide]                        PROVIDE (end = .)
                0x00000000200000a8                PROVIDE (_end = .)
                0x00000000200002a8                . = (. + _Min_Heap_Size)
 *fill*         0x00000000200000a8      0x200 
                0x00000000200006a8                . = (. + _Min_Stack_Size)
 *fill*         0x00000000200002a8      0x400 
                0x00000000200006a8                . = ALIGN (0x8)

/DISCARD/
 libc.a(*)
 libm.a(*)
 libgcc.a(*)
OUTPUT(build/USART.elf elf32-littlearm)
LOAD linker stubs
LOAD /opt/gcc-arm-none-eabi-10.3-2021.10/bin/../lib/gcc/arm-none-eabi/10.3.1/../../../../arm-none-eabi/lib/thumb/v7e-m+dp/hard/libc.a
LOAD /opt/gcc-arm-none-eabi-10.3-2021.10/bin/../lib/gcc/arm-none-eabi/10.3.1/../../../../arm-none-eabi/lib/thumb/v7e-m+dp/hard/libm.a
LOAD /opt/gcc-arm-none-eabi-10.3-2021.10/bin/../lib/gcc/arm-none-eabi/10.3.1/thumb/v7e-m+dp/hard/libgcc.a

.ARM.attributes
                0x0000000000000000       0x2e
 .ARM.attributes
                0x0000000000000000       0x1e /opt/gcc-arm-none-eabi-10.3-2021.10/bin/../lib/gcc/arm-none-eabi/10.3.1/thumb/v7e-m+dp/hard/crti.o
 .ARM.attributes
                0x000000000000001e       0x32 /opt/gcc-arm-none-eabi-10.3-2021.10/bin/../lib/gcc/arm-none-eabi/10.3.1/thumb/v7e-m+dp/hard/crtbegin.o
 .ARM.attributes
                0x0000000000000050       0x21 build/startup_stm32h743xx.o
 .ARM.attributes
                0x0000000000000071       0x32 build/syscalls.o
 .ARM.attributes
                0x00000000000000a3       0x32 build/sysmem.o
 .ARM.attributes
                0x00000000000000d5       0x32 build/system_clock.o
 .ARM.attributes
                0x0000000000000107       0x32 build/system_stm32h7xx.o
 .ARM.attributes
                0x0000000000000139       0x32 build/main.o
 .ARM.attributes
                0x000000000000016b       0x32 build/systick.o
 .ARM.attributes
                0x000000000000019d       0x32 build/uart.o
 .ARM.attributes
                0x00000000000001cf       0x32 /opt/gcc-arm-none-eabi-10.3-2021.10/bin/../lib/gcc/arm-none-eabi/10.3.1/../../../../arm-none-eabi/lib/thumb/v7e-m+dp/hard/libc_nano.a(lib_a-errno.o)
 .ARM.attributes
                0x0000000000000201       0x32 /opt/gcc-arm-none-eabi-10.3-2021.10/bin/../lib/gcc/arm-none-eabi/10.3.1/../../../../arm-none-eabi/lib/thumb/v7e-m+dp/hard/libc_nano.a(lib_a-impure.o)
 .ARM.attributes
                0x0000000000000233       0x32 /opt/gcc-arm-none-eabi-10.3-2021.10/bin/../lib/gcc/arm-none-eabi/10.3.1/../../../../arm-none-eabi/lib/thumb/v7e-m+dp/hard/libc_nano.a(lib_a-init.o)
 .ARM.attributes
                0x0000000000000265       0x32 /opt/gcc-arm-none-eabi-10.3-2021.10/bin/../lib/gcc/arm-none-eabi/10.3.1/../../../../arm-none-eabi/lib/thumb/v7e-m+dp/hard/libc_nano.a(lib_a-memset.o)
 .ARM.attributes
                0x0000000000000297       0x32 /opt/gcc-arm-none-eabi-10.3-2021.10/bin/../lib/gcc/arm-none-eabi/10.3.1/../../../../arm-none-eabi/lib/thumb/v7e-m+dp/hard/libc_nano.a(lib_a-printf.o)
 .ARM.attributes
                0x00000000000002c9       0x32 /opt/gcc-arm-none-eabi-10.3-2021.10/bin/../lib/gcc/arm-none-eabi/10.3.1/../../../../arm-none-eabi/lib/thumb/v7e-m+dp/hard/libc_nano.a(lib_a-findfp.o)
 .ARM.attributes
                0x00000000000002fb       0x32 /opt/gcc-arm-none-eabi-10.3-2021.10/bin/../lib/gcc/arm-none-eabi/10.3.1/../../../../arm-none-eabi/lib/thumb/v7e-m+dp/hard/libc_nano.a(lib_a-fwalk.o)
 .ARM.attributes
                0x000000000000032d       0x32 /opt/gcc-arm-none-eabi-10.3-2021.10/bin/../lib/gcc/arm-none-eabi/10.3.1/../../../../arm-none-eabi/lib/thumb/v7e-m+dp/hard/libc_nano.a(lib_a-lock.o)
 .ARM.attributes
                0x000000000000035f       0x32 /opt/gcc-arm-none-eabi-10.3-2021.10/bin/../lib/gcc/arm-none-eabi/10.3.1/../../../../arm-none-eabi/lib/thumb/v7e-m+dp/hard/libc_nano.a(lib_a-nano-mallocr.o)
 .ARM.attributes
                0x0000000000000391       0x32 /opt/gcc-arm-none-eabi-10.3-2021.10/bin/../lib/gcc/arm-none-eabi/10.3.1/../../../../arm-none-eabi/lib/thumb/v7e-m+dp/hard/libc_nano.a(lib_a-nano-vfprintf.o)
 .ARM.attributes
                0x00000000000003c3       0x32 /opt/gcc-arm-none-eabi-10.3-2021.10/bin/../lib/gcc/arm-none-eabi/10.3.1/../../../../arm-none-eabi/lib/thumb/v7e-m+dp/hard/libc_nano.a(lib_a-nano-vfprintf_i.o)
 .ARM.attributes
                0x00000000000003f5       0x32 /opt/gcc-arm-none-eabi-10.3-2021.10/bin/../lib/gcc/arm-none-eabi/10.3.1/../../../../arm-none-eabi/lib/thumb/v7e-m+dp/hard/libc_nano.a(lib_a-sbrkr.o)
 .ARM.attributes
                0x0000000000000427       0x32 /opt/gcc-arm-none-eabi-10.3-2021.10/bin/../lib/gcc/arm-none-eabi/10.3.1/../../../../arm-none-eabi/lib/thumb/v7e-m+dp/hard/libc_nano.a(lib_a-stdio.o)
 .ARM.attributes
                0x0000000000000459       0x32 /opt/gcc-arm-none-eabi-10.3-2021.10/bin/../lib/gcc/arm-none-eabi/10.3.1/../../../../arm-none-eabi/lib/thumb/v7e-m+dp/hard/libc_nano.a(lib_a-wbuf.o)
 .ARM.attributes
                0x000000000000048b       0x32 /opt/gcc-arm-none-eabi-10.3-2021.10/bin/../lib/gcc/arm-none-eabi/10.3.1/../../../../arm-none-eabi/lib/thumb/v7e-m+dp/hard/libc_nano.a(lib_a-writer.o)
 .ARM.attributes
                0x00000000000004bd       0x32 /opt/gcc-arm-none-eabi-10.3-2021.10/bin/../lib/gcc/arm-none-eabi/10.3.1/../../../../arm-none-eabi/lib/thumb/v7e-m+dp/hard/libc_nano.a(lib_a-wsetup.o)
 .ARM.attributes
                0x00000000000004ef       0x32 /opt/gcc-arm-none-eabi-10.3-2021.10/bin/../lib/gcc/arm-none-eabi/10.3.1/../../../../arm-none-eabi/lib/thumb/v7e-m+dp/hard/libc_nano.a(lib_a-closer.o)
 .ARM.attributes
                0x0000000000000521       0x32 /opt/gcc-arm-none-eabi-10.3-2021.10/bin/../lib/gcc/arm-none-eabi/10.3.1/../../../../arm-none-eabi/lib/thumb/v7e-m+dp/hard/libc_nano.a(lib_a-fflush.o)
 .ARM.attributes
                0x0000000000000553       0x32 /opt/gcc-arm-none-eabi-10.3-2021.10/bin/../lib/gcc/arm-none-eabi/10.3.1/../../../../arm-none-eabi/lib/thumb/v7e-m+dp/hard/libc_nano.a(lib_a-lseekr.o)
 .ARM.attributes
                0x0000000000000585       0x32 /opt/gcc-arm-none-eabi-10.3-2021.10/bin/../lib/gcc/arm-none-eabi/10.3.1/../../../../arm-none-eabi/lib/thumb/v7e-m+dp/hard/libc_nano.a(lib_a-makebuf.o)
 .ARM.attributes
                0x00000000000005b7       0x1c /opt/gcc-arm-none-eabi-10.3-2021.10/bin/../lib/gcc/arm-none-eabi/10.3.1/../../../../arm-none-eabi/lib/thumb/v7e-m+dp/hard/libc_nano.a(lib_a-memchr.o)
 .ARM.attributes
                0x00000000000005d3       0x32 /opt/gcc-arm-none-eabi-10.3-2021.10/bin/../lib/gcc/arm-none-eabi/10.3.1/../../../../arm-none-eabi/lib/thumb/v7e-m+dp/hard/libc_nano.a(lib_a-mlock.o)
 .ARM.attributes
                0x0000000000000605       0x32 /opt/gcc-arm-none-eabi-10.3-2021.10/bin/../lib/gcc/arm-none-eabi/10.3.1/../../../../arm-none-eabi/lib/thumb/v7e-m+dp/hard/libc_nano.a(lib_a-nano-freer.o)
 .ARM.attributes
                0x0000000000000637       0x32 /opt/gcc-arm-none-eabi-10.3-2021.10/bin/../lib/gcc/arm-none-eabi/10.3.1/../../../../arm-none-eabi/lib/thumb/v7e-m+dp/hard/libc_nano.a(lib_a-readr.o)
 .ARM.attributes
                0x0000000000000669       0x32 /opt/gcc-arm-none-eabi-10.3-2021.10/bin/../lib/gcc/arm-none-eabi/10.3.1/../../../../arm-none-eabi/lib/thumb/v7e-m+dp/hard/libc_nano.a(lib_a-reent.o)
 .ARM.attributes
                0x000000000000069b       0x32 /opt/gcc-arm-none-eabi-10.3-2021.10/bin/../lib/gcc/arm-none-eabi/10.3.1/../../../../arm-none-eabi/lib/thumb/v7e-m+dp/hard/libc_nano.a(lib_a-fstatr.o)
 .ARM.attributes
                0x00000000000006cd       0x32 /opt/gcc-arm-none-eabi-10.3-2021.10/bin/../lib/gcc/arm-none-eabi/10.3.1/../../../../arm-none-eabi/lib/thumb/v7e-m+dp/hard/libc_nano.a(lib_a-isattyr.o)
 .ARM.attributes
                0x00000000000006ff       0x1e /opt/gcc-arm-none-eabi-10.3-2021.10/bin/../lib/gcc/arm-none-eabi/10.3.1/thumb/v7e-m+dp/hard/crtn.o

.comment        0x0000000000000000       0x49
 .comment       0x0000000000000000       0x49 build/syscalls.o
                                         0x4a (size before relaxing)
 .comment       0x0000000000000049       0x4a build/sysmem.o
 .comment       0x0000000000000049       0x4a build/system_clock.o
 .comment       0x0000000000000049       0x4a build/system_stm32h7xx.o
 .comment       0x0000000000000049       0x4a build/main.o
 .comment       0x0000000000000049       0x4a build/systick.o
 .comment       0x0000000000000049       0x4a build/uart.o

.debug_line     0x0000000000000000     0x1648
 .debug_line    0x0000000000000000       0x82 build/startup_stm32h743xx.o
 .debug_line    0x0000000000000082      0x411 build/syscalls.o
 .debug_line    0x0000000000000493      0x1a4 build/sysmem.o
 .debug_line    0x0000000000000637      0x35e build/system_clock.o
 .debug_line    0x0000000000000995      0x3eb build/system_stm32h7xx.o
 .debug_line    0x0000000000000d80      0x1c3 build/main.o
 .debug_line    0x0000000000000f43      0x197 build/systick.o
 .debug_line    0x00000000000010da      0x56e build/uart.o

.debug_info     0x0000000000000000     0x34cd
 .debug_info    0x0000000000000000       0x22 build/startup_stm32h743xx.o
 .debug_info    0x0000000000000022      0x7e2 build/syscalls.o
 .debug_info    0x0000000000000804      0x174 build/sysmem.o
 .debug_info    0x0000000000000978      0x9e1 build/system_clock.o
 .debug_info    0x0000000000001359      0xd43 build/system_stm32h7xx.o
 .debug_info    0x000000000000209c      0x721 build/main.o
 .debug_info    0x00000000000027bd      0x158 build/systick.o
 .debug_info    0x0000000000002915      0xbb8 build/uart.o

.debug_abbrev   0x0000000000000000      0x9c4
 .debug_abbrev  0x0000000000000000       0x12 build/startup_stm32h743xx.o
 .debug_abbrev  0x0000000000000012      0x1e4 build/syscalls.o
 .debug_abbrev  0x00000000000001f6       0xe7 build/sysmem.o
 .debug_abbrev  0x00000000000002dd      0x100 build/system_clock.o
 .debug_abbrev  0x00000000000003dd      0x164 build/system_stm32h7xx.o
 .debug_abbrev  0x0000000000000541      0x155 build/main.o
 .debug_abbrev  0x0000000000000696      0x108 build/systick.o
 .debug_abbrev  0x000000000000079e      0x226 build/uart.o

.debug_aranges  0x0000000000000000      0x228
 .debug_aranges
                0x0000000000000000       0x28 build/startup_stm32h743xx.o
 .debug_aranges
                0x0000000000000028       0xa8 build/syscalls.o
 .debug_aranges
                0x00000000000000d0       0x20 build/sysmem.o
 .debug_aranges
                0x00000000000000f0       0x20 build/system_clock.o
 .debug_aranges
                0x0000000000000110       0x30 build/system_stm32h7xx.o
 .debug_aranges
                0x0000000000000140       0x20 build/main.o
 .debug_aranges
                0x0000000000000160       0x30 build/systick.o
 .debug_aranges
                0x0000000000000190       0x98 build/uart.o

.debug_str      0x0000000000000000      0xc56
 .debug_str     0x0000000000000000       0x50 build/startup_stm32h743xx.o
 .debug_str     0x0000000000000050      0x331 build/syscalls.o
                                        0x3d7 (size before relaxing)
 .debug_str     0x0000000000000381       0x7e build/sysmem.o
                                        0x203 (size before relaxing)
 .debug_str     0x00000000000003ff      0x41b build/system_clock.o
                                        0x589 (size before relaxing)
 .debug_str     0x000000000000081a      0x226 build/system_stm32h7xx.o
                                        0x71c (size before relaxing)
 .debug_str     0x0000000000000a40       0xc8 build/main.o
                                        0x47e (size before relaxing)
 .debug_str     0x0000000000000b08       0x4c build/systick.o
                                        0x1d1 (size before relaxing)
 .debug_str     0x0000000000000b54      0x102 build/uart.o
                                        0x564 (size before relaxing)

.debug_ranges   0x0000000000000000      0x1f0
 .debug_ranges  0x0000000000000000       0x20 build/startup_stm32h743xx.o
 .debug_ranges  0x0000000000000020       0xb0 build/syscalls.o
 .debug_ranges  0x00000000000000d0       0x10 build/sysmem.o
 .debug_ranges  0x00000000000000e0       0x10 build/system_clock.o
 .debug_ranges  0x00000000000000f0       0x20 build/system_stm32h7xx.o
 .debug_ranges  0x0000000000000110       0x10 build/main.o
 .debug_ranges  0x0000000000000120       0x20 build/systick.o
 .debug_ranges  0x0000000000000140       0xb0 build/uart.o

.debug_loc      0x0000000000000000      0xa76
 .debug_loc     0x0000000000000000      0x45d build/syscalls.o
 .debug_loc     0x000000000000045d       0x47 build/sysmem.o
 .debug_loc     0x00000000000004a4      0x187 build/system_stm32h7xx.o
 .debug_loc     0x000000000000062b       0x15 build/main.o
 .debug_loc     0x0000000000000640       0x15 build/systick.o
 .debug_loc     0x0000000000000655      0x421 build/uart.o

.debug_frame    0x0000000000000000      0xbf0
 .debug_frame   0x0000000000000000      0x190 build/syscalls.o
 .debug_frame   0x0000000000000190       0x28 build/sysmem.o
 .debug_frame   0x00000000000001b8       0x20 build/system_clock.o
 .debug_frame   0x00000000000001d8       0x4c build/system_stm32h7xx.o
 .debug_frame   0x0000000000000224       0x2c build/main.o
 .debug_frame   0x0000000000000250       0x40 build/systick.o
 .debug_frame   0x0000000000000290      0x138 build/uart.o
 .debug_frame   0x00000000000003c8       0x20 /opt/gcc-arm-none-eabi-10.3-2021.10/bin/../lib/gcc/arm-none-eabi/10.3.1/../../../../arm-none-eabi/lib/thumb/v7e-m+dp/hard/libc_nano.a(lib_a-errno.o)
 .debug_frame   0x00000000000003e8       0x2c /opt/gcc-arm-none-eabi-10.3-2021.10/bin/../lib/gcc/arm-none-eabi/10.3.1/../../../../arm-none-eabi/lib/thumb/v7e-m+dp/hard/libc_nano.a(lib_a-init.o)
 .debug_frame   0x0000000000000414       0x20 /opt/gcc-arm-none-eabi-10.3-2021.10/bin/../lib/gcc/arm-none-eabi/10.3.1/../../../../arm-none-eabi/lib/thumb/v7e-m+dp/hard/libc_nano.a(lib_a-memset.o)
 .debug_frame   0x0000000000000434       0x74 /opt/gcc-arm-none-eabi-10.3-2021.10/bin/../lib/gcc/arm-none-eabi/10.3.1/../../../../arm-none-eabi/lib/thumb/v7e-m+dp/hard/libc_nano.a(lib_a-printf.o)
 .debug_frame   0x00000000000004a8      0x14c /opt/gcc-arm-none-eabi-10.3-2021.10/bin/../lib/gcc/arm-none-eabi/10.3.1/../../../../arm-none-eabi/lib/thumb/v7e-m+dp/hard/libc_nano.a(lib_a-findfp.o)
 .debug_frame   0x00000000000005f4       0x54 /opt/gcc-arm-none-eabi-10.3-2021.10/bin/../lib/gcc/arm-none-eabi/10.3.1/../../../../arm-none-eabi/lib/thumb/v7e-m+dp/hard/libc_nano.a(lib_a-fwalk.o)
 .debug_frame   0x0000000000000648       0xb0 /opt/gcc-arm-none-eabi-10.3-2021.10/bin/../lib/gcc/arm-none-eabi/10.3.1/../../../../arm-none-eabi/lib/thumb/v7e-m+dp/hard/libc_nano.a(lib_a-lock.o)
 .debug_frame   0x00000000000006f8       0x4c /opt/gcc-arm-none-eabi-10.3-2021.10/bin/../lib/gcc/arm-none-eabi/10.3.1/../../../../arm-none-eabi/lib/thumb/v7e-m+dp/hard/libc_nano.a(lib_a-nano-mallocr.o)
 .debug_frame   0x0000000000000744       0xac /opt/gcc-arm-none-eabi-10.3-2021.10/bin/../lib/gcc/arm-none-eabi/10.3.1/../../../../arm-none-eabi/lib/thumb/v7e-m+dp/hard/libc_nano.a(lib_a-nano-vfprintf.o)
 .debug_frame   0x00000000000007f0       0x60 /opt/gcc-arm-none-eabi-10.3-2021.10/bin/../lib/gcc/arm-none-eabi/10.3.1/../../../../arm-none-eabi/lib/thumb/v7e-m+dp/hard/libc_nano.a(lib_a-nano-vfprintf_i.o)
 .debug_frame   0x0000000000000850       0x2c /opt/gcc-arm-none-eabi-10.3-2021.10/bin/../lib/gcc/arm-none-eabi/10.3.1/../../../../arm-none-eabi/lib/thumb/v7e-m+dp/hard/libc_nano.a(lib_a-sbrkr.o)
 .debug_frame   0x000000000000087c       0x88 /opt/gcc-arm-none-eabi-10.3-2021.10/bin/../lib/gcc/arm-none-eabi/10.3.1/../../../../arm-none-eabi/lib/thumb/v7e-m+dp/hard/libc_nano.a(lib_a-stdio.o)
 .debug_frame   0x0000000000000904       0x40 /opt/gcc-arm-none-eabi-10.3-2021.10/bin/../lib/gcc/arm-none-eabi/10.3.1/../../../../arm-none-eabi/lib/thumb/v7e-m+dp/hard/libc_nano.a(lib_a-wbuf.o)
 .debug_frame   0x0000000000000944       0x2c /opt/gcc-arm-none-eabi-10.3-2021.10/bin/../lib/gcc/arm-none-eabi/10.3.1/../../../../arm-none-eabi/lib/thumb/v7e-m+dp/hard/libc_nano.a(lib_a-writer.o)
 .debug_frame   0x0000000000000970       0x2c /opt/gcc-arm-none-eabi-10.3-2021.10/bin/../lib/gcc/arm-none-eabi/10.3.1/../../../../arm-none-eabi/lib/thumb/v7e-m+dp/hard/libc_nano.a(lib_a-wsetup.o)
 .debug_frame   0x000000000000099c       0x2c /opt/gcc-arm-none-eabi-10.3-2021.10/bin/../lib/gcc/arm-none-eabi/10.3.1/../../../../arm-none-eabi/lib/thumb/v7e-m+dp/hard/libc_nano.a(lib_a-closer.o)
 .debug_frame   0x00000000000009c8       0x5c /opt/gcc-arm-none-eabi-10.3-2021.10/bin/../lib/gcc/arm-none-eabi/10.3.1/../../../../arm-none-eabi/lib/thumb/v7e-m+dp/hard/libc_nano.a(lib_a-fflush.o)
 .debug_frame   0x0000000000000a24       0x2c /opt/gcc-arm-none-eabi-10.3-2021.10/bin/../lib/gcc/arm-none-eabi/10.3.1/../../../../arm-none-eabi/lib/thumb/v7e-m+dp/hard/libc_nano.a(lib_a-lseekr.o)
 .debug_frame   0x0000000000000a50       0x58 /opt/gcc-arm-none-eabi-10.3-2021.10/bin/../lib/gcc/arm-none-eabi/10.3.1/../../../../arm-none-eabi/lib/thumb/v7e-m+dp/hard/libc_nano.a(lib_a-makebuf.o)
 .debug_frame   0x0000000000000aa8       0x30 /opt/gcc-arm-none-eabi-10.3-2021.10/bin/../lib/gcc/arm-none-eabi/10.3.1/../../../../arm-none-eabi/lib/thumb/v7e-m+dp/hard/libc_nano.a(lib_a-mlock.o)
 .debug_frame   0x0000000000000ad8       0x38 /opt/gcc-arm-none-eabi-10.3-2021.10/bin/../lib/gcc/arm-none-eabi/10.3.1/../../../../arm-none-eabi/lib/thumb/v7e-m+dp/hard/libc_nano.a(lib_a-nano-freer.o)
 .debug_frame   0x0000000000000b10       0x2c /opt/gcc-arm-none-eabi-10.3-2021.10/bin/../lib/gcc/arm-none-eabi/10.3.1/../../../../arm-none-eabi/lib/thumb/v7e-m+dp/hard/libc_nano.a(lib_a-readr.o)
 .debug_frame   0x0000000000000b3c       0x5c /opt/gcc-arm-none-eabi-10.3-2021.10/bin/../lib/gcc/arm-none-eabi/10.3.1/../../../../arm-none-eabi/lib/thumb/v7e-m+dp/hard/libc_nano.a(lib_a-reent.o)
 .debug_frame   0x0000000000000b98       0x2c /opt/gcc-arm-none-eabi-10.3-2021.10/bin/../lib/gcc/arm-none-eabi/10.3.1/../../../../arm-none-eabi/lib/thumb/v7e-m+dp/hard/libc_nano.a(lib_a-fstatr.o)
 .debug_frame   0x0000000000000bc4       0x2c /opt/gcc-arm-none-eabi-10.3-2021.10/bin/../lib/gcc/arm-none-eabi/10.3.1/../../../../arm-none-eabi/lib/thumb/v7e-m+dp/hard/libc_nano.a(lib_a-isattyr.o)
