Archive member included to satisfy reference by file (symbol)

/opt/st/stm32cubeclt_1.19.0/GNU-tools-for-STM32/bin/../lib/gcc/arm-none-eabi/13.3.1/../../../../arm-none-eabi/lib/thumb/v7e-m+dp/hard/libc_nano.a(libc_a-exit.o)
                              /opt/st/stm32cubeclt_1.19.0/GNU-tools-for-STM32/bin/../lib/gcc/arm-none-eabi/13.3.1/../../../../arm-none-eabi/lib/thumb/v7e-m+dp/hard/crt0.o (exit)
/opt/st/stm32cubeclt_1.19.0/GNU-tools-for-STM32/bin/../lib/gcc/arm-none-eabi/13.3.1/../../../../arm-none-eabi/lib/thumb/v7e-m+dp/hard/libc_nano.a(libc_a-findfp.o)
                              /opt/st/stm32cubeclt_1.19.0/GNU-tools-for-STM32/bin/../lib/gcc/arm-none-eabi/13.3.1/../../../../arm-none-eabi/lib/thumb/v7e-m+dp/hard/libc_nano.a(libc_a-exit.o) (__stdio_exit_handler)
/opt/st/stm32cubeclt_1.19.0/GNU-tools-for-STM32/bin/../lib/gcc/arm-none-eabi/13.3.1/../../../../arm-none-eabi/lib/thumb/v7e-m+dp/hard/libc_nano.a(libc_a-fwalk.o)
                              /opt/st/stm32cubeclt_1.19.0/GNU-tools-for-STM32/bin/../lib/gcc/arm-none-eabi/13.3.1/../../../../arm-none-eabi/lib/thumb/v7e-m+dp/hard/libc_nano.a(libc_a-findfp.o) (_fwalk_sglue)
/opt/st/stm32cubeclt_1.19.0/GNU-tools-for-STM32/bin/../lib/gcc/arm-none-eabi/13.3.1/../../../../arm-none-eabi/lib/thumb/v7e-m+dp/hard/libc_nano.a(libc_a-printf.o)
                              build/main.o (printf)
/opt/st/stm32cubeclt_1.19.0/GNU-tools-for-STM32/bin/../lib/gcc/arm-none-eabi/13.3.1/../../../../arm-none-eabi/lib/thumb/v7e-m+dp/hard/libc_nano.a(libc_a-stdio.o)
                              /opt/st/stm32cubeclt_1.19.0/GNU-tools-for-STM32/bin/../lib/gcc/arm-none-eabi/13.3.1/../../../../arm-none-eabi/lib/thumb/v7e-m+dp/hard/libc_nano.a(libc_a-findfp.o) (__sread)
/opt/st/stm32cubeclt_1.19.0/GNU-tools-for-STM32/bin/../lib/gcc/arm-none-eabi/13.3.1/../../../../arm-none-eabi/lib/thumb/v7e-m+dp/hard/libc_nano.a(libc_a-memset.o)
                              /opt/st/stm32cubeclt_1.19.0/GNU-tools-for-STM32/bin/../lib/gcc/arm-none-eabi/13.3.1/../../../../arm-none-eabi/lib/thumb/v7e-m+dp/hard/crt0.o (memset)
/opt/st/stm32cubeclt_1.19.0/GNU-tools-for-STM32/bin/../lib/gcc/arm-none-eabi/13.3.1/../../../../arm-none-eabi/lib/thumb/v7e-m+dp/hard/libc_nano.a(libc_a-closer.o)
                              /opt/st/stm32cubeclt_1.19.0/GNU-tools-for-STM32/bin/../lib/gcc/arm-none-eabi/13.3.1/../../../../arm-none-eabi/lib/thumb/v7e-m+dp/hard/libc_nano.a(libc_a-stdio.o) (_close_r)
/opt/st/stm32cubeclt_1.19.0/GNU-tools-for-STM32/bin/../lib/gcc/arm-none-eabi/13.3.1/../../../../arm-none-eabi/lib/thumb/v7e-m+dp/hard/libc_nano.a(libc_a-reent.o)
                              /opt/st/stm32cubeclt_1.19.0/GNU-tools-for-STM32/bin/../lib/gcc/arm-none-eabi/13.3.1/../../../../arm-none-eabi/lib/thumb/v7e-m+dp/hard/libc_nano.a(libc_a-closer.o) (errno)
/opt/st/stm32cubeclt_1.19.0/GNU-tools-for-STM32/bin/../lib/gcc/arm-none-eabi/13.3.1/../../../../arm-none-eabi/lib/thumb/v7e-m+dp/hard/libc_nano.a(libc_a-impure.o)
                              /opt/st/stm32cubeclt_1.19.0/GNU-tools-for-STM32/bin/../lib/gcc/arm-none-eabi/13.3.1/../../../../arm-none-eabi/lib/thumb/v7e-m+dp/hard/libc_nano.a(libc_a-printf.o) (_impure_ptr)
/opt/st/stm32cubeclt_1.19.0/GNU-tools-for-STM32/bin/../lib/gcc/arm-none-eabi/13.3.1/../../../../arm-none-eabi/lib/thumb/v7e-m+dp/hard/libc_nano.a(libc_a-lseekr.o)
                              /opt/st/stm32cubeclt_1.19.0/GNU-tools-for-STM32/bin/../lib/gcc/arm-none-eabi/13.3.1/../../../../arm-none-eabi/lib/thumb/v7e-m+dp/hard/libc_nano.a(libc_a-stdio.o) (_lseek_r)
/opt/st/stm32cubeclt_1.19.0/GNU-tools-for-STM32/bin/../lib/gcc/arm-none-eabi/13.3.1/../../../../arm-none-eabi/lib/thumb/v7e-m+dp/hard/libc_nano.a(libc_a-readr.o)
                              /opt/st/stm32cubeclt_1.19.0/GNU-tools-for-STM32/bin/../lib/gcc/arm-none-eabi/13.3.1/../../../../arm-none-eabi/lib/thumb/v7e-m+dp/hard/libc_nano.a(libc_a-stdio.o) (_read_r)
/opt/st/stm32cubeclt_1.19.0/GNU-tools-for-STM32/bin/../lib/gcc/arm-none-eabi/13.3.1/../../../../arm-none-eabi/lib/thumb/v7e-m+dp/hard/libc_nano.a(libc_a-writer.o)
                              /opt/st/stm32cubeclt_1.19.0/GNU-tools-for-STM32/bin/../lib/gcc/arm-none-eabi/13.3.1/../../../../arm-none-eabi/lib/thumb/v7e-m+dp/hard/libc_nano.a(libc_a-stdio.o) (_write_r)
/opt/st/stm32cubeclt_1.19.0/GNU-tools-for-STM32/bin/../lib/gcc/arm-none-eabi/13.3.1/../../../../arm-none-eabi/lib/thumb/v7e-m+dp/hard/libc_nano.a(libc_a-errno.o)
                              build/syscalls.o (__errno)
/opt/st/stm32cubeclt_1.19.0/GNU-tools-for-STM32/bin/../lib/gcc/arm-none-eabi/13.3.1/../../../../arm-none-eabi/lib/thumb/v7e-m+dp/hard/libc_nano.a(libc_a-init.o)
                              /opt/st/stm32cubeclt_1.19.0/GNU-tools-for-STM32/bin/../lib/gcc/arm-none-eabi/13.3.1/../../../../arm-none-eabi/lib/thumb/v7e-m+dp/hard/crt0.o (__libc_init_array)
/opt/st/stm32cubeclt_1.19.0/GNU-tools-for-STM32/bin/../lib/gcc/arm-none-eabi/13.3.1/../../../../arm-none-eabi/lib/thumb/v7e-m+dp/hard/libc_nano.a(libc_a-lock.o)
[...]
Memory Configuration

Name             Origin             Length             Attributes
DTCMRAM          0x20000000         0x00020000         xrw
RAM              0x24000000         0x00080000         xrw
RAM_D2           0x30000000         0x00048000         xrw
RAM_D3           0x38000000         0x00010000         xrw
ITCMRAM          0x00000000         0x00010000         xrw
FLASH            0x08000000         0x00200000         xr
*default*        0x00000000         0xffffffff

Linker script and memory map

LOAD /opt/st/stm32cubeclt_1.19.0/GNU-tools-for-STM32/bin/../lib/gcc/arm-none-eabi/13.3.1/thumb/v7e-m+dp/hard/crti.o
LOAD /opt/st/stm32cubeclt_1.19.0/GNU-tools-for-STM32/bin/../lib/gcc/arm-none-eabi/13.3.1/thumb/v7e-m+dp/hard/crtbegin.o
LOAD /opt/st/stm32cubeclt_1.19.0/GNU-tools-for-STM32/bin/../lib/gcc/arm-none-eabi/13.3.1/../../../../arm-none-eabi/lib/thumb/v7e-m+dp/hard/crt0.o
LOAD build/startup_stm32h743xx.o
LOAD build/syscalls.o
LOAD build/system_clock.o
LOAD build/system_stm32h7xx.o
LOAD build/sysmem.o
LOAD build/main.o
LOAD build/systick.o
LOAD build/uart.o
START GROUP
LOAD /opt/st/stm32cubeclt_1.19.0/GNU-tools-for-STM32/bin/../lib/gcc/arm-none-eabi/13.3.1/../../../../arm-none-eabi/lib/thumb/v7e-m+dp/hard/libnosys.a
LOAD /opt/st/stm32cubeclt_1.19.0/GNU-tools-for-STM32/bin/../lib/gcc/arm-none-eabi/13.3.1/../../../../arm-none-eabi/lib/thumb/v7e-m+dp/hard/libm.a
END GROUP
START GROUP
LOAD /opt/st/stm32cubeclt_1.19.0/GNU-tools-for-STM32/bin/../lib/gcc/arm-none-eabi/13.3.1/thumb/v7e-m+dp/hard/libgcc.a
LOAD /opt/st/stm32cubeclt_1.19.0/GNU-tools-for-STM32/bin/../lib/gcc/arm-none-eabi/13.3.1/../../../../arm-none-eabi/lib/thumb/v7e-m+dp/hard/libc_nano.a
END GROUP
START GROUP
LOAD /opt/st/stm32cubeclt_1.19.0/GNU-tools-for-STM32/bin/../lib/gcc/arm-none-eabi/13.3.1/thumb/v7e-m+dp/hard/libgcc.a
LOAD /opt/st/stm32cubeclt_1.19.0/GNU-tools-for-STM32/bin/../lib/gcc/arm-none-eabi/13.3.1/../../../../arm-none-eabi/lib/thumb/v7e-m+dp/hard/libc_nano.a
END GROUP
LOAD /opt/st/stm32cubeclt_1.19.0/GNU-tools-for-STM32/bin/../lib/gcc/arm-none-eabi/13.3.1/thumb/v7e-m+dp/hard/crtend.o
LOAD /opt/st/stm32cubeclt_1.19.0/GNU-tools-for-STM32/bin/../lib/gcc/arm-none-eabi/13.3.1/thumb/v7e-m+dp/hard/crtn.o
                0x20020000                        _estack = (ORIGIN (DTCMRAM) + LENGTH (DTCMRAM))
                0x00000200                        _Min_Heap_Size = 0x200
                0x00000400                        _Min_Stack_Size = 0x400

.isr_vector     0x08000000      0x298
                0x08000000                        . = ALIGN (0x4)
 *(.isr_vector)
 .isr_vector    0x08000000      0x298 build/startup_stm32h743xx.o
                0x08000000                g_pfnVectors
                0x08000298                        . = ALIGN (0x4)

.text           0x080002a0     0x1688
                0x080002a0                        . = ALIGN (0x4)
 *(.text)
 .text          0x080002a0       0x40 /opt/st/stm32cubeclt_1.19.0/GNU-tools-for-STM32/bin/../lib/gcc/arm-none-eabi/13.3.1/thumb/v7e-m+dp/hard/crtbegin.o
 .text          0x080002e0       0xa0 /opt/st/stm32cubeclt_1.19.0/GNU-tools-for-STM32/bin/../lib/gcc/arm-none-eabi/13.3.1/../../../../arm-none-eabi/lib/thumb/v7e-m+dp/hard/libc_nano.a(libc_a-memchr.o)
                0x080002e0                memchr
 *(.text*)
 .text.Reset_Handler
                0x08000380       0x54 build/startup_stm32h743xx.o
                0x08000380                Reset_Handler
 .text.Default_Handler
                0x080003d4        0x2 build/startup_stm32h743xx.o
                0x080003d4                RTC_Alarm_IRQHandler
                0x080003d4                EXTI2_IRQHandler
                0x080003d4                TIM8_CC_IRQHandler
                0x080003d4                HRTIM1_Master_IRQHandler
                0x080003d4                DebugMon_Handler
                0x080003d4                UART8_IRQHandler
                0x080003d4                SPI4_IRQHandler
                0x080003d4                TIM1_CC_IRQHandler
                0x080003d4                BDMA_Channel6_IRQHandler
                0x080003d4                DMA2_Stream5_IRQHandler
                0x080003d4                HardFault_Handler
                0x080003d4                HRTIM1_FLT_IRQHandler
                0x080003d4                JPEG_IRQHandler
                0x080003d4                DMA1_Stream5_IRQHandler
                0x080003d4                BDMA_Channel1_IRQHandler
                0x080003d4                HRTIM1_TIMD_IRQHandler
                0x080003d4                TAMP_STAMP_IRQHandler
                0x080003d4                PendSV_Handler
                0x080003d4                NMI_Handler
                0x080003d4                EXTI3_IRQHandler
                0x080003d4                LPTIM4_IRQHandler
                0x080003d4                TIM8_TRG_COM_TIM14_IRQHandler
                0x080003d4                LPTIM2_IRQHandler
                0x080003d4                DFSDM1_FLT1_IRQHandler
                0x080003d4                DMAMUX2_OVR_IRQHandler
                0x080003d4                TIM8_UP_TIM13_IRQHandler
                0x080003d4                I2C3_ER_IRQHandler
                0x080003d4                DFSDM1_FLT2_IRQHandler
                0x080003d4                MDMA_IRQHandler
                0x080003d4                LPTIM3_IRQHandler
                0x080003d4                HSEM1_IRQHandler
                0x080003d4                EXTI0_IRQHandler
                0x080003d4                I2C2_EV_IRQHandler
                0x080003d4                DMA1_Stream2_IRQHandler
                0x080003d4                FPU_IRQHandler
                0x080003d4                OTG_HS_WKUP_IRQHandler
                0x080003d4                FDCAN1_IT1_IRQHandler
                0x080003d4                UsageFault_Handler
                0x080003d4                LTDC_ER_IRQHandler
                0x080003d4                DMA2_Stream2_IRQHandler
                0x080003d4                HRTIM1_TIME_IRQHandler
                0x080003d4                SPI1_IRQHandler
                0x080003d4                TIM6_DAC_IRQHandler
                0x080003d4                DCMI_IRQHandler
                0x080003d4                HRTIM1_TIMC_IRQHandler
                0x080003d4                DMA2_Stream3_IRQHandler
                0x080003d4                SAI2_IRQHandler
                0x080003d4                DFSDM1_FLT3_IRQHandler
                0x080003d4                USART6_IRQHandler
                0x080003d4                TIM17_IRQHandler
                0x080003d4                USART3_IRQHandler
                0x080003d4                BDMA_Channel7_IRQHandler
                0x080003d4                LPTIM5_IRQHandler
                0x080003d4                UART5_IRQHandler
                0x080003d4                ADC3_IRQHandler
                0x080003d4                DMA2_Stream0_IRQHandler
                0x080003d4                TIM4_IRQHandler
                0x080003d4                BDMA_Channel2_IRQHandler
                0x080003d4                QUADSPI_IRQHandler
                0x080003d4                I2C1_EV_IRQHandler
                0x080003d4                DMA1_Stream6_IRQHandler
                0x080003d4                DMAMUX1_OVR_IRQHandler
                0x080003d4                DMA1_Stream1_IRQHandler
                0x080003d4                TIM16_IRQHandler
                0x080003d4                UART4_IRQHandler
                0x080003d4                BDMA_Channel5_IRQHandler
                0x080003d4                TIM3_IRQHandler
                0x080003d4                RCC_IRQHandler
                0x080003d4                TIM8_BRK_TIM12_IRQHandler
                0x080003d4                TIM1_TRG_COM_IRQHandler
                0x080003d4                Default_Handler
                0x080003d4                ECC_IRQHandler
                0x080003d4                CEC_IRQHandler
                0x080003d4                EXTI15_10_IRQHandler
                0x080003d4                BDMA_Channel0_IRQHandler
                0x080003d4                ADC_IRQHandler
                0x080003d4                DMA1_Stream7_IRQHandler
                0x080003d4                HRTIM1_TIMA_IRQHandler
                0x080003d4                SPI5_IRQHandler
                0x080003d4                TIM7_IRQHandler
                0x080003d4                SDMMC1_IRQHandler
                0x080003d4                TIM5_IRQHandler
                0x080003d4                DMA2_Stream7_IRQHandler
                0x080003d4                TIM15_IRQHandler
                0x080003d4                PVD_AVD_IRQHandler
                0x080003d4                I2C3_EV_IRQHandler
                0x080003d4                EXTI9_5_IRQHandler
                0x080003d4                RTC_WKUP_IRQHandler
                0x080003d4                LTDC_IRQHandler
                0x080003d4                SAI3_IRQHandler
                0x080003d4                ETH_WKUP_IRQHandler
                0x080003d4                SPDIF_RX_IRQHandler
                0x080003d4                SPI2_IRQHandler
                0x080003d4                OTG_HS_EP1_IN_IRQHandler
                0x080003d4                MemManage_Handler
                0x080003d4                DMA1_Stream0_IRQHandler
                0x080003d4                SVC_Handler
                0x080003d4                CRS_IRQHandler
                0x080003d4                EXTI4_IRQHandler
                0x080003d4                RNG_IRQHandler
                0x080003d4                HRTIM1_TIMB_IRQHandler
                0x080003d4                FDCAN2_IT1_IRQHandler
                0x080003d4                ETH_IRQHandler
                0x080003d4                TIM1_UP_IRQHandler
                0x080003d4                BDMA_Channel4_IRQHandler
                0x080003d4                OTG_HS_EP1_OUT_IRQHandler
                0x080003d4                WWDG_IRQHandler
                0x080003d4                SPI6_IRQHandler
                0x080003d4                MDIOS_IRQHandler
                0x080003d4                I2C4_EV_IRQHandler
                0x080003d4                FDCAN2_IT0_IRQHandler
                0x080003d4                LPUART1_IRQHandler
                0x080003d4                FDCAN1_IT0_IRQHandler
                0x080003d4                TIM2_IRQHandler
                0x080003d4                OTG_FS_WKUP_IRQHandler
                0x080003d4                OTG_HS_IRQHandler
                0x080003d4                DMA2D_IRQHandler
                0x080003d4                TIM1_BRK_IRQHandler
                0x080003d4                EXTI1_IRQHandler
                0x080003d4                SDMMC2_IRQHandler
                0x080003d4                OTG_FS_EP1_OUT_IRQHandler
                0x080003d4                BDMA_Channel3_IRQHandler
                0x080003d4                UART7_IRQHandler
                0x080003d4                MDIOS_WKUP_IRQHandler
                0x080003d4                USART2_IRQHandler
                0x080003d4                DFSDM1_FLT0_IRQHandler
                0x080003d4                SAI4_IRQHandler
                0x080003d4                I2C2_ER_IRQHandler
                0x080003d4                DMA2_Stream1_IRQHandler
                0x080003d4                FLASH_IRQHandler
                0x080003d4                DMA2_Stream4_IRQHandler
                0x080003d4                BusFault_Handler
                0x080003d4                USART1_IRQHandler
                0x080003d4                OTG_FS_IRQHandler
                0x080003d4                SPI3_IRQHandler
                0x080003d4                WAKEUP_PIN_IRQHandler
                0x080003d4                DMA1_Stream4_IRQHandler
                0x080003d4                OTG_FS_EP1_IN_IRQHandler
                0x080003d4                I2C1_ER_IRQHandler
                0x080003d4                FMC_IRQHandler
                0x080003d4                FDCAN_CAL_IRQHandler
                0x080003d4                SWPMI1_IRQHandler
                0x080003d4                COMP1_IRQHandler
                0x080003d4                LPTIM1_IRQHandler
                0x080003d4                I2C4_ER_IRQHandler
                0x080003d4                DMA2_Stream6_IRQHandler
                0x080003d4                SAI1_IRQHandler
                0x080003d4                DMA1_Stream3_IRQHandler
 .text._read    0x080003d6       0x1c build/syscalls.o
                0x080003d6                _read
 .text._write   0x080003f2       0x1c build/syscalls.o
                0x080003f2                _write
 .text._close   0x0800040e        0x6 build/syscalls.o
                0x0800040e                _close
 .text._fstat   0x08000414        0xa build/syscalls.o
                0x08000414                _fstat
 .text._isatty  0x0800041e        0x4 build/syscalls.o
                0x0800041e                _isatty
 .text._lseek   0x08000422        0x4 build/syscalls.o
                0x08000422                _lseek
 *fill*         0x08000426        0x2 
 .text.SystemClock_Config
                0x08000428      0x138 build/system_clock.o
                0x08000428                SystemClock_Config
 .text.SystemInit
                0x08000560       0xe4 build/system_stm32h7xx.o
                0x08000560                SystemInit
 .text.SystemCoreClockUpdate
                0x08000644      0x144 build/system_stm32h7xx.o
                0x08000644                SystemCoreClockUpdate
 .text.ExitRun0Mode
                0x08000788        0x2 build/system_stm32h7xx.o
                0x08000788                ExitRun0Mode
 *fill*         0x0800078a        0x2 
 .text._sbrk    0x0800078c       0x40 build/sysmem.o
                0x0800078c                _sbrk
 .text.startup.main
                0x080007cc       0x88 build/main.o
                0x080007cc                main
 .text.SysTick_Handler
                0x08000854       0x10 build/systick.o
                0x08000854                SysTick_Handler
 .text.SysTick_Init
                0x08000864       0x14 build/systick.o
                0x08000864                SysTick_Init
 .text.delay_ms
                0x08000878       0x14 build/systick.o
                0x08000878                delay_ms
 .text.uart_pin_setup
                0x0800088c       0xf4 build/uart.o
 .text.UART_GetPCLK
                0x08000980       0x70 build/uart.o
                0x08000980                UART_GetPCLK
 .text.UART_Init
                0x080009f0       0x7c build/uart.o
                0x080009f0                UART_Init
 .text.UART_SendChar
                0x08000a6c        0xa build/uart.o
                0x08000a6c                UART_SendChar
 *fill*         0x08000a76        0x2 
 .text.__io_putchar
                0x08000a78       0x14 build/uart.o
                0x08000a78                __io_putchar
 .text.UART_SendString
                0x08000a8c       0x12 build/uart.o
                0x08000a8c                UART_SendString
 .text.UART_ReadChar
                0x08000a9e        0xc build/uart.o
                0x08000a9e                UART_ReadChar
 .text.UART_Available
                0x08000aaa        0x8 build/uart.o
                0x08000aaa                UART_Available
 *fill*         0x08000ab2        0x2 
 .text.std      0x08000ab4       0x6c /opt/st/stm32cubeclt_1.19.0/GNU-tools-for-STM32/bin/../lib/gcc/arm-none-eabi/13.3.1/../../../../arm-none-eabi/lib/thumb/v7e-m+dp/hard/libc_nano.a(libc_a-findfp.o)
 .text.stdio_exit_handler
                0x08000b20       0x18 /opt/st/stm32cubeclt_1.19.0/GNU-tools-for-STM32/bin/../lib/gcc/arm-none-eabi/13.3.1/../../../../arm-none-eabi/lib/thumb/v7e-m+dp/hard/libc_nano.a(libc_a-findfp.o)
 .text.cleanup_stdio
                0x08000b38       0x40 /opt/st/stm32cubeclt_1.19.0/GNU-tools-for-STM32/bin/../lib/gcc/arm-none-eabi/13.3.1/../../../../arm-none-eabi/lib/thumb/v7e-m+dp/hard/libc_nano.a(libc_a-findfp.o)
 .text.global_stdio_init.part.0
                0x08000b78       0x3c /opt/st/stm32cubeclt_1.19.0/GNU-tools-for-STM32/bin/../lib/gcc/arm-none-eabi/13.3.1/../../../../arm-none-eabi/lib/thumb/v7e-m+dp/hard/libc_nano.a(libc_a-findfp.o)
 .text.__sfp_lock_acquire
                0x08000bb4        0xc /opt/st/stm32cubeclt_1.19.0/GNU-tools-for-STM32/bin/../lib/gcc/arm-none-eabi/13.3.1/../../../../arm-none-eabi/lib/thumb/v7e-m+dp/hard/libc_nano.a(libc_a-findfp.o)
                0x08000bb4                __sfp_lock_acquire
 .text.__sfp_lock_release
                0x08000bc0        0xc /opt/st/stm32cubeclt_1.19.0/GNU-tools-for-STM32/bin/../lib/gcc/arm-none-eabi/13.3.1/../../../../arm-none-eabi/lib/thumb/v7e-m+dp/hard/libc_nano.a(libc_a-findfp.o)
                0x08000bc0                __sfp_lock_release
 .text.__sinit  0x08000bcc       0x30 /opt/st/stm32cubeclt_1.19.0/GNU-tools-for-STM32/bin/../lib/gcc/arm-none-eabi/13.3.1/../../../../arm-none-eabi/lib/thumb/v7e-m+dp/hard/libc_nano.a(libc_a-findfp.o)
                0x08000bcc                __sinit
 .text._fwalk_sglue
                0x08000bfc       0x3c /opt/st/stm32cubeclt_1.19.0/GNU-tools-for-STM32/bin/../lib/gcc/arm-none-eabi/13.3.1/../../../../arm-none-eabi/lib/thumb/v7e-m+dp/hard/libc_nano.a(libc_a-fwalk.o)
                0x08000bfc                _fwalk_sglue
 .text.printf   0x08000c38       0x24 /opt/st/stm32cubeclt_1.19.0/GNU-tools-for-STM32/bin/../lib/gcc/arm-none-eabi/13.3.1/../../../../arm-none-eabi/lib/thumb/v7e-m+dp/hard/libc_nano.a(libc_a-printf.o)
                0x08000c38                printf
                0x08000c38                iprintf
 .text.__sread  0x08000c5c       0x22 /opt/st/stm32cubeclt_1.19.0/GNU-tools-for-STM32/bin/../lib/gcc/arm-none-eabi/13.3.1/../../../../arm-none-eabi/lib/thumb/v7e-m+dp/hard/libc_nano.a(libc_a-stdio.o)
                0x08000c5c                __sread
 .text.__swrite
                0x08000c7e       0x38 /opt/st/stm32cubeclt_1.19.0/GNU-tools-for-STM32/bin/../lib/gcc/arm-none-eabi/13.3.1/../../../../arm-none-eabi/lib/thumb/v7e-m+dp/hard/libc_nano.a(libc_a-stdio.o)
                0x08000c7e                __swrite
 .text.__sseek  0x08000cb6       0x24 /opt/st/stm32cubeclt_1.19.0/GNU-tools-for-STM32/bin/../lib/gcc/arm-none-eabi/13.3.1/../../../../arm-none-eabi/lib/thumb/v7e-m+dp/hard/libc_nano.a(libc_a-stdio.o)
                0x08000cb6                __sseek
 .text.__sclose
                0x08000cda        0x8 /opt/st/stm32cubeclt_1.19.0/GNU-tools-for-STM32/bin/../lib/gcc/arm-none-eabi/13.3.1/../../../../arm-none-eabi/lib/thumb/v7e-m+dp/hard/libc_nano.a(libc_a-stdio.o)
                0x08000cda                __sclose
 .text.memset   0x08000ce2       0x10 /opt/st/stm32cubeclt_1.19.0/GNU-tools-for-STM32/bin/../lib/gcc/arm-none-eabi/13.3.1/../../../../arm-none-eabi/lib/thumb/v7e-m+dp/hard/libc_nano.a(libc_a-memset.o)
                0x08000ce2                memset
 *fill*         0x08000cf2        0x2 
 .text._close_r
                0x08000cf4       0x20 /opt/st/stm32cubeclt_1.19.0/GNU-tools-for-STM32/bin/../lib/gcc/arm-none-eabi/13.3.1/../../../../arm-none-eabi/lib/thumb/v7e-m+dp/hard/libc_nano.a(libc_a-closer.o)
                0x08000cf4                _close_r
 .text._lseek_r
                0x08000d14       0x24 /opt/st/stm32cubeclt_1.19.0/GNU-tools-for-STM32/bin/../lib/gcc/arm-none-eabi/13.3.1/../../../../arm-none-eabi/lib/thumb/v7e-m+dp/hard/libc_nano.a(libc_a-lseekr.o)
                0x08000d14                _lseek_r
 .text._read_r  0x08000d38       0x24 /opt/st/stm32cubeclt_1.19.0/GNU-tools-for-STM32/bin/../lib/gcc/arm-none-eabi/13.3.1/../../../../arm-none-eabi/lib/thumb/v7e-m+dp/hard/libc_nano.a(libc_a-readr.o)
                0x08000d38                _read_r
 .text._write_r
                0x08000d5c       0x24 /opt/st/stm32cubeclt_1.19.0/GNU-tools-for-STM32/bin/../lib/gcc/arm-none-eabi/13.3.1/../../../../arm-none-eabi/lib/thumb/v7e-m+dp/hard/libc_nano.a(libc_a-writer.o)
                0x08000d5c                _write_r
 .text.__errno  0x08000d80        0xc /opt/st/stm32cubeclt_1.19.0/GNU-tools-for-STM32/bin/../lib/gcc/arm-none-eabi/13.3.1/../../../../arm-none-eabi/lib/thumb/v7e-m+dp/hard/libc_nano.a(libc_a-errno.o)
                0x08000d80                __errno
 .text.__libc_init_array
                0x08000d8c       0x48 /opt/st/stm32cubeclt_1.19.0/GNU-tools-for-STM32/bin/../lib/gcc/arm-none-eabi/13.3.1/../../../../arm-none-eabi/lib/thumb/v7e-m+dp/hard/libc_nano.a(libc_a-init.o)
                0x08000d8c                __libc_init_array
 .text.__retarget_lock_init_recursive
                0x08000dd4        0x2 /opt/st/stm32cubeclt_1.19.0/GNU-tools-for-STM32/bin/../lib/gcc/arm-none-eabi/13.3.1/../../../../arm-none-eabi/lib/thumb/v7e-m+dp/hard/libc_nano.a(libc_a-lock.o)
                0x08000dd4                __retarget_lock_init_recursive
 .text.__retarget_lock_acquire_recursive
                0x08000dd6        0x2 /opt/st/stm32cubeclt_1.19.0/GNU-tools-for-STM32/bin/../lib/gcc/arm-none-eabi/13.3.1/../../../../arm-none-eabi/lib/thumb/v7e-m+dp/hard/libc_nano.a(libc_a-lock.o)
                0x08000dd6                __retarget_lock_acquire_recursive
 .text.__retarget_lock_release_recursive
                0x08000dd8        0x2 /opt/st/stm32cubeclt_1.19.0/GNU-tools-for-STM32/bin/../lib/gcc/arm-none-eabi/13.3.1/../../../../arm-none-eabi/lib/thumb/v7e-m+dp/hard/libc_nano.a(libc_a-lock.o)
                0x08000dd8                __retarget_lock_release_recursive
 *fill*         0x08000dda        0x2 
 .text._free_r  0x08000ddc       0x94 /opt/st/stm32cubeclt_1.19.0/GNU-tools-for-STM32/bin/../lib/gcc/arm-none-eabi/13.3.1/../../../../arm-none-eabi/lib/thumb/v7e-m+dp/hard/libc_nano.a(libc_a-freer.o)
                0x08000ddc                _free_r
 .text.sbrk_aligned
                0x08000e70       0x44 /opt/st/stm32cubeclt_1.19.0/GNU-tools-for-STM32/bin/../lib/gcc/arm-none-eabi/13.3.1/../../../../arm-none-eabi/lib/thumb/v7e-m+dp/hard/libc_nano.a(libc_a-mallocr.o)
 .text._malloc_r
                0x08000eb4      0x100 /opt/st/stm32cubeclt_1.19.0/GNU-tools-for-STM32/bin/../lib/gcc/arm-none-eabi/13.3.1/../../../../arm-none-eabi/lib/thumb/v7e-m+dp/hard/libc_nano.a(libc_a-mallocr.o)
                0x08000eb4                _malloc_r
 .text.__malloc_lock
                0x08000fb4        0xc /opt/st/stm32cubeclt_1.19.0/GNU-tools-for-STM32/bin/../lib/gcc/arm-none-eabi/13.3.1/../../../../arm-none-eabi/lib/thumb/v7e-m+dp/hard/libc_nano.a(libc_a-mlock.o)
                0x08000fb4                __malloc_lock
 .text.__malloc_unlock
                0x08000fc0        0xc /opt/st/stm32cubeclt_1.19.0/GNU-tools-for-STM32/bin/../lib/gcc/arm-none-eabi/13.3.1/../../../../arm-none-eabi/lib/thumb/v7e-m+dp/hard/libc_nano.a(libc_a-mlock.o)
                0x08000fc0                __malloc_unlock
 .text.__sfputc_r
                0x08000fcc       0x2e /opt/st/stm32cubeclt_1.19.0/GNU-tools-for-STM32/bin/../lib/gcc/arm-none-eabi/13.3.1/../../../../arm-none-eabi/lib/thumb/v7e-m+dp/hard/libc_nano.a(libc_a-nano-vfprintf.o)
 .text.__sfputs_r
                0x08000ffa       0x24 /opt/st/stm32cubeclt_1.19.0/GNU-tools-for-STM32/bin/../lib/gcc/arm-none-eabi/13.3.1/../../../../arm-none-eabi/lib/thumb/v7e-m+dp/hard/libc_nano.a(libc_a-nano-vfprintf.o)
                0x08000ffa                __sfputs_r
 *fill*         0x0800101e        0x2 
 .text._vfprintf_r
                0x08001020      0x230 /opt/st/stm32cubeclt_1.19.0/GNU-tools-for-STM32/bin/../lib/gcc/arm-none-eabi/13.3.1/../../../../arm-none-eabi/lib/thumb/v7e-m+dp/hard/libc_nano.a(libc_a-nano-vfprintf.o)
                0x08001020                _vfiprintf_r
                0x08001020                _vfprintf_r
 .text._printf_common
                0x08001250       0xda /opt/st/stm32cubeclt_1.19.0/GNU-tools-for-STM32/bin/../lib/gcc/arm-none-eabi/13.3.1/../../../../arm-none-eabi/lib/thumb/v7e-m+dp/hard/libc_nano.a(libc_a-nano-vfprintf_i.o)
                0x08001250                _printf_common
 *fill*         0x0800132a        0x2 
 .text._printf_i
                0x0800132c      0x23c /opt/st/stm32cubeclt_1.19.0/GNU-tools-for-STM32/bin/../lib/gcc/arm-none-eabi/13.3.1/../../../../arm-none-eabi/lib/thumb/v7e-m+dp/hard/libc_nano.a(libc_a-nano-vfprintf_i.o)
                0x0800132c                _printf_i
 .text.__sflush_r
                0x08001568      0x108 /opt/st/stm32cubeclt_1.19.0/GNU-tools-for-STM32/bin/../lib/gcc/arm-none-eabi/13.3.1/../../../../arm-none-eabi/lib/thumb/v7e-m+dp/hard/libc_nano.a(libc_a-fflush.o)
                0x08001568                __sflush_r
 .text._fflush_r
                0x08001670       0x50 /opt/st/stm32cubeclt_1.19.0/GNU-tools-for-STM32/bin/../lib/gcc/arm-none-eabi/13.3.1/../../../../arm-none-eabi/lib/thumb/v7e-m+dp/hard/libc_nano.a(libc_a-fflush.o)
                0x08001670                _fflush_r
 .text.__swbuf_r
                0x080016c0       0x7c /opt/st/stm32cubeclt_1.19.0/GNU-tools-for-STM32/bin/../lib/gcc/arm-none-eabi/13.3.1/../../../../arm-none-eabi/lib/thumb/v7e-m+dp/hard/libc_nano.a(libc_a-wbuf.o)
                0x080016c0                __swbuf_r
 .text.__swsetup_r
                0x0800173c       0xac /opt/st/stm32cubeclt_1.19.0/GNU-tools-for-STM32/bin/../lib/gcc/arm-none-eabi/13.3.1/../../../../arm-none-eabi/lib/thumb/v7e-m+dp/hard/libc_nano.a(libc_a-wsetup.o)
                0x0800173c                __swsetup_r
 .text._sbrk_r  0x080017e8       0x20 /opt/st/stm32cubeclt_1.19.0/GNU-tools-for-STM32/bin/../lib/gcc/arm-none-eabi/13.3.1/../../../../arm-none-eabi/lib/thumb/v7e-m+dp/hard/libc_nano.a(libc_a-sbrkr.o)
                0x080017e8                _sbrk_r
 .text.__swhatbuf_r
                0x08001808       0x4c /opt/st/stm32cubeclt_1.19.0/GNU-tools-for-STM32/bin/../lib/gcc/arm-none-eabi/13.3.1/../../../../arm-none-eabi/lib/thumb/v7e-m+dp/hard/libc_nano.a(libc_a-makebuf.o)
                0x08001808                __swhatbuf_r
 .text.__smakebuf_r
                0x08001854       0x78 /opt/st/stm32cubeclt_1.19.0/GNU-tools-for-STM32/bin/../lib/gcc/arm-none-eabi/13.3.1/../../../../arm-none-eabi/lib/thumb/v7e-m+dp/hard/libc_nano.a(libc_a-makebuf.o)
                0x08001854                __smakebuf_r
 .text._fstat_r
                0x080018cc       0x24 /opt/st/stm32cubeclt_1.19.0/GNU-tools-for-STM32/bin/../lib/gcc/arm-none-eabi/13.3.1/../../../../arm-none-eabi/lib/thumb/v7e-m+dp/hard/libc_nano.a(libc_a-fstatr.o)
                0x080018cc                _fstat_r
 .text._isatty_r
                0x080018f0       0x20 /opt/st/stm32cubeclt_1.19.0/GNU-tools-for-STM32/bin/../lib/gcc/arm-none-eabi/13.3.1/../../../../arm-none-eabi/lib/thumb/v7e-m+dp/hard/libc_nano.a(libc_a-isattyr.o)
                0x080018f0                _isatty_r
 *(.glue_7)
 .glue_7        0x08001910        0x0 linker stubs
 *(.glue_7t)
 .glue_7t       0x08001910        0x0 linker stubs
 *(.eh_frame)
 .eh_frame      0x08001910        0x0 /opt/st/stm32cubeclt_1.19.0/GNU-tools-for-STM32/bin/../lib/gcc/arm-none-eabi/13.3.1/thumb/v7e-m+dp/hard/crtbegin.o
 *(.init)
 .init          0x08001910        0x4 /opt/st/stm32cubeclt_1.19.0/GNU-tools-for-STM32/bin/../lib/gcc/arm-none-eabi/13.3.1/thumb/v7e-m+dp/hard/crti.o
                0x08001910                _init
 .init          0x08001914        0x8 /opt/st/stm32cubeclt_1.19.0/GNU-tools-for-STM32/bin/../lib/gcc/arm-none-eabi/13.3.1/thumb/v7e-m+dp/hard/crtn.o
 *(.fini)
 .fini          0x0800191c        0x4 /opt/st/stm32cubeclt_1.19.0/GNU-tools-for-STM32/bin/../lib/gcc/arm-none-eabi/13.3.1/thumb/v7e-m+dp/hard/crti.o
                0x0800191c                _fini
 .fini          0x08001920        0x8 /opt/st/stm32cubeclt_1.19.0/GNU-tools-for-STM32/bin/../lib/gcc/arm-none-eabi/13.3.1/thumb/v7e-m+dp/hard/crtn.o
                0x08001928                        . = ALIGN (0x4)
                0x08001928                        _etext = .

.vfp11_veneer   0x08001928        0x0
 .vfp11_veneer  0x08001928        0x0 linker stubs

.v4_bx          0x08001928        0x0
 .v4_bx         0x08001928        0x0 linker stubs

.iplt           0x08001928        0x0
 .iplt          0x08001928        0x0 /opt/st/stm32cubeclt_1.19.0/GNU-tools-for-STM32/bin/../lib/gcc/arm-none-eabi/13.3.1/thumb/v7e-m+dp/hard/crtbegin.o

.rodata         0x08001928      0x178
                0x08001928                        . = ALIGN (0x4)
 *(.rodata)
 *(.rodata*)
 .rodata.D1CorePrescTable
                0x08001928       0x10 build/system_stm32h7xx.o
                0x08001928                D1CorePrescTable
 .rodata.main.str1.1
                0x08001938       0x67 build/main.o
                                 0x34 (size before relaxing)
 *fill*         0x0800199f        0x1 
 .rodata.UART_MAP
                0x080019a0      0x100 build/uart.o
 .rodata._vfprintf_r.str1.1
                0x08001aa0       0x11 /opt/st/stm32cubeclt_1.19.0/GNU-tools-for-STM32/bin/../lib/gcc/arm-none-eabi/13.3.1/../../../../arm-none-eabi/lib/thumb/v7e-m+dp/hard/libc_nano.a(libc_a-nano-vfprintf.o)
 .rodata._printf_i.str1.1
                0x08001aa0       0x22 /opt/st/stm32cubeclt_1.19.0/GNU-tools-for-STM32/bin/../lib/gcc/arm-none-eabi/13.3.1/../../../../arm-none-eabi/lib/thumb/v7e-m+dp/hard/libc_nano.a(libc_a-nano-vfprintf_i.o)
                0x08001ac4                        . = ALIGN (0x4)

.ARM.extab      0x08001aa0        0x0
                0x08001aa0                        . = ALIGN (0x4)
 *(.ARM.extab* .gnu.linkonce.armextab.*)
                0x08001aa0                        . = ALIGN (0x4)

.ARM            0x08001aa0        0x8
                0x08001aa0                        . = ALIGN (0x4)
                0x08001aa0                        __exidx_start = .
 *(.ARM.exidx*)
 .ARM.exidx     0x08001aa0        0x8 /opt/st/stm32cubeclt_1.19.0/GNU-tools-for-STM32/bin/../lib/gcc/arm-none-eabi/13.3.1/../../../../arm-none-eabi/lib/thumb/v7e-m+dp/hard/libc_nano.a(libc_a-memchr.o)
                0x08001aa8                        __exidx_end = .
                0x08001aa8                        . = ALIGN (0x4)

.preinit_array  0x08001aa8        0x0
                0x08001aa8                        . = ALIGN (0x4)
                0x08001aa8                        PROVIDE (__preinit_array_start = .)
 *(.preinit_array*)
                0x08001aa8                        PROVIDE (__preinit_array_end = .)
                0x08001aa8                        . = ALIGN (0x4)

.init_array     0x08001aa8        0x4
                0x08001aa8                        . = ALIGN (0x4)
                0x08001aa8                        PROVIDE (__init_array_start = .)
 *(SORT_BY_NAME(.init_array.*))
 *(.init_array*)
 .init_array    0x08001aa8        0x4 /opt/st/stm32cubeclt_1.19.0/GNU-tools-for-STM32/bin/../lib/gcc/arm-none-eabi/13.3.1/thumb/v7e-m+dp/hard/crtbegin.o
                0x08001aac                        PROVIDE (__init_array_end = .)
                0x08001aac                        . = ALIGN (0x4)

.fini_array     0x08001aac        0x4
                0x08001aac                        . = ALIGN (0x4)
                [!provide]                        PROVIDE (__fini_array_start = .)
 *(SORT_BY_NAME(.fini_array.*))
 *(.fini_array*)
 .fini_array    0x08001aac        0x4 /opt/st/stm32cubeclt_1.19.0/GNU-tools-for-STM32/bin/../lib/gcc/arm-none-eabi/13.3.1/thumb/v7e-m+dp/hard/crtbegin.o
                [!provide]                        PROVIDE (__fini_array_end = .)
                0x08001ab0                        . = ALIGN (0x4)
                0x08001ab0                        _sidata = LOADADDR (.data)

.rel.dyn        0x08001ab0        0x0
 .rel.iplt      0x08001ab0        0x0 /opt/st/stm32cubeclt_1.19.0/GNU-tools-for-STM32/bin/../lib/gcc/arm-none-eabi/13.3.1/thumb/v7e-m+dp/hard/crtbegin.o

.data           0x20000000       0x68 load address 0x08001ab0
                0x20000000                        . = ALIGN (0x4)
                0x20000000                        _sdata = .
 *(.data)
 *(.data*)
 .data.SystemD2Clock
                0x20000000        0x4 build/system_stm32h7xx.o
                0x20000000                SystemD2Clock
 .data.SystemCoreClock
                0x20000004        0x4 build/system_stm32h7xx.o
                0x20000004                SystemCoreClock
 .data.UARTx    0x20000008        0x4 build/main.o
                0x20000008                UARTx
 .data.__sglue  0x2000000c        0xc /opt/st/stm32cubeclt_1.19.0/GNU-tools-for-STM32/bin/../lib/gcc/arm-none-eabi/13.3.1/../../../../arm-none-eabi/lib/thumb/v7e-m+dp/hard/libc_nano.a(libc_a-findfp.o)
                0x2000000c                __sglue
 .data._impure_ptr
                0x20000018        0x4 /opt/st/stm32cubeclt_1.19.0/GNU-tools-for-STM32/bin/../lib/gcc/arm-none-eabi/13.3.1/../../../../arm-none-eabi/lib/thumb/v7e-m+dp/hard/libc_nano.a(libc_a-impure.o)
                0x20000018                _impure_ptr
 .data._impure_data
                0x2000001c       0x4c /opt/st/stm32cubeclt_1.19.0/GNU-tools-for-STM32/bin/../lib/gcc/arm-none-eabi/13.3.1/../../../../arm-none-eabi/lib/thumb/v7e-m+dp/hard/libc_nano.a(libc_a-impure.o)
                0x2000001c                _impure_data
 *(.RamFunc)
 *(.RamFunc*)
                0x20000068                        . = ALIGN (0x4)
                0x20000068                        _edata = .

.igot.plt       0x20000068        0x0 load address 0x08001b18
 .igot.plt      0x20000068        0x0 /opt/st/stm32cubeclt_1.19.0/GNU-tools-for-STM32/bin/../lib/gcc/arm-none-eabi/13.3.1/thumb/v7e-m+dp/hard/crtbegin.o
                0x20000068                        . = ALIGN (0x4)

.bss            0x20000068      0x170 load address 0x08001b18
                0x20000068                        _sbss = .
                0x20000068                        __bss_start__ = _sbss
 *(.bss)
 .bss           0x20000068       0x1c /opt/st/stm32cubeclt_1.19.0/GNU-tools-for-STM32/bin/../lib/gcc/arm-none-eabi/13.3.1/thumb/v7e-m+dp/hard/crtbegin.o
 *(.bss*)
 .bss.__sbrk_heap_end
                0x20000084        0x4 build/sysmem.o
 .bss.systick_ms
                0x20000088        0x4 build/systick.o
                0x20000088                systick_ms
 .bss.__sf      0x2000008c      0x138 /opt/st/stm32cubeclt_1.19.0/GNU-tools-for-STM32/bin/../lib/gcc/arm-none-eabi/13.3.1/../../../../arm-none-eabi/lib/thumb/v7e-m+dp/hard/libc_nano.a(libc_a-findfp.o)
                0x2000008c                __sf
 .bss.__stdio_exit_handler
                0x200001c4        0x4 /opt/st/stm32cubeclt_1.19.0/GNU-tools-for-STM32/bin/../lib/gcc/arm-none-eabi/13.3.1/../../../../arm-none-eabi/lib/thumb/v7e-m+dp/hard/libc_nano.a(libc_a-findfp.o)
                0x200001c4                __stdio_exit_handler
 .bss.errno     0x200001c8        0x4 /opt/st/stm32cubeclt_1.19.0/GNU-tools-for-STM32/bin/../lib/gcc/arm-none-eabi/13.3.1/../../../../arm-none-eabi/lib/thumb/v7e-m+dp/hard/libc_nano.a(libc_a-reent.o)
                0x200001c8                errno
 .bss.__lock___malloc_recursive_mutex
                0x200001cc        0x1 /opt/st/stm32cubeclt_1.19.0/GNU-tools-for-STM32/bin/../lib/gcc/arm-none-eabi/13.3.1/../../../../arm-none-eabi/lib/thumb/v7e-m+dp/hard/libc_nano.a(libc_a-lock.o)
                0x200001cc                __lock___malloc_recursive_mutex
 .bss.__lock___sfp_recursive_mutex
                0x200001cd        0x1 /opt/st/stm32cubeclt_1.19.0/GNU-tools-for-STM32/bin/../lib/gcc/arm-none-eabi/13.3.1/../../../../arm-none-eabi/lib/thumb/v7e-m+dp/hard/libc_nano.a(libc_a-lock.o)
                0x200001cd                __lock___sfp_recursive_mutex
 *fill*         0x200001ce        0x2 
 .bss.__malloc_sbrk_start
                0x200001d0        0x4 /opt/st/stm32cubeclt_1.19.0/GNU-tools-for-STM32/bin/../lib/gcc/arm-none-eabi/13.3.1/../../../../arm-none-eabi/lib/thumb/v7e-m+dp/hard/libc_nano.a(libc_a-mallocr.o)
                0x200001d0                __malloc_sbrk_start
 .bss.__malloc_free_list
                0x200001d4        0x4 /opt/st/stm32cubeclt_1.19.0/GNU-tools-for-STM32/bin/../lib/gcc/arm-none-eabi/13.3.1/../../../../arm-none-eabi/lib/thumb/v7e-m+dp/hard/libc_nano.a(libc_a-mallocr.o)
                0x200001d4                __malloc_free_list
 *(COMMON)
                0x200001d8                        . = ALIGN (0x4)
                0x200001d8                        _ebss = .
                0x200001d8                        __bss_end__ = _ebss

._user_heap_stack
                0x200001d8      0x600 load address 0x08001b18
                0x200001d8                        . = ALIGN (0x8)
                [!provide]                        PROVIDE (end = .)
                0x200001d8                        PROVIDE (_end = .)
                0x200003d8                        . = (. + _Min_Heap_Size)
 *fill*         0x200001d8      0x200 
                0x200007d8                        . = (. + _Min_Stack_Size)
 *fill*         0x200003d8      0x400 
                0x200007d8                        . = ALIGN (0x8)

/DISCARD/
 libc.a(*)
 libm.a(*)
 libgcc.a(*)
OUTPUT(build/USART.elf elf32-littlearm)
LOAD linker stubs
LOAD /opt/st/stm32cubeclt_1.19.0/GNU-tools-for-STM32/bin/../lib/gcc/arm-none-eabi/13.3.1/../../../../arm-none-eabi/lib/thumb/v7e-m+dp/hard/libc.a
LOAD /opt/st/stm32cubeclt_1.19.0/GNU-tools-for-STM32/bin/../lib/gcc/arm-none-eabi/13.3.1/../../../../arm-none-eabi/lib/thumb/v7e-m+dp/hard/libm.a
LOAD /opt/st/stm32cubeclt_1.19.0/GNU-tools-for-STM32/bin/../lib/gcc/arm-none-eabi/13.3.1/thumb/v7e-m+dp/hard/libgcc.a

.ARM.attributes
                0x00000000       0x2e
 .ARM.attributes
                0x00000000       0x20 /opt/st/stm32cubeclt_1.19.0/GNU-tools-for-STM32/bin/../lib/gcc/arm-none-eabi/13.3.1/thumb/v7e-m+dp/hard/crti.o
 .ARM.attributes
                0x00000020       0x32 /opt/st/stm32cubeclt_1.19.0/GNU-tools-for-STM32/bin/../lib/gcc/arm-none-eabi/13.3.1/thumb/v7e-m+dp/hard/crtbegin.o
 .ARM.attributes
                0x00000052       0x21 build/startup_stm32h743xx.o
 .ARM.attributes
                0x00000073       0x32 build/syscalls.o
 .ARM.attributes
                0x000000a5       0x32 build/system_clock.o
 .ARM.attributes
                0x000000d7       0x32 build/system_stm32h7xx.o
 .ARM.attributes
                0x00000109       0x32 build/sysmem.o
 .ARM.attributes
                0x0000013b       0x32 build/main.o
 .ARM.attributes
                0x0000016d       0x32 build/systick.o
 .ARM.attributes
                0x0000019f       0x32 build/uart.o
 .ARM.attributes
                0x000001d1       0x32 /opt/st/stm32cubeclt_1.19.0/GNU-tools-for-STM32/bin/../lib/gcc/arm-none-eabi/13.3.1/../../../../arm-none-eabi/lib/thumb/v7e-m+dp/hard/libc_nano.a(libc_a-findfp.o)
 .ARM.attributes
                0x00000203       0x32 /opt/st/stm32cubeclt_1.19.0/GNU-tools-for-STM32/bin/../lib/gcc/arm-none-eabi/13.3.1/../../../../arm-none-eabi/lib/thumb/v7e-m+dp/hard/libc_nano.a(libc_a-fwalk.o)
 .ARM.attributes
                0x00000235       0x32 /opt/st/stm32cubeclt_1.19.0/GNU-tools-for-STM32/bin/../lib/gcc/arm-none-eabi/13.3.1/../../../../arm-none-eabi/lib/thumb/v7e-m+dp/hard/libc_nano.a(libc_a-printf.o)
 .ARM.attributes
                0x00000267       0x32 /opt/st/stm32cubeclt_1.19.0/GNU-tools-for-STM32/bin/../lib/gcc/arm-none-eabi/13.3.1/../../../../arm-none-eabi/lib/thumb/v7e-m+dp/hard/libc_nano.a(libc_a-stdio.o)
 .ARM.attributes
                0x00000299       0x32 /opt/st/stm32cubeclt_1.19.0/GNU-tools-for-STM32/bin/../lib/gcc/arm-none-eabi/13.3.1/../../../../arm-none-eabi/lib/thumb/v7e-m+dp/hard/libc_nano.a(libc_a-memset.o)
 .ARM.attributes
                0x000002cb       0x32 /opt/st/stm32cubeclt_1.19.0/GNU-tools-for-STM32/bin/../lib/gcc/arm-none-eabi/13.3.1/../../../../arm-none-eabi/lib/thumb/v7e-m+dp/hard/libc_nano.a(libc_a-closer.o)
 .ARM.attributes
                0x000002fd       0x32 /opt/st/stm32cubeclt_1.19.0/GNU-tools-for-STM32/bin/../lib/gcc/arm-none-eabi/13.3.1/../../../../arm-none-eabi/lib/thumb/v7e-m+dp/hard/libc_nano.a(libc_a-reent.o)
 .ARM.attributes
                0x0000032f       0x32 /opt/st/stm32cubeclt_1.19.0/GNU-tools-for-STM32/bin/../lib/gcc/arm-none-eabi/13.3.1/../../../../arm-none-eabi/lib/thumb/v7e-m+dp/hard/libc_nano.a(libc_a-impure.o)
 .ARM.attributes
                0x00000361       0x32 /opt/st/stm32cubeclt_1.19.0/GNU-tools-for-STM32/bin/../lib/gcc/arm-none-eabi/13.3.1/../../../../arm-none-eabi/lib/thumb/v7e-m+dp/hard/libc_nano.a(libc_a-lseekr.o)
 .ARM.attributes
                0x00000393       0x32 /opt/st/stm32cubeclt_1.19.0/GNU-tools-for-STM32/bin/../lib/gcc/arm-none-eabi/13.3.1/../../../../arm-none-eabi/lib/thumb/v7e-m+dp/hard/libc_nano.a(libc_a-readr.o)
 .ARM.attributes
                0x000003c5       0x32 /opt/st/stm32cubeclt_1.19.0/GNU-tools-for-STM32/bin/../lib/gcc/arm-none-eabi/13.3.1/../../../../arm-none-eabi/lib/thumb/v7e-m+dp/hard/libc_nano.a(libc_a-writer.o)
 .ARM.attributes
                0x000003f7       0x32 /opt/st/stm32cubeclt_1.19.0/GNU-tools-for-STM32/bin/../lib/gcc/arm-none-eabi/13.3.1/../../../../arm-none-eabi/lib/thumb/v7e-m+dp/hard/libc_nano.a(libc_a-errno.o)
 .ARM.attributes
                0x00000429       0x32 /opt/st/stm32cubeclt_1.19.0/GNU-tools-for-STM32/bin/../lib/gcc/arm-none-eabi/13.3.1/../../../../arm-none-eabi/lib/thumb/v7e-m+dp/hard/libc_nano.a(libc_a-init.o)
 .ARM.attributes
                0x0000045b       0x32 /opt/st/stm32cubeclt_1.19.0/GNU-tools-for-STM32/bin/../lib/gcc/arm-none-eabi/13.3.1/../../../../arm-none-eabi/lib/thumb/v7e-m+dp/hard/libc_nano.a(libc_a-lock.o)
 .ARM.attributes
                0x0000048d       0x32 /opt/st/stm32cubeclt_1.19.0/GNU-tools-for-STM32/bin/../lib/gcc/arm-none-eabi/13.3.1/../../../../arm-none-eabi/lib/thumb/v7e-m+dp/hard/libc_nano.a(libc_a-freer.o)
 .ARM.attributes
                0x000004bf       0x32 /opt/st/stm32cubeclt_1.19.0/GNU-tools-for-STM32/bin/../lib/gcc/arm-none-eabi/13.3.1/../../../../arm-none-eabi/lib/thumb/v7e-m+dp/hard/libc_nano.a(libc_a-mallocr.o)
 .ARM.attributes
                0x000004f1       0x32 /opt/st/stm32cubeclt_1.19.0/GNU-tools-for-STM32/bin/../lib/gcc/arm-none-eabi/13.3.1/../../../../arm-none-eabi/lib/thumb/v7e-m+dp/hard/libc_nano.a(libc_a-mlock.o)
 .ARM.attributes
                0x00000523       0x32 /opt/st/stm32cubeclt_1.19.0/GNU-tools-for-STM32/bin/../lib/gcc/arm-none-eabi/13.3.1/../../../../arm-none-eabi/lib/thumb/v7e-m+dp/hard/libc_nano.a(libc_a-nano-vfprintf.o)
 .ARM.attributes
                0x00000555       0x32 /opt/st/stm32cubeclt_1.19.0/GNU-tools-for-STM32/bin/../lib/gcc/arm-none-eabi/13.3.1/../../../../arm-none-eabi/lib/thumb/v7e-m+dp/hard/libc_nano.a(libc_a-nano-vfprintf_i.o)
 .ARM.attributes
                0x00000587       0x32 /opt/st/stm32cubeclt_1.19.0/GNU-tools-for-STM32/bin/../lib/gcc/arm-none-eabi/13.3.1/../../../../arm-none-eabi/lib/thumb/v7e-m+dp/hard/libc_nano.a(libc_a-fflush.o)
 .ARM.attributes
                0x000005b9       0x32 /opt/st/stm32cubeclt_1.19.0/GNU-tools-for-STM32/bin/../lib/gcc/arm-none-eabi/13.3.1/../../../../arm-none-eabi/lib/thumb/v7e-m+dp/hard/libc_nano.a(libc_a-wbuf.o)
 .ARM.attributes
                0x000005eb       0x32 /opt/st/stm32cubeclt_1.19.0/GNU-tools-for-STM32/bin/../lib/gcc/arm-none-eabi/13.3.1/../../../../arm-none-eabi/lib/thumb/v7e-m+dp/hard/libc_nano.a(libc_a-wsetup.o)
 .ARM.attributes
                0x0000061d       0x32 /opt/st/stm32cubeclt_1.19.0/GNU-tools-for-STM32/bin/../lib/gcc/arm-none-eabi/13.3.1/../../../../arm-none-eabi/lib/thumb/v7e-m+dp/hard/libc_nano.a(libc_a-sbrkr.o)
 .ARM.attributes
                0x0000064f       0x1c /opt/st/stm32cubeclt_1.19.0/GNU-tools-for-STM32/bin/../lib/gcc/arm-none-eabi/13.3.1/../../../../arm-none-eabi/lib/thumb/v7e-m+dp/hard/libc_nano.a(libc_a-memchr.o)
 .ARM.attributes
                0x0000066b       0x32 /opt/st/stm32cubeclt_1.19.0/GNU-tools-for-STM32/bin/../lib/gcc/arm-none-eabi/13.3.1/../../../../arm-none-eabi/lib/thumb/v7e-m+dp/hard/libc_nano.a(libc_a-makebuf.o)
 .ARM.attributes
                0x0000069d       0x32 /opt/st/stm32cubeclt_1.19.0/GNU-tools-for-STM32/bin/../lib/gcc/arm-none-eabi/13.3.1/../../../../arm-none-eabi/lib/thumb/v7e-m+dp/hard/libc_nano.a(libc_a-fstatr.o)
 .ARM.attributes
                0x000006cf       0x32 /opt/st/stm32cubeclt_1.19.0/GNU-tools-for-STM32/bin/../lib/gcc/arm-none-eabi/13.3.1/../../../../arm-none-eabi/lib/thumb/v7e-m+dp/hard/libc_nano.a(libc_a-isattyr.o)
 .ARM.attributes
                0x00000701       0x20 /opt/st/stm32cubeclt_1.19.0/GNU-tools-for-STM32/bin/../lib/gcc/arm-none-eabi/13.3.1/thumb/v7e-m+dp/hard/crtn.o

.comment        0x00000000       0x43
 .comment       0x00000000       0x43 build/syscalls.o
                                 0x44 (size before relaxing)
 .comment       0x00000043       0x44 build/system_clock.o
 .comment       0x00000043       0x44 build/system_stm32h7xx.o
 .comment       0x00000043       0x44 build/sysmem.o
 .comment       0x00000043       0x44 build/main.o
 .comment       0x00000043       0x44 build/systick.o
 .comment       0x00000043       0x44 build/uart.o

.debug_line     0x00000000     0x1d0e
 .debug_line    0x00000000       0x7b build/startup_stm32h743xx.o
 .debug_line    0x0000007b      0x41b build/syscalls.o
 .debug_line    0x00000496      0x366 build/system_clock.o
 .debug_line    0x000007fc      0x424 build/system_stm32h7xx.o
 .debug_line    0x00000c20      0x1cc build/sysmem.o
 .debug_line    0x00000dec      0x1f8 build/main.o
 .debug_line    0x00000fe4      0x185 build/systick.o
 .debug_line    0x00001169      0xba5 build/uart.o

.debug_line_str
                0x00000000       0x42
 .debug_line_str
                0x00000000       0x42 build/startup_stm32h743xx.o

.debug_info     0x00000000     0x325f
 .debug_info    0x00000000       0x30 build/startup_stm32h743xx.o
 .debug_info    0x00000030      0x7b1 build/syscalls.o
 .debug_info    0x000007e1      0x937 build/system_clock.o
 .debug_info    0x00001118      0xd2b build/system_stm32h7xx.o
 .debug_info    0x00001e43      0x171 build/sysmem.o
 .debug_info    0x00001fb4      0x715 build/main.o
 .debug_info    0x000026c9      0x143 build/systick.o
 .debug_info    0x0000280c      0xa53 build/uart.o

.debug_abbrev   0x00000000      0xad6
 .debug_abbrev  0x00000000       0x24 build/startup_stm32h743xx.o
 .debug_abbrev  0x00000024      0x206 build/syscalls.o
 .debug_abbrev  0x0000022a      0x103 build/system_clock.o
 .debug_abbrev  0x0000032d      0x169 build/system_stm32h7xx.o
 .debug_abbrev  0x00000496       0xea build/sysmem.o
 .debug_abbrev  0x00000580      0x195 build/main.o
 .debug_abbrev  0x00000715       0xf7 build/systick.o
 .debug_abbrev  0x0000080c      0x2ca build/uart.o

.debug_aranges  0x00000000      0x228
 .debug_aranges
                0x00000000       0x28 build/startup_stm32h743xx.o
 .debug_aranges
                0x00000028       0xa8 build/syscalls.o
 .debug_aranges
                0x000000d0       0x20 build/system_clock.o
 .debug_aranges
                0x000000f0       0x30 build/system_stm32h7xx.o
 .debug_aranges
                0x00000120       0x20 build/sysmem.o
 .debug_aranges
                0x00000140       0x20 build/main.o
 .debug_aranges
                0x00000160       0x30 build/systick.o
 .debug_aranges
                0x00000190       0x98 build/uart.o

.debug_str      0x00000000      0xc5a
 .debug_str     0x00000000      0xc5a build/startup_stm32h743xx.o
                                 0x5e (size before relaxing)
 .debug_str     0x00000c5a      0x3cd build/syscalls.o
 .debug_str     0x00000c5a      0x57f build/system_clock.o
 .debug_str     0x00000c5a      0x712 build/system_stm32h7xx.o
 .debug_str     0x00000c5a      0x1f9 build/sysmem.o
 .debug_str     0x00000c5a      0x486 build/main.o
 .debug_str     0x00000c5a      0x1b7 build/systick.o
 .debug_str     0x00000c5a      0x55a build/uart.o

.debug_rnglists
                0x00000000      0x1a1
 .debug_rnglists
                0x00000000       0x19 build/startup_stm32h743xx.o
 .debug_rnglists
                0x00000019       0x85 build/syscalls.o
 .debug_rnglists
                0x0000009e       0x14 build/system_clock.o
 .debug_rnglists
                0x000000b2       0x21 build/system_stm32h7xx.o
 .debug_rnglists
                0x000000d3       0x13 build/sysmem.o
 .debug_rnglists
                0x000000e6       0x14 build/main.o
 .debug_rnglists
                0x000000fa       0x1f build/systick.o
 .debug_rnglists
                0x00000119       0x88 build/uart.o

.debug_loclists
                0x00000000      0x697
 .debug_loclists
                0x00000000      0x335 build/syscalls.o
 .debug_loclists
                0x00000335      0x13f build/system_stm32h7xx.o
 .debug_loclists
                0x00000474       0x3b build/sysmem.o
 .debug_loclists
                0x000004af       0x17 build/main.o
 .debug_loclists
                0x000004c6       0x17 build/systick.o
 .debug_loclists
                0x000004dd      0x1ba build/uart.o

.debug_frame    0x00000000      0xb9c
 .debug_frame   0x00000000      0x190 build/syscalls.o
 .debug_frame   0x00000190       0x20 build/system_clock.o
 .debug_frame   0x000001b0       0x4c build/system_stm32h7xx.o
 .debug_frame   0x000001fc       0x28 build/sysmem.o
 .debug_frame   0x00000224       0x2c build/main.o
 .debug_frame   0x00000250       0x40 build/systick.o
 .debug_frame   0x00000290      0x138 build/uart.o
 .debug_frame   0x000003c8      0x144 /opt/st/stm32cubeclt_1.19.0/GNU-tools-for-STM32/bin/../lib/gcc/arm-none-eabi/13.3.1/../../../../arm-none-eabi/lib/thumb/v7e-m+dp/hard/libc_nano.a(libc_a-findfp.o)
 .debug_frame   0x0000050c       0x34 /opt/st/stm32cubeclt_1.19.0/GNU-tools-for-STM32/bin/../lib/gcc/arm-none-eabi/13.3.1/../../../../arm-none-eabi/lib/thumb/v7e-m+dp/hard/libc_nano.a(libc_a-fwalk.o)
 .debug_frame   0x00000540       0x6c /opt/st/stm32cubeclt_1.19.0/GNU-tools-for-STM32/bin/../lib/gcc/arm-none-eabi/13.3.1/../../../../arm-none-eabi/lib/thumb/v7e-m+dp/hard/libc_nano.a(libc_a-printf.o)
 .debug_frame   0x000005ac       0x88 /opt/st/stm32cubeclt_1.19.0/GNU-tools-for-STM32/bin/../lib/gcc/arm-none-eabi/13.3.1/../../../../arm-none-eabi/lib/thumb/v7e-m+dp/hard/libc_nano.a(libc_a-stdio.o)
 .debug_frame   0x00000634       0x20 /opt/st/stm32cubeclt_1.19.0/GNU-tools-for-STM32/bin/../lib/gcc/arm-none-eabi/13.3.1/../../../../arm-none-eabi/lib/thumb/v7e-m+dp/hard/libc_nano.a(libc_a-memset.o)
 .debug_frame   0x00000654       0x2c /opt/st/stm32cubeclt_1.19.0/GNU-tools-for-STM32/bin/../lib/gcc/arm-none-eabi/13.3.1/../../../../arm-none-eabi/lib/thumb/v7e-m+dp/hard/libc_nano.a(libc_a-closer.o)
 .debug_frame   0x00000680       0x38 /opt/st/stm32cubeclt_1.19.0/GNU-tools-for-STM32/bin/../lib/gcc/arm-none-eabi/13.3.1/../../../../arm-none-eabi/lib/thumb/v7e-m+dp/hard/libc_nano.a(libc_a-reent.o)
 .debug_frame   0x000006b8       0x2c /opt/st/stm32cubeclt_1.19.0/GNU-tools-for-STM32/bin/../lib/gcc/arm-none-eabi/13.3.1/../../../../arm-none-eabi/lib/thumb/v7e-m+dp/hard/libc_nano.a(libc_a-lseekr.o)
 .debug_frame   0x000006e4       0x2c /opt/st/stm32cubeclt_1.19.0/GNU-tools-for-STM32/bin/../lib/gcc/arm-none-eabi/13.3.1/../../../../arm-none-eabi/lib/thumb/v7e-m+dp/hard/libc_nano.a(libc_a-readr.o)
 .debug_frame   0x00000710       0x2c /opt/st/stm32cubeclt_1.19.0/GNU-tools-for-STM32/bin/../lib/gcc/arm-none-eabi/13.3.1/../../../../arm-none-eabi/lib/thumb/v7e-m+dp/hard/libc_nano.a(libc_a-writer.o)
 .debug_frame   0x0000073c       0x20 /opt/st/stm32cubeclt_1.19.0/GNU-tools-for-STM32/bin/../lib/gcc/arm-none-eabi/13.3.1/../../../../arm-none-eabi/lib/thumb/v7e-m+dp/hard/libc_nano.a(libc_a-errno.o)
 .debug_frame   0x0000075c       0x2c /opt/st/stm32cubeclt_1.19.0/GNU-tools-for-STM32/bin/../lib/gcc/arm-none-eabi/13.3.1/../../../../arm-none-eabi/lib/thumb/v7e-m+dp/hard/libc_nano.a(libc_a-init.o)
 .debug_frame   0x00000788       0xb0 /opt/st/stm32cubeclt_1.19.0/GNU-tools-for-STM32/bin/../lib/gcc/arm-none-eabi/13.3.1/../../../../arm-none-eabi/lib/thumb/v7e-m+dp/hard/libc_nano.a(libc_a-lock.o)
 .debug_frame   0x00000838       0x38 /opt/st/stm32cubeclt_1.19.0/GNU-tools-for-STM32/bin/../lib/gcc/arm-none-eabi/13.3.1/../../../../arm-none-eabi/lib/thumb/v7e-m+dp/hard/libc_nano.a(libc_a-freer.o)
 .debug_frame   0x00000870       0x50 /opt/st/stm32cubeclt_1.19.0/GNU-tools-for-STM32/bin/../lib/gcc/arm-none-eabi/13.3.1/../../../../arm-none-eabi/lib/thumb/v7e-m+dp/hard/libc_nano.a(libc_a-mallocr.o)
 .debug_frame   0x000008c0       0x30 /opt/st/stm32cubeclt_1.19.0/GNU-tools-for-STM32/bin/../lib/gcc/arm-none-eabi/13.3.1/../../../../arm-none-eabi/lib/thumb/v7e-m+dp/hard/libc_nano.a(libc_a-mlock.o)
 .debug_frame   0x000008f0       0xa8 /opt/st/stm32cubeclt_1.19.0/GNU-tools-for-STM32/bin/../lib/gcc/arm-none-eabi/13.3.1/../../../../arm-none-eabi/lib/thumb/v7e-m+dp/hard/libc_nano.a(libc_a-nano-vfprintf.o)
 .debug_frame   0x00000998       0x60 /opt/st/stm32cubeclt_1.19.0/GNU-tools-for-STM32/bin/../lib/gcc/arm-none-eabi/13.3.1/../../../../arm-none-eabi/lib/thumb/v7e-m+dp/hard/libc_nano.a(libc_a-nano-vfprintf_i.o)
 .debug_frame   0x000009f8       0x5c /opt/st/stm32cubeclt_1.19.0/GNU-tools-for-STM32/bin/../lib/gcc/arm-none-eabi/13.3.1/../../../../arm-none-eabi/lib/thumb/v7e-m+dp/hard/libc_nano.a(libc_a-fflush.o)
 .debug_frame   0x00000a54       0x40 /opt/st/stm32cubeclt_1.19.0/GNU-tools-for-STM32/bin/../lib/gcc/arm-none-eabi/13.3.1/../../../../arm-none-eabi/lib/thumb/v7e-m+dp/hard/libc_nano.a(libc_a-wbuf.o)
 .debug_frame   0x00000a94       0x2c /opt/st/stm32cubeclt_1.19.0/GNU-tools-for-STM32/bin/../lib/gcc/arm-none-eabi/13.3.1/../../../../arm-none-eabi/lib/thumb/v7e-m+dp/hard/libc_nano.a(libc_a-wsetup.o)
 .debug_frame   0x00000ac0       0x2c /opt/st/stm32cubeclt_1.19.0/GNU-tools-for-STM32/bin/../lib/gcc/arm-none-eabi/13.3.1/../../../../arm-none-eabi/lib/thumb/v7e-m+dp/hard/libc_nano.a(libc_a-sbrkr.o)
 .debug_frame   0x00000aec       0x58 /opt/st/stm32cubeclt_1.19.0/GNU-tools-for-STM32/bin/../lib/gcc/arm-none-eabi/13.3.1/../../../../arm-none-eabi/lib/thumb/v7e-m+dp/hard/libc_nano.a(libc_a-makebuf.o)
 .debug_frame   0x00000b44       0x2c /opt/st/stm32cubeclt_1.19.0/GNU-tools-for-STM32/bin/../lib/gcc/arm-none-eabi/13.3.1/../../../../arm-none-eabi/lib/thumb/v7e-m+dp/hard/libc_nano.a(libc_a-fstatr.o)
 .debug_frame   0x00000b70       0x2c /opt/st/stm32cubeclt_1.19.0/GNU-tools-for-STM32/bin/../lib/gcc/arm-none-eabi/13.3.1/../../../../arm-none-eabi/lib/thumb/v7e-m+dp/hard/libc_nano.a(libc_a-isattyr.o)
