Archive member included to satisfy reference by file (symbol)

/opt/arm-gnu-toolchain-14.3.rel1-x86_64-arm-none-eabi/bin/../lib/gcc/arm-none-eabi/14.3.1/../../../../arm-none-eabi/lib/thumb/v7e-m+dp/hard/libc.a(libc_a-exit.o)
                              /opt/arm-gnu-toolchain-14.3.rel1-x86_64-arm-none-eabi/bin/../lib/gcc/arm-none-eabi/14.3.1/../../../../arm-none-eabi/lib/thumb/v7e-m+dp/hard/crt0.o (exit)
/opt/arm-gnu-toolchain-14.3.rel1-x86_64-arm-none-eabi/bin/../lib/gcc/arm-none-eabi/14.3.1/../../../../arm-none-eabi/lib/thumb/v7e-m+dp/hard/libc.a(libc_a-findfp.o)
                              /opt/arm-gnu-toolchain-14.3.rel1-x86_64-arm-none-eabi/bin/../lib/gcc/arm-none-eabi/14.3.1/../../../../arm-none-eabi/lib/thumb/v7e-m+dp/hard/libc.a(libc_a-exit.o) (__stdio_exit_handler)
/opt/arm-gnu-toolchain-14.3.rel1-x86_64-arm-none-eabi/bin/../lib/gcc/arm-none-eabi/14.3.1/../../../../arm-none-eabi/lib/thumb/v7e-m+dp/hard/libc.a(libc_a-fwalk.o)
                              /opt/arm-gnu-toolchain-14.3.rel1-x86_64-arm-none-eabi/bin/../lib/gcc/arm-none-eabi/14.3.1/../../../../arm-none-eabi/lib/thumb/v7e-m+dp/hard/libc.a(libc_a-findfp.o) (_fwalk_sglue)
/opt/arm-gnu-toolchain-14.3.rel1-x86_64-arm-none-eabi/bin/../lib/gcc/arm-none-eabi/14.3.1/../../../../arm-none-eabi/lib/thumb/v7e-m+dp/hard/libc.a(libc_a-stdio.o)
                              /opt/arm-gnu-toolchain-14.3.rel1-x86_64-arm-none-eabi/bin/../lib/gcc/arm-none-eabi/14.3.1/../../../../arm-none-eabi/lib/thumb/v7e-m+dp/hard/libc.a(libc_a-findfp.o) (__sread)
/opt/arm-gnu-toolchain-14.3.rel1-x86_64-arm-none-eabi/bin/../lib/gcc/arm-none-eabi/14.3.1/../../../../arm-none-eabi/lib/thumb/v7e-m+dp/hard/libc.a(libc_a-memset.o)
                              /opt/arm-gnu-toolchain-14.3.rel1-x86_64-arm-none-eabi/bin/../lib/gcc/arm-none-eabi/14.3.1/../../../../arm-none-eabi/lib/thumb/v7e-m+dp/hard/crt0.o (memset)
/opt/arm-gnu-toolchain-14.3.rel1-x86_64-arm-none-eabi/bin/../lib/gcc/arm-none-eabi/14.3.1/../../../../arm-none-eabi/lib/thumb/v7e-m+dp/hard/libc.a(libc_a-closer.o)
                              /opt/arm-gnu-toolchain-14.3.rel1-x86_64-arm-none-eabi/bin/../lib/gcc/arm-none-eabi/14.3.1/../../../../arm-none-eabi/lib/thumb/v7e-m+dp/hard/libc.a(libc_a-stdio.o) (_close_r)
/opt/arm-gnu-toolchain-14.3.rel1-x86_64-arm-none-eabi/bin/../lib/gcc/arm-none-eabi/14.3.1/../../../../arm-none-eabi/lib/thumb/v7e-m+dp/hard/libc.a(libc_a-reent.o)
                              /opt/arm-gnu-toolchain-14.3.rel1-x86_64-arm-none-eabi/bin/../lib/gcc/arm-none-eabi/14.3.1/../../../../arm-none-eabi/lib/thumb/v7e-m+dp/hard/libc.a(libc_a-closer.o) (errno)
/opt/arm-gnu-toolchain-14.3.rel1-x86_64-arm-none-eabi/bin/../lib/gcc/arm-none-eabi/14.3.1/../../../../arm-none-eabi/lib/thumb/v7e-m+dp/hard/libc.a(libc_a-impure.o)
                              /opt/arm-gnu-toolchain-14.3.rel1-x86_64-arm-none-eabi/bin/../lib/gcc/arm-none-eabi/14.3.1/../../../../arm-none-eabi/lib/thumb/v7e-m+dp/hard/libc.a(libc_a-reent.o) (_impure_ptr)
/opt/arm-gnu-toolchain-14.3.rel1-x86_64-arm-none-eabi/bin/../lib/gcc/arm-none-eabi/14.3.1/../../../../arm-none-eabi/lib/thumb/v7e-m+dp/hard/libc.a(libc_a-lseekr.o)
                              /opt/arm-gnu-toolchain-14.3.rel1-x86_64-arm-none-eabi/bin/../lib/gcc/arm-none-eabi/14.3.1/../../../../arm-none-eabi/lib/thumb/v7e-m+dp/hard/libc.a(libc_a-stdio.o) (_lseek_r)
/opt/arm-gnu-toolchain-14.3.rel1-x86_64-arm-none-eabi/bin/../lib/gcc/arm-none-eabi/14.3.1/../../../../arm-none-eabi/lib/thumb/v7e-m+dp/hard/libc.a(libc_a-readr.o)
                              /opt/arm-gnu-toolchain-14.3.rel1-x86_64-arm-none-eabi/bin/../lib/gcc/arm-none-eabi/14.3.1/../../../../arm-none-eabi/lib/thumb/v7e-m+dp/hard/libc.a(libc_a-stdio.o) (_read_r)
/opt/arm-gnu-toolchain-14.3.rel1-x86_64-arm-none-eabi/bin/../lib/gcc/arm-none-eabi/14.3.1/../../../../arm-none-eabi/lib/thumb/v7e-m+dp/hard/libc.a(libc_a-writer.o)
                              /opt/arm-gnu-toolchain-14.3.rel1-x86_64-arm-none-eabi/bin/../lib/gcc/arm-none-eabi/14.3.1/../../../../arm-none-eabi/lib/thumb/v7e-m+dp/hard/libc.a(libc_a-stdio.o) (_write_r)
/opt/arm-gnu-toolchain-14.3.rel1-x86_64-arm-none-eabi/bin/../lib/gcc/arm-none-eabi/14.3.1/../../../../arm-none-eabi/lib/thumb/v7e-m+dp/hard/libc.a(libc_a-errno.o)
                              build/syscalls.o (__errno)
/opt/arm-gnu-toolchain-14.3.rel1-x86_64-arm-none-eabi/bin/../lib/gcc/arm-none-eabi/14.3.1/../../../../arm-none-eabi/lib/thumb/v7e-m+dp/hard/libc.a(libc_a-init.o)
                              /opt/arm-gnu-toolchain-14.3.rel1-x86_64-arm-none-eabi/bin/../lib/gcc/arm-none-eabi/14.3.1/../../../../arm-none-eabi/lib/thumb/v7e-m+dp/hard/crt0.o (__libc_init_array)
/opt/arm-gnu-toolchain-14.3.rel1-x86_64-arm-none-eabi/bin/../lib/gcc/arm-none-eabi/14.3.1/../../../../arm-none-eabi/lib/thumb/v7e-m+dp/hard/libc.a(libc_a-lock.o)
[...]
Memory Configuration

Name             Origin             Length             Attributes
DTCMRAM          0x20000000         0x00020000         xrw
RAM              0x24000000         0x00080000         xrw
RAM_D2           0x30000000         0x00048000         xrw
RAM_D3           0x38000000         0x00010000         xrw
ITCMRAM          0x00000000         0x00010000         xrw
FLASH            0x08000000         0x00200000         xr
*default*        0x00000000         0xffffffff

Linker script and memory map

LOAD /opt/arm-gnu-toolchain-14.3.rel1-x86_64-arm-none-eabi/bin/../lib/gcc/arm-none-eabi/14.3.1/thumb/v7e-m+dp/hard/crti.o
LOAD /opt/arm-gnu-toolchain-14.3.rel1-x86_64-arm-none-eabi/bin/../lib/gcc/arm-none-eabi/14.3.1/thumb/v7e-m+dp/hard/crtbegin.o
LOAD /opt/arm-gnu-toolchain-14.3.rel1-x86_64-arm-none-eabi/bin/../lib/gcc/arm-none-eabi/14.3.1/../../../../arm-none-eabi/lib/thumb/v7e-m+dp/hard/crt0.o
LOAD build/startup_stm32h743xx.o
LOAD build/syscalls.o
LOAD build/sysmem.o
LOAD build/system_clock.o
LOAD build/system_stm32h7xx.o
LOAD build/main.o
LOAD build/systick.o
START GROUP
LOAD /opt/arm-gnu-toolchain-14.3.rel1-x86_64-arm-none-eabi/bin/../lib/gcc/arm-none-eabi/14.3.1/../../../../arm-none-eabi/lib/thumb/v7e-m+dp/hard/libc.a
LOAD /opt/arm-gnu-toolchain-14.3.rel1-x86_64-arm-none-eabi/bin/../lib/gcc/arm-none-eabi/14.3.1/../../../../arm-none-eabi/lib/thumb/v7e-m+dp/hard/libm.a
LOAD /opt/arm-gnu-toolchain-14.3.rel1-x86_64-arm-none-eabi/bin/../lib/gcc/arm-none-eabi/14.3.1/../../../../arm-none-eabi/lib/thumb/v7e-m+dp/hard/libnosys.a
END GROUP
START GROUP
LOAD /opt/arm-gnu-toolchain-14.3.rel1-x86_64-arm-none-eabi/bin/../lib/gcc/arm-none-eabi/14.3.1/thumb/v7e-m+dp/hard/libgcc.a
LOAD /opt/arm-gnu-toolchain-14.3.rel1-x86_64-arm-none-eabi/bin/../lib/gcc/arm-none-eabi/14.3.1/../../../../arm-none-eabi/lib/thumb/v7e-m+dp/hard/libc.a
END GROUP
LOAD /opt/arm-gnu-toolchain-14.3.rel1-x86_64-arm-none-eabi/bin/../lib/gcc/arm-none-eabi/14.3.1/thumb/v7e-m+dp/hard/crtend.o
LOAD /opt/arm-gnu-toolchain-14.3.rel1-x86_64-arm-none-eabi/bin/../lib/gcc/arm-none-eabi/14.3.1/thumb/v7e-m+dp/hard/crtn.o
                0x20020000                        _estack = (ORIGIN (DTCMRAM) + LENGTH (DTCMRAM))
                0x00000200                        _Min_Heap_Size = 0x200
                0x00000400                        _Min_Stack_Size = 0x400

.isr_vector     0x08000000      0x298
                0x08000000                        . = ALIGN (0x4)
 *(.isr_vector)
 .isr_vector    0x08000000      0x298 build/startup_stm32h743xx.o
                0x08000000                g_pfnVectors
                0x08000298                        . = ALIGN (0x4)

.text           0x08000298      0x4bc
                0x08000298                        . = ALIGN (0x4)
 *(.text)
 *(.text*)
 .text.deregister_tm_clones
                0x08000298       0x1c /opt/arm-gnu-toolchain-14.3.rel1-x86_64-arm-none-eabi/bin/../lib/gcc/arm-none-eabi/14.3.1/thumb/v7e-m+dp/hard/crtbegin.o
 .text.register_tm_clones
                0x080002b4       0x24 /opt/arm-gnu-toolchain-14.3.rel1-x86_64-arm-none-eabi/bin/../lib/gcc/arm-none-eabi/14.3.1/thumb/v7e-m+dp/hard/crtbegin.o
 .text.__do_global_dtors_aux
                0x080002d8       0x28 /opt/arm-gnu-toolchain-14.3.rel1-x86_64-arm-none-eabi/bin/../lib/gcc/arm-none-eabi/14.3.1/thumb/v7e-m+dp/hard/crtbegin.o
 .text.frame_dummy
                0x08000300       0x24 /opt/arm-gnu-toolchain-14.3.rel1-x86_64-arm-none-eabi/bin/../lib/gcc/arm-none-eabi/14.3.1/thumb/v7e-m+dp/hard/crtbegin.o
 .text.Reset_Handler
                0x08000324       0x54 build/startup_stm32h743xx.o
                0x08000324                Reset_Handler
 .text.Default_Handler
                0x08000378        0x2 build/startup_stm32h743xx.o
                0x08000378                RTC_Alarm_IRQHandler
                0x08000378                EXTI2_IRQHandler
                0x08000378                TIM8_CC_IRQHandler
                0x08000378                HRTIM1_Master_IRQHandler
                0x08000378                DebugMon_Handler
                0x08000378                UART8_IRQHandler
                0x08000378                SPI4_IRQHandler
                0x08000378                TIM1_CC_IRQHandler
                0x08000378                BDMA_Channel6_IRQHandler
                0x08000378                DMA2_Stream5_IRQHandler
                0x08000378                HardFault_Handler
                0x08000378                HRTIM1_FLT_IRQHandler
                0x08000378                JPEG_IRQHandler
                0x08000378                DMA1_Stream5_IRQHandler
                0x08000378                BDMA_Channel1_IRQHandler
                0x08000378                HRTIM1_TIMD_IRQHandler
                0x08000378                TAMP_STAMP_IRQHandler
                0x08000378                PendSV_Handler
                0x08000378                NMI_Handler
                0x08000378                EXTI3_IRQHandler
                0x08000378                LPTIM4_IRQHandler
                0x08000378                TIM8_TRG_COM_TIM14_IRQHandler
                0x08000378                LPTIM2_IRQHandler
                0x08000378                DFSDM1_FLT1_IRQHandler
                0x08000378                DMAMUX2_OVR_IRQHandler
                0x08000378                TIM8_UP_TIM13_IRQHandler
                0x08000378                I2C3_ER_IRQHandler
                0x08000378                DFSDM1_FLT2_IRQHandler
                0x08000378                MDMA_IRQHandler
                0x08000378                LPTIM3_IRQHandler
                0x08000378                HSEM1_IRQHandler
                0x08000378                EXTI0_IRQHandler
                0x08000378                I2C2_EV_IRQHandler
                0x08000378                DMA1_Stream2_IRQHandler
                0x08000378                FPU_IRQHandler
                0x08000378                OTG_HS_WKUP_IRQHandler
                0x08000378                FDCAN1_IT1_IRQHandler
                0x08000378                UsageFault_Handler
                0x08000378                LTDC_ER_IRQHandler
                0x08000378                DMA2_Stream2_IRQHandler
                0x08000378                HRTIM1_TIME_IRQHandler
                0x08000378                SPI1_IRQHandler
                0x08000378                TIM6_DAC_IRQHandler
                0x08000378                DCMI_IRQHandler
                0x08000378                HRTIM1_TIMC_IRQHandler
                0x08000378                DMA2_Stream3_IRQHandler
                0x08000378                SAI2_IRQHandler
                0x08000378                DFSDM1_FLT3_IRQHandler
                0x08000378                USART6_IRQHandler
                0x08000378                TIM17_IRQHandler
                0x08000378                USART3_IRQHandler
                0x08000378                BDMA_Channel7_IRQHandler
                0x08000378                LPTIM5_IRQHandler
                0x08000378                UART5_IRQHandler
                0x08000378                ADC3_IRQHandler
                0x08000378                DMA2_Stream0_IRQHandler
                0x08000378                TIM4_IRQHandler
                0x08000378                BDMA_Channel2_IRQHandler
                0x08000378                QUADSPI_IRQHandler
                0x08000378                I2C1_EV_IRQHandler
                0x08000378                DMA1_Stream6_IRQHandler
                0x08000378                DMAMUX1_OVR_IRQHandler
                0x08000378                DMA1_Stream1_IRQHandler
                0x08000378                TIM16_IRQHandler
                0x08000378                UART4_IRQHandler
                0x08000378                BDMA_Channel5_IRQHandler
                0x08000378                TIM3_IRQHandler
                0x08000378                RCC_IRQHandler
                0x08000378                TIM8_BRK_TIM12_IRQHandler
                0x08000378                TIM1_TRG_COM_IRQHandler
                0x08000378                Default_Handler
                0x08000378                ECC_IRQHandler
                0x08000378                CEC_IRQHandler
                0x08000378                EXTI15_10_IRQHandler
                0x08000378                BDMA_Channel0_IRQHandler
                0x08000378                ADC_IRQHandler
                0x08000378                DMA1_Stream7_IRQHandler
                0x08000378                HRTIM1_TIMA_IRQHandler
                0x08000378                SPI5_IRQHandler
                0x08000378                TIM7_IRQHandler
                0x08000378                SDMMC1_IRQHandler
                0x08000378                TIM5_IRQHandler
                0x08000378                DMA2_Stream7_IRQHandler
                0x08000378                TIM15_IRQHandler
                0x08000378                PVD_AVD_IRQHandler
                0x08000378                I2C3_EV_IRQHandler
                0x08000378                EXTI9_5_IRQHandler
                0x08000378                RTC_WKUP_IRQHandler
                0x08000378                LTDC_IRQHandler
                0x08000378                SAI3_IRQHandler
                0x08000378                ETH_WKUP_IRQHandler
                0x08000378                SPDIF_RX_IRQHandler
                0x08000378                SPI2_IRQHandler
                0x08000378                OTG_HS_EP1_IN_IRQHandler
                0x08000378                MemManage_Handler
                0x08000378                DMA1_Stream0_IRQHandler
                0x08000378                SVC_Handler
                0x08000378                CRS_IRQHandler
                0x08000378                EXTI4_IRQHandler
                0x08000378                RNG_IRQHandler
                0x08000378                HRTIM1_TIMB_IRQHandler
                0x08000378                FDCAN2_IT1_IRQHandler
                0x08000378                ETH_IRQHandler
                0x08000378                TIM1_UP_IRQHandler
                0x08000378                BDMA_Channel4_IRQHandler
                0x08000378                OTG_HS_EP1_OUT_IRQHandler
                0x08000378                WWDG_IRQHandler
                0x08000378                SPI6_IRQHandler
                0x08000378                MDIOS_IRQHandler
                0x08000378                I2C4_EV_IRQHandler
                0x08000378                FDCAN2_IT0_IRQHandler
                0x08000378                LPUART1_IRQHandler
                0x08000378                FDCAN1_IT0_IRQHandler
                0x08000378                TIM2_IRQHandler
                0x08000378                OTG_FS_WKUP_IRQHandler
                0x08000378                OTG_HS_IRQHandler
                0x08000378                DMA2D_IRQHandler
                0x08000378                TIM1_BRK_IRQHandler
                0x08000378                EXTI1_IRQHandler
                0x08000378                SDMMC2_IRQHandler
                0x08000378                OTG_FS_EP1_OUT_IRQHandler
                0x08000378                BDMA_Channel3_IRQHandler
                0x08000378                UART7_IRQHandler
                0x08000378                MDIOS_WKUP_IRQHandler
                0x08000378                USART2_IRQHandler
                0x08000378                DFSDM1_FLT0_IRQHandler
                0x08000378                SAI4_IRQHandler
                0x08000378                I2C2_ER_IRQHandler
                0x08000378                DMA2_Stream1_IRQHandler
                0x08000378                FLASH_IRQHandler
                0x08000378                DMA2_Stream4_IRQHandler
                0x08000378                BusFault_Handler
                0x08000378                USART1_IRQHandler
                0x08000378                OTG_FS_IRQHandler
                0x08000378                SPI3_IRQHandler
                0x08000378                WAKEUP_PIN_IRQHandler
                0x08000378                DMA1_Stream4_IRQHandler
                0x08000378                OTG_FS_EP1_IN_IRQHandler
                0x08000378                I2C1_ER_IRQHandler
                0x08000378                FMC_IRQHandler
                0x08000378                FDCAN_CAL_IRQHandler
                0x08000378                SWPMI1_IRQHandler
                0x08000378                COMP1_IRQHandler
                0x08000378                LPTIM1_IRQHandler
                0x08000378                I2C4_ER_IRQHandler
                0x08000378                DMA2_Stream6_IRQHandler
                0x08000378                SAI1_IRQHandler
                0x08000378                DMA1_Stream3_IRQHandler
 *fill*         0x0800037a        0x2 
 .text.SystemInit
                0x0800037c       0xe4 build/system_stm32h7xx.o
                0x0800037c                SystemInit
 .text.ExitRun0Mode
                0x08000460        0x2 build/system_stm32h7xx.o
                0x08000460                ExitRun0Mode
 *fill*         0x08000462        0x2 
 .text.SystemClock_Config
                0x08000464      0x138 build/main.o
                0x08000464                SystemClock_Config
 .text.startup.main
                0x0800059c       0x44 build/main.o
                0x0800059c                main
 .text.SysTick_Handler
                0x080005e0       0x10 build/systick.o
                0x080005e0                SysTick_Handler
 .text.SysTick_Init
                0x080005f0       0x18 build/systick.o
                0x080005f0                SysTick_Init
 .text.delay_ms
                0x08000608       0x14 build/systick.o
                0x08000608                delay_ms
 .text.__libc_init_array
                0x0800061c       0x50 /opt/arm-gnu-toolchain-14.3.rel1-x86_64-arm-none-eabi/bin/../lib/gcc/arm-none-eabi/14.3.1/../../../../arm-none-eabi/lib/thumb/v7e-m+dp/hard/libc.a(libc_a-init.o)
                0x0800061c                __libc_init_array
 .text.__retarget_lock_acquire_recursive
                0x0800066c        0x4 /opt/arm-gnu-toolchain-14.3.rel1-x86_64-arm-none-eabi/bin/../lib/gcc/arm-none-eabi/14.3.1/../../../../arm-none-eabi/lib/thumb/v7e-m+dp/hard/libc.a(libc_a-lock.o)
                0x0800066c                __retarget_lock_acquire_recursive
 .text.__retarget_lock_release_recursive
                0x08000670        0x4 /opt/arm-gnu-toolchain-14.3.rel1-x86_64-arm-none-eabi/bin/../lib/gcc/arm-none-eabi/14.3.1/../../../../arm-none-eabi/lib/thumb/v7e-m+dp/hard/libc.a(libc_a-lock.o)
                0x08000670                __retarget_lock_release_recursive
 .text.startup.register_fini
                0x08000674       0x14 /opt/arm-gnu-toolchain-14.3.rel1-x86_64-arm-none-eabi/bin/../lib/gcc/arm-none-eabi/14.3.1/../../../../arm-none-eabi/lib/thumb/v7e-m+dp/hard/libc.a(libc_a-__call_atexit.o)
 .text.atexit   0x08000688        0xc /opt/arm-gnu-toolchain-14.3.rel1-x86_64-arm-none-eabi/bin/../lib/gcc/arm-none-eabi/14.3.1/../../../../arm-none-eabi/lib/thumb/v7e-m+dp/hard/libc.a(libc_a-atexit.o)
                0x08000688                atexit
 .text.__libc_fini_array
                0x08000694       0x28 /opt/arm-gnu-toolchain-14.3.rel1-x86_64-arm-none-eabi/bin/../lib/gcc/arm-none-eabi/14.3.1/../../../../arm-none-eabi/lib/thumb/v7e-m+dp/hard/libc.a(libc_a-fini.o)
                0x08000694                __libc_fini_array
 .text.__register_exitproc
                0x080006bc       0x80 /opt/arm-gnu-toolchain-14.3.rel1-x86_64-arm-none-eabi/bin/../lib/gcc/arm-none-eabi/14.3.1/../../../../arm-none-eabi/lib/thumb/v7e-m+dp/hard/libc.a(libc_a-__atexit.o)
                0x080006bc                __register_exitproc
 *(.glue_7)
 .glue_7        0x0800073c        0x0 linker stubs
 *(.glue_7t)
 .glue_7t       0x0800073c        0x0 linker stubs
 *(.eh_frame)
 .eh_frame      0x0800073c        0x0 /opt/arm-gnu-toolchain-14.3.rel1-x86_64-arm-none-eabi/bin/../lib/gcc/arm-none-eabi/14.3.1/thumb/v7e-m+dp/hard/crtbegin.o
 *(.init)
 .init          0x0800073c        0x4 /opt/arm-gnu-toolchain-14.3.rel1-x86_64-arm-none-eabi/bin/../lib/gcc/arm-none-eabi/14.3.1/thumb/v7e-m+dp/hard/crti.o
                0x0800073c                _init
 .init          0x08000740        0x8 /opt/arm-gnu-toolchain-14.3.rel1-x86_64-arm-none-eabi/bin/../lib/gcc/arm-none-eabi/14.3.1/thumb/v7e-m+dp/hard/crtn.o
 *(.fini)
 .fini          0x08000748        0x4 /opt/arm-gnu-toolchain-14.3.rel1-x86_64-arm-none-eabi/bin/../lib/gcc/arm-none-eabi/14.3.1/thumb/v7e-m+dp/hard/crti.o
                0x08000748                _fini
 .fini          0x0800074c        0x8 /opt/arm-gnu-toolchain-14.3.rel1-x86_64-arm-none-eabi/bin/../lib/gcc/arm-none-eabi/14.3.1/thumb/v7e-m+dp/hard/crtn.o
                0x08000754                        . = ALIGN (0x4)
                0x08000754                        _etext = .

.vfp11_veneer   0x08000754        0x0
 .vfp11_veneer  0x08000754        0x0 linker stubs

.v4_bx          0x08000754        0x0
 .v4_bx         0x08000754        0x0 linker stubs

.iplt           0x08000754        0x0
 .iplt          0x08000754        0x0 /opt/arm-gnu-toolchain-14.3.rel1-x86_64-arm-none-eabi/bin/../lib/gcc/arm-none-eabi/14.3.1/thumb/v7e-m+dp/hard/crtbegin.o

.rodata         0x08000754        0x0
                0x08000754                        . = ALIGN (0x4)
 *(.rodata)
 *(.rodata*)
                0x08000754                        . = ALIGN (0x4)

.ARM.extab      0x08000754        0x0
                0x08000754                        . = ALIGN (0x4)
 *(.ARM.extab* .gnu.linkonce.armextab.*)
                0x08000754                        . = ALIGN (0x4)

.ARM            0x08000754        0x0
                0x08000754                        . = ALIGN (0x4)
                0x08000754                        __exidx_start = .
 *(.ARM.exidx*)
                0x08000754                        __exidx_end = .
                0x08000754                        . = ALIGN (0x4)

.preinit_array  0x08000754        0x0
                0x08000754                        . = ALIGN (0x4)
                0x08000754                        PROVIDE (__preinit_array_start = .)
 *(.preinit_array*)
                0x08000754                        PROVIDE (__preinit_array_end = .)
                0x08000754                        . = ALIGN (0x4)

.init_array     0x08000754        0x8
                0x08000754                        . = ALIGN (0x4)
                0x08000754                        PROVIDE (__init_array_start = .)
 *(SORT_BY_NAME(.init_array.*))
 .init_array.00000
                0x08000754        0x4 /opt/arm-gnu-toolchain-14.3.rel1-x86_64-arm-none-eabi/bin/../lib/gcc/arm-none-eabi/14.3.1/../../../../arm-none-eabi/lib/thumb/v7e-m+dp/hard/libc.a(libc_a-__call_atexit.o)
 *(.init_array*)
 .init_array    0x08000758        0x4 /opt/arm-gnu-toolchain-14.3.rel1-x86_64-arm-none-eabi/bin/../lib/gcc/arm-none-eabi/14.3.1/thumb/v7e-m+dp/hard/crtbegin.o
                0x0800075c                        PROVIDE (__init_array_end = .)
                0x0800075c                        . = ALIGN (0x4)

.fini_array     0x0800075c        0x4
                0x0800075c                        . = ALIGN (0x4)
                0x0800075c                        PROVIDE (__fini_array_start = .)
 *(SORT_BY_NAME(.fini_array.*))
 *(.fini_array*)
 .fini_array    0x0800075c        0x4 /opt/arm-gnu-toolchain-14.3.rel1-x86_64-arm-none-eabi/bin/../lib/gcc/arm-none-eabi/14.3.1/thumb/v7e-m+dp/hard/crtbegin.o
                0x08000760                        PROVIDE (__fini_array_end = .)
                0x08000760                        . = ALIGN (0x4)
                0x08000760                        _sidata = LOADADDR (.data)

.rel.dyn        0x08000760        0x0
 .rel.iplt      0x08000760        0x0 /opt/arm-gnu-toolchain-14.3.rel1-x86_64-arm-none-eabi/bin/../lib/gcc/arm-none-eabi/14.3.1/thumb/v7e-m+dp/hard/crtbegin.o

.data           0x20000000        0x4 load address 0x08000760
                0x20000000                        . = ALIGN (0x4)
                0x20000000                        _sdata = .
 *(.data)
 *(.data*)
 .data.__atexit_recursive_mutex
                0x20000000        0x4 /opt/arm-gnu-toolchain-14.3.rel1-x86_64-arm-none-eabi/bin/../lib/gcc/arm-none-eabi/14.3.1/../../../../arm-none-eabi/lib/thumb/v7e-m+dp/hard/libc.a(libc_a-__call_atexit.o)
                0x20000000                __atexit_recursive_mutex
 *(.RamFunc)
 *(.RamFunc*)
                0x20000004                        . = ALIGN (0x4)
                0x20000004                        _edata = .

.tm_clone_table
                0x20000004        0x0 load address 0x08000764
 .tm_clone_table
                0x20000004        0x0 /opt/arm-gnu-toolchain-14.3.rel1-x86_64-arm-none-eabi/bin/../lib/gcc/arm-none-eabi/14.3.1/thumb/v7e-m+dp/hard/crtbegin.o
 .tm_clone_table
                0x20000004        0x0 /opt/arm-gnu-toolchain-14.3.rel1-x86_64-arm-none-eabi/bin/../lib/gcc/arm-none-eabi/14.3.1/thumb/v7e-m+dp/hard/crtend.o

.igot.plt       0x20000004        0x0 load address 0x08000764
 .igot.plt      0x20000004        0x0 /opt/arm-gnu-toolchain-14.3.rel1-x86_64-arm-none-eabi/bin/../lib/gcc/arm-none-eabi/14.3.1/thumb/v7e-m+dp/hard/crtbegin.o
                0x20000004                        . = ALIGN (0x4)

.bss            0x20000004      0x1b8 load address 0x08000764
                0x20000004                        _sbss = .
                0x20000004                        __bss_start__ = _sbss
 *(.bss)
 *(.bss*)
 .bss.completed.1
                0x20000004        0x1 /opt/arm-gnu-toolchain-14.3.rel1-x86_64-arm-none-eabi/bin/../lib/gcc/arm-none-eabi/14.3.1/thumb/v7e-m+dp/hard/crtbegin.o
 *fill*         0x20000005        0x3 
 .bss.object.0  0x20000008       0x18 /opt/arm-gnu-toolchain-14.3.rel1-x86_64-arm-none-eabi/bin/../lib/gcc/arm-none-eabi/14.3.1/thumb/v7e-m+dp/hard/crtbegin.o
 .bss.systick_ms
                0x20000020        0x4 build/systick.o
                0x20000020                systick_ms
 .bss.__lock___atexit_recursive_mutex
                0x20000024        0x1 /opt/arm-gnu-toolchain-14.3.rel1-x86_64-arm-none-eabi/bin/../lib/gcc/arm-none-eabi/14.3.1/../../../../arm-none-eabi/lib/thumb/v7e-m+dp/hard/libc.a(libc_a-lock.o)
                0x20000024                __lock___atexit_recursive_mutex
 *fill*         0x20000025        0x3 
 .bss.__atexit  0x20000028        0x4 /opt/arm-gnu-toolchain-14.3.rel1-x86_64-arm-none-eabi/bin/../lib/gcc/arm-none-eabi/14.3.1/../../../../arm-none-eabi/lib/thumb/v7e-m+dp/hard/libc.a(libc_a-__call_atexit.o)
                0x20000028                __atexit
 .bss.__atexit0
                0x2000002c      0x190 /opt/arm-gnu-toolchain-14.3.rel1-x86_64-arm-none-eabi/bin/../lib/gcc/arm-none-eabi/14.3.1/../../../../arm-none-eabi/lib/thumb/v7e-m+dp/hard/libc.a(libc_a-__atexit.o)
                0x2000002c                __atexit0
 *(COMMON)
                0x200001bc                        . = ALIGN (0x4)
                0x200001bc                        _ebss = .
                0x200001bc                        __bss_end__ = _ebss

._user_heap_stack
                0x200001bc      0x604 load address 0x08000764
                0x200001c0                        . = ALIGN (0x8)
 *fill*         0x200001bc        0x4 
                [!provide]                        PROVIDE (end = .)
                0x200001c0                        PROVIDE (_end = .)
                0x200003c0                        . = (. + _Min_Heap_Size)
 *fill*         0x200001c0      0x200 
                0x200007c0                        . = (. + _Min_Stack_Size)
 *fill*         0x200003c0      0x400 
                0x200007c0                        . = ALIGN (0x8)

/DISCARD/
 libc.a(*)
 libm.a(*)
 libgcc.a(*)
OUTPUT(build/BASECODE.elf elf32-littlearm)
LOAD linker stubs
LOAD /opt/arm-gnu-toolchain-14.3.rel1-x86_64-arm-none-eabi/bin/../lib/gcc/arm-none-eabi/14.3.1/../../../../arm-none-eabi/lib/thumb/v7e-m+dp/hard/libc.a
LOAD /opt/arm-gnu-toolchain-14.3.rel1-x86_64-arm-none-eabi/bin/../lib/gcc/arm-none-eabi/14.3.1/../../../../arm-none-eabi/lib/thumb/v7e-m+dp/hard/libm.a
LOAD /opt/arm-gnu-toolchain-14.3.rel1-x86_64-arm-none-eabi/bin/../lib/gcc/arm-none-eabi/14.3.1/thumb/v7e-m+dp/hard/libgcc.a

.ARM.attributes
                0x00000000       0x2e
 .ARM.attributes
                0x00000000       0x20 /opt/arm-gnu-toolchain-14.3.rel1-x86_64-arm-none-eabi/bin/../lib/gcc/arm-none-eabi/14.3.1/thumb/v7e-m+dp/hard/crti.o
 .ARM.attributes
                0x00000020       0x32 /opt/arm-gnu-toolchain-14.3.rel1-x86_64-arm-none-eabi/bin/../lib/gcc/arm-none-eabi/14.3.1/thumb/v7e-m+dp/hard/crtbegin.o
 .ARM.attributes
                0x00000052       0x21 build/startup_stm32h743xx.o
 .ARM.attributes
                0x00000073       0x32 build/system_stm32h7xx.o
 .ARM.attributes
                0x000000a5       0x32 build/main.o
 .ARM.attributes
                0x000000d7       0x32 build/systick.o
 .ARM.attributes
                0x00000109       0x32 /opt/arm-gnu-toolchain-14.3.rel1-x86_64-arm-none-eabi/bin/../lib/gcc/arm-none-eabi/14.3.1/../../../../arm-none-eabi/lib/thumb/v7e-m+dp/hard/libc.a(libc_a-init.o)
 .ARM.attributes
                0x0000013b       0x32 /opt/arm-gnu-toolchain-14.3.rel1-x86_64-arm-none-eabi/bin/../lib/gcc/arm-none-eabi/14.3.1/../../../../arm-none-eabi/lib/thumb/v7e-m+dp/hard/libc.a(libc_a-lock.o)
 .ARM.attributes
                0x0000016d       0x32 /opt/arm-gnu-toolchain-14.3.rel1-x86_64-arm-none-eabi/bin/../lib/gcc/arm-none-eabi/14.3.1/../../../../arm-none-eabi/lib/thumb/v7e-m+dp/hard/libc.a(libc_a-__call_atexit.o)
 .ARM.attributes
                0x0000019f       0x32 /opt/arm-gnu-toolchain-14.3.rel1-x86_64-arm-none-eabi/bin/../lib/gcc/arm-none-eabi/14.3.1/../../../../arm-none-eabi/lib/thumb/v7e-m+dp/hard/libc.a(libc_a-atexit.o)
 .ARM.attributes
                0x000001d1       0x32 /opt/arm-gnu-toolchain-14.3.rel1-x86_64-arm-none-eabi/bin/../lib/gcc/arm-none-eabi/14.3.1/../../../../arm-none-eabi/lib/thumb/v7e-m+dp/hard/libc.a(libc_a-fini.o)
 .ARM.attributes
                0x00000203       0x32 /opt/arm-gnu-toolchain-14.3.rel1-x86_64-arm-none-eabi/bin/../lib/gcc/arm-none-eabi/14.3.1/../../../../arm-none-eabi/lib/thumb/v7e-m+dp/hard/libc.a(libc_a-__atexit.o)
 .ARM.attributes
                0x00000235       0x32 /opt/arm-gnu-toolchain-14.3.rel1-x86_64-arm-none-eabi/bin/../lib/gcc/arm-none-eabi/14.3.1/thumb/v7e-m+dp/hard/crtend.o
 .ARM.attributes
                0x00000267       0x20 /opt/arm-gnu-toolchain-14.3.rel1-x86_64-arm-none-eabi/bin/../lib/gcc/arm-none-eabi/14.3.1/thumb/v7e-m+dp/hard/crtn.o

.comment        0x00000000       0x46
 .comment       0x00000000       0x46 build/system_stm32h7xx.o
                                 0x47 (size before relaxing)
 .comment       0x00000046       0x47 build/main.o
 .comment       0x00000046       0x47 build/systick.o

.debug_line     0x00000000      0xe5a
 .debug_line    0x00000000       0x7b build/startup_stm32h743xx.o
 .debug_line    0x0000007b      0x5a0 build/system_stm32h7xx.o
 .debug_line    0x0000061b      0x540 build/main.o
 .debug_line    0x00000b5b      0x2ff build/systick.o

.debug_line_str
                0x00000000       0x45
 .debug_line_str
                0x00000000       0x45 build/startup_stm32h743xx.o

.debug_info     0x00000000     0x18c2
 .debug_info    0x00000000       0x30 build/startup_stm32h743xx.o
 .debug_info    0x00000030      0xd2f build/system_stm32h7xx.o
 .debug_info    0x00000d5f      0xa1c build/main.o
 .debug_info    0x0000177b      0x147 build/systick.o

.debug_abbrev   0x00000000      0x3d7
 .debug_abbrev  0x00000000       0x24 build/startup_stm32h743xx.o
 .debug_abbrev  0x00000024      0x16b build/system_stm32h7xx.o
 .debug_abbrev  0x0000018f      0x14f build/main.o
 .debug_abbrev  0x000002de       0xf9 build/systick.o

.debug_aranges  0x00000000       0xb0
 .debug_aranges
                0x00000000       0x28 build/startup_stm32h743xx.o
 .debug_aranges
                0x00000028       0x30 build/system_stm32h7xx.o
 .debug_aranges
                0x00000058       0x28 build/main.o
 .debug_aranges
                0x00000080       0x30 build/systick.o

.debug_str      0x00000000    0xea9e9
 .debug_str     0x00000000    0xea9e9 build/startup_stm32h743xx.o
                                 0x61 (size before relaxing)
 .debug_str     0x000ea9e9    0xeab13 build/system_stm32h7xx.o
 .debug_str     0x000ea9e9    0xe72b2 build/main.o
 .debug_str     0x000ea9e9    0xe6ec2 build/systick.o

.debug_rnglists
                0x00000000       0x73
 .debug_rnglists
                0x00000000       0x19 build/startup_stm32h743xx.o
 .debug_rnglists
                0x00000019       0x21 build/system_stm32h7xx.o
 .debug_rnglists
                0x0000003a       0x1a build/main.o
 .debug_rnglists
                0x00000054       0x1f build/systick.o

.debug_loclists
                0x00000000      0x156
 .debug_loclists
                0x00000000      0x13f build/system_stm32h7xx.o
 .debug_loclists
                0x0000013f       0x17 build/systick.o

.debug_macro    0x00000000      0x53a
 .debug_macro   0x00000000      0x17e build/system_stm32h7xx.o
 .debug_macro   0x0000017e       0x7b build/system_stm32h7xx.o
 .debug_macro   0x000001f9      0x19b build/system_stm32h7xx.o
 .debug_macro   0x00000394       0xd7 build/main.o
 .debug_macro   0x0000046b       0xcf build/systick.o

.debug_frame    0x00000000      0x284
 .debug_frame   0x00000000       0x4c build/system_stm32h7xx.o
 .debug_frame   0x0000004c       0x38 build/main.o
 .debug_frame   0x00000084       0x40 build/systick.o
 .debug_frame   0x000000c4       0x2c /opt/arm-gnu-toolchain-14.3.rel1-x86_64-arm-none-eabi/bin/../lib/gcc/arm-none-eabi/14.3.1/../../../../arm-none-eabi/lib/thumb/v7e-m+dp/hard/libc.a(libc_a-init.o)
 .debug_frame   0x000000f0       0xb0 /opt/arm-gnu-toolchain-14.3.rel1-x86_64-arm-none-eabi/bin/../lib/gcc/arm-none-eabi/14.3.1/../../../../arm-none-eabi/lib/thumb/v7e-m+dp/hard/libc.a(libc_a-lock.o)
 .debug_frame   0x000001a0       0x5c /opt/arm-gnu-toolchain-14.3.rel1-x86_64-arm-none-eabi/bin/../lib/gcc/arm-none-eabi/14.3.1/../../../../arm-none-eabi/lib/thumb/v7e-m+dp/hard/libc.a(libc_a-__call_atexit.o)
 .debug_frame   0x000001fc       0x20 /opt/arm-gnu-toolchain-14.3.rel1-x86_64-arm-none-eabi/bin/../lib/gcc/arm-none-eabi/14.3.1/../../../../arm-none-eabi/lib/thumb/v7e-m+dp/hard/libc.a(libc_a-atexit.o)
 .debug_frame   0x0000021c       0x34 /opt/arm-gnu-toolchain-14.3.rel1-x86_64-arm-none-eabi/bin/../lib/gcc/arm-none-eabi/14.3.1/../../../../arm-none-eabi/lib/thumb/v7e-m+dp/hard/libc.a(libc_a-fini.o)
 .debug_frame   0x00000250       0x34 /opt/arm-gnu-toolchain-14.3.rel1-x86_64-arm-none-eabi/bin/../lib/gcc/arm-none-eabi/14.3.1/../../../../arm-none-eabi/lib/thumb/v7e-m+dp/hard/libc.a(libc_a-__atexit.o)
