Archive member included to satisfy reference by file (symbol)

/opt/st/stm32cubeclt_1.19.0/GNU-tools-for-STM32/bin/../lib/gcc/arm-none-eabi/13.3.1/../../../../arm-none-eabi/lib/thumb/v7e-m+dp/hard/libc.a(libc_a-exit.o)
                              /opt/st/stm32cubeclt_1.19.0/GNU-tools-for-STM32/bin/../lib/gcc/arm-none-eabi/13.3.1/../../../../arm-none-eabi/lib/thumb/v7e-m+dp/hard/crt0.o (exit)
/opt/st/stm32cubeclt_1.19.0/GNU-tools-for-STM32/bin/../lib/gcc/arm-none-eabi/13.3.1/../../../../arm-none-eabi/lib/thumb/v7e-m+dp/hard/libc.a(libc_a-findfp.o)
                              /opt/st/stm32cubeclt_1.19.0/GNU-tools-for-STM32/bin/../lib/gcc/arm-none-eabi/13.3.1/../../../../arm-none-eabi/lib/thumb/v7e-m+dp/hard/libc.a(libc_a-exit.o) (__stdio_exit_handler)
/opt/st/stm32cubeclt_1.19.0/GNU-tools-for-STM32/bin/../lib/gcc/arm-none-eabi/13.3.1/../../../../arm-none-eabi/lib/thumb/v7e-m+dp/hard/libc.a(libc_a-fwalk.o)
                              /opt/st/stm32cubeclt_1.19.0/GNU-tools-for-STM32/bin/../lib/gcc/arm-none-eabi/13.3.1/../../../../arm-none-eabi/lib/thumb/v7e-m+dp/hard/libc.a(libc_a-findfp.o) (_fwalk_sglue)
/opt/st/stm32cubeclt_1.19.0/GNU-tools-for-STM32/bin/../lib/gcc/arm-none-eabi/13.3.1/../../../../arm-none-eabi/lib/thumb/v7e-m+dp/hard/libc.a(libc_a-stdio.o)
                              /opt/st/stm32cubeclt_1.19.0/GNU-tools-for-STM32/bin/../lib/gcc/arm-none-eabi/13.3.1/../../../../arm-none-eabi/lib/thumb/v7e-m+dp/hard/libc.a(libc_a-findfp.o) (__sread)
/opt/st/stm32cubeclt_1.19.0/GNU-tools-for-STM32/bin/../lib/gcc/arm-none-eabi/13.3.1/../../../../arm-none-eabi/lib/thumb/v7e-m+dp/hard/libc.a(libc_a-memset.o)
                              /opt/st/stm32cubeclt_1.19.0/GNU-tools-for-STM32/bin/../lib/gcc/arm-none-eabi/13.3.1/../../../../arm-none-eabi/lib/thumb/v7e-m+dp/hard/crt0.o (memset)
/opt/st/stm32cubeclt_1.19.0/GNU-tools-for-STM32/bin/../lib/gcc/arm-none-eabi/13.3.1/../../../../arm-none-eabi/lib/thumb/v7e-m+dp/hard/libc.a(libc_a-closer.o)
                              /opt/st/stm32cubeclt_1.19.0/GNU-tools-for-STM32/bin/../lib/gcc/arm-none-eabi/13.3.1/../../../../arm-none-eabi/lib/thumb/v7e-m+dp/hard/libc.a(libc_a-stdio.o) (_close_r)
/opt/st/stm32cubeclt_1.19.0/GNU-tools-for-STM32/bin/../lib/gcc/arm-none-eabi/13.3.1/../../../../arm-none-eabi/lib/thumb/v7e-m+dp/hard/libc.a(libc_a-reent.o)
                              /opt/st/stm32cubeclt_1.19.0/GNU-tools-for-STM32/bin/../lib/gcc/arm-none-eabi/13.3.1/../../../../arm-none-eabi/lib/thumb/v7e-m+dp/hard/libc.a(libc_a-closer.o) (errno)
/opt/st/stm32cubeclt_1.19.0/GNU-tools-for-STM32/bin/../lib/gcc/arm-none-eabi/13.3.1/../../../../arm-none-eabi/lib/thumb/v7e-m+dp/hard/libc.a(libc_a-impure.o)
                              /opt/st/stm32cubeclt_1.19.0/GNU-tools-for-STM32/bin/../lib/gcc/arm-none-eabi/13.3.1/../../../../arm-none-eabi/lib/thumb/v7e-m+dp/hard/libc.a(libc_a-reent.o) (_impure_ptr)
/opt/st/stm32cubeclt_1.19.0/GNU-tools-for-STM32/bin/../lib/gcc/arm-none-eabi/13.3.1/../../../../arm-none-eabi/lib/thumb/v7e-m+dp/hard/libc.a(libc_a-lseekr.o)
                              /opt/st/stm32cubeclt_1.19.0/GNU-tools-for-STM32/bin/../lib/gcc/arm-none-eabi/13.3.1/../../../../arm-none-eabi/lib/thumb/v7e-m+dp/hard/libc.a(libc_a-stdio.o) (_lseek_r)
/opt/st/stm32cubeclt_1.19.0/GNU-tools-for-STM32/bin/../lib/gcc/arm-none-eabi/13.3.1/../../../../arm-none-eabi/lib/thumb/v7e-m+dp/hard/libc.a(libc_a-readr.o)
                              /opt/st/stm32cubeclt_1.19.0/GNU-tools-for-STM32/bin/../lib/gcc/arm-none-eabi/13.3.1/../../../../arm-none-eabi/lib/thumb/v7e-m+dp/hard/libc.a(libc_a-stdio.o) (_read_r)
/opt/st/stm32cubeclt_1.19.0/GNU-tools-for-STM32/bin/../lib/gcc/arm-none-eabi/13.3.1/../../../../arm-none-eabi/lib/thumb/v7e-m+dp/hard/libc.a(libc_a-writer.o)
                              /opt/st/stm32cubeclt_1.19.0/GNU-tools-for-STM32/bin/../lib/gcc/arm-none-eabi/13.3.1/../../../../arm-none-eabi/lib/thumb/v7e-m+dp/hard/libc.a(libc_a-stdio.o) (_write_r)
/opt/st/stm32cubeclt_1.19.0/GNU-tools-for-STM32/bin/../lib/gcc/arm-none-eabi/13.3.1/../../../../arm-none-eabi/lib/thumb/v7e-m+dp/hard/libc.a(libc_a-errno.o)
                              build/syscalls.o (__errno)
/opt/st/stm32cubeclt_1.19.0/GNU-tools-for-STM32/bin/../lib/gcc/arm-none-eabi/13.3.1/../../../../arm-none-eabi/lib/thumb/v7e-m+dp/hard/libc.a(libc_a-init.o)
                              /opt/st/stm32cubeclt_1.19.0/GNU-tools-for-STM32/bin/../lib/gcc/arm-none-eabi/13.3.1/../../../../arm-none-eabi/lib/thumb/v7e-m+dp/hard/crt0.o (__libc_init_array)
/opt/st/stm32cubeclt_1.19.0/GNU-tools-for-STM32/bin/../lib/gcc/arm-none-eabi/13.3.1/../../../../arm-none-eabi/lib/thumb/v7e-m+dp/hard/libc.a(libc_a-lock.o)
                              /opt/st/stm32cubeclt_1.19.0/GNU-tools-for-STM32/bin/../lib/gcc/arm-none-eabi/13.3.1/../../../../arm-none-eabi/lib/thumb/v7e-m+dp/hard/libc.a(libc_a-findfp.o) (__retarget_lock_init_recursive)
/opt/st/stm32cubeclt_1.19.0/GNU-tools-for-STM32/bin/../lib/gcc/arm-none-eabi/13.3.1/../../../../arm-none-eabi/lib/thumb/v7e-m+dp/hard/libc.a(libc_a-__call_atexit.o)
                              /opt/st/stm32cubeclt_1.19.0/GNU-tools-for-STM32/bin/../lib/gcc/arm-none-eabi/13.3.1/../../../../arm-none-eabi/lib/thumb/v7e-m+dp/hard/libc.a(libc_a-exit.o) (__call_exitprocs)
/opt/st/stm32cubeclt_1.19.0/GNU-tools-for-STM32/bin/../lib/gcc/arm-none-eabi/13.3.1/../../../../arm-none-eabi/lib/thumb/v7e-m+dp/hard/libc.a(libc_a-atexit.o)
                              /opt/st/stm32cubeclt_1.19.0/GNU-tools-for-STM32/bin/../lib/gcc/arm-none-eabi/13.3.1/../../../../arm-none-eabi/lib/thumb/v7e-m+dp/hard/libc.a(libc_a-__call_atexit.o) (atexit)
/opt/st/stm32cubeclt_1.19.0/GNU-tools-for-STM32/bin/../lib/gcc/arm-none-eabi/13.3.1/../../../../arm-none-eabi/lib/thumb/v7e-m+dp/hard/libc.a(libc_a-freer.o)
                              /opt/st/stm32cubeclt_1.19.0/GNU-tools-for-STM32/bin/../lib/gcc/arm-none-eabi/13.3.1/../../../../arm-none-eabi/lib/thumb/v7e-m+dp/hard/libc.a(libc_a-reent.o) (_free_r)
/opt/st/stm32cubeclt_1.19.0/GNU-tools-for-STM32/bin/../lib/gcc/arm-none-eabi/13.3.1/../../../../arm-none-eabi/lib/thumb/v7e-m+dp/hard/libc.a(libc_a-mallocr.o)
                              /opt/st/stm32cubeclt_1.19.0/GNU-tools-for-STM32/bin/../lib/gcc/arm-none-eabi/13.3.1/../../../../arm-none-eabi/lib/thumb/v7e-m+dp/hard/libc.a(libc_a-findfp.o) (_malloc_r)
/opt/st/stm32cubeclt_1.19.0/GNU-tools-for-STM32/bin/../lib/gcc/arm-none-eabi/13.3.1/../../../../arm-none-eabi/lib/thumb/v7e-m+dp/hard/libc.a(libc_a-mlock.o)
                              /opt/st/stm32cubeclt_1.19.0/GNU-tools-for-STM32/bin/../lib/gcc/arm-none-eabi/13.3.1/../../../../arm-none-eabi/lib/thumb/v7e-m+dp/hard/libc.a(libc_a-freer.o) (__malloc_lock)
/opt/st/stm32cubeclt_1.19.0/GNU-tools-for-STM32/bin/../lib/gcc/arm-none-eabi/13.3.1/../../../../arm-none-eabi/lib/thumb/v7e-m+dp/hard/libc.a(libc_a-fclose.o)
                              /opt/st/stm32cubeclt_1.19.0/GNU-tools-for-STM32/bin/../lib/gcc/arm-none-eabi/13.3.1/../../../../arm-none-eabi/lib/thumb/v7e-m+dp/hard/libc.a(libc_a-findfp.o) (_fclose_r)
/opt/st/stm32cubeclt_1.19.0/GNU-tools-for-STM32/bin/../lib/gcc/arm-none-eabi/13.3.1/../../../../arm-none-eabi/lib/thumb/v7e-m+dp/hard/libc.a(libc_a-fflush.o)
                              /opt/st/stm32cubeclt_1.19.0/GNU-tools-for-STM32/bin/../lib/gcc/arm-none-eabi/13.3.1/../../../../arm-none-eabi/lib/thumb/v7e-m+dp/hard/libc.a(libc_a-fclose.o) (__sflush_r)
/opt/st/stm32cubeclt_1.19.0/GNU-tools-for-STM32/bin/../lib/gcc/arm-none-eabi/13.3.1/../../../../arm-none-eabi/lib/thumb/v7e-m+dp/hard/libc.a(libc_a-sbrkr.o)
                              /opt/st/stm32cubeclt_1.19.0/GNU-tools-for-STM32/bin/../lib/gcc/arm-none-eabi/13.3.1/../../../../arm-none-eabi/lib/thumb/v7e-m+dp/hard/libc.a(libc_a-freer.o) (_sbrk_r)
/opt/st/stm32cubeclt_1.19.0/GNU-tools-for-STM32/bin/../lib/gcc/arm-none-eabi/13.3.1/../../../../arm-none-eabi/lib/thumb/v7e-m+dp/hard/libc.a(libc_a-fini.o)
                              /opt/st/stm32cubeclt_1.19.0/GNU-tools-for-STM32/bin/../lib/gcc/arm-none-eabi/13.3.1/../../../../arm-none-eabi/lib/thumb/v7e-m+dp/hard/libc.a(libc_a-__call_atexit.o) (__libc_fini_array)
/opt/st/stm32cubeclt_1.19.0/GNU-tools-for-STM32/bin/../lib/gcc/arm-none-eabi/13.3.1/../../../../arm-none-eabi/lib/thumb/v7e-m+dp/hard/libc.a(libc_a-sysconf.o)
                              /opt/st/stm32cubeclt_1.19.0/GNU-tools-for-STM32/bin/../lib/gcc/arm-none-eabi/13.3.1/../../../../arm-none-eabi/lib/thumb/v7e-m+dp/hard/libc.a(libc_a-freer.o) (sysconf)
/opt/st/stm32cubeclt_1.19.0/GNU-tools-for-STM32/bin/../lib/gcc/arm-none-eabi/13.3.1/../../../../arm-none-eabi/lib/thumb/v7e-m+dp/hard/libc.a(libc_a-__atexit.o)
                              /opt/st/stm32cubeclt_1.19.0/GNU-tools-for-STM32/bin/../lib/gcc/arm-none-eabi/13.3.1/../../../../arm-none-eabi/lib/thumb/v7e-m+dp/hard/libc.a(libc_a-atexit.o) (__register_exitproc)

Discarded input sections

 .text          0x00000000        0x0 /opt/st/stm32cubeclt_1.19.0/GNU-tools-for-STM32/bin/../lib/gcc/arm-none-eabi/13.3.1/thumb/v7e-m+dp/hard/crti.o
 .data          0x00000000        0x0 /opt/st/stm32cubeclt_1.19.0/GNU-tools-for-STM32/bin/../lib/gcc/arm-none-eabi/13.3.1/thumb/v7e-m+dp/hard/crti.o
 .bss           0x00000000        0x0 /opt/st/stm32cubeclt_1.19.0/GNU-tools-for-STM32/bin/../lib/gcc/arm-none-eabi/13.3.1/thumb/v7e-m+dp/hard/crti.o
 .data          0x00000000        0x4 /opt/st/stm32cubeclt_1.19.0/GNU-tools-for-STM32/bin/../lib/gcc/arm-none-eabi/13.3.1/thumb/v7e-m+dp/hard/crtbegin.o
 .rodata        0x00000000       0x24 /opt/st/stm32cubeclt_1.19.0/GNU-tools-for-STM32/bin/../lib/gcc/arm-none-eabi/13.3.1/thumb/v7e-m+dp/hard/crtbegin.o
 .text          0x00000000       0x7c /opt/st/stm32cubeclt_1.19.0/GNU-tools-for-STM32/bin/../lib/gcc/arm-none-eabi/13.3.1/../../../../arm-none-eabi/lib/thumb/v7e-m+dp/hard/crt0.o
 .data          0x00000000        0x0 /opt/st/stm32cubeclt_1.19.0/GNU-tools-for-STM32/bin/../lib/gcc/arm-none-eabi/13.3.1/../../../../arm-none-eabi/lib/thumb/v7e-m+dp/hard/crt0.o
 .bss           0x00000000        0x0 /opt/st/stm32cubeclt_1.19.0/GNU-tools-for-STM32/bin/../lib/gcc/arm-none-eabi/13.3.1/../../../../arm-none-eabi/lib/thumb/v7e-m+dp/hard/crt0.o
 .ARM.extab     0x00000000        0x0 /opt/st/stm32cubeclt_1.19.0/GNU-tools-for-STM32/bin/../lib/gcc/arm-none-eabi/13.3.1/../../../../arm-none-eabi/lib/thumb/v7e-m+dp/hard/crt0.o
 .ARM.exidx     0x00000000       0x10 /opt/st/stm32cubeclt_1.19.0/GNU-tools-for-STM32/bin/../lib/gcc/arm-none-eabi/13.3.1/../../../../arm-none-eabi/lib/thumb/v7e-m+dp/hard/crt0.o
 .ARM.attributes
                0x00000000       0x1e /opt/st/stm32cubeclt_1.19.0/GNU-tools-for-STM32/bin/../lib/gcc/arm-none-eabi/13.3.1/../../../../arm-none-eabi/lib/thumb/v7e-m+dp/hard/crt0.o
 .text          0x00000000       0x14 build/startup_stm32h743xx.o
 .data          0x00000000        0x0 build/startup_stm32h743xx.o
 .bss           0x00000000        0x0 build/startup_stm32h743xx.o
 .group         0x00000000        0xc build/syscalls.o
 .group         0x00000000        0xc build/syscalls.o
 .group         0x00000000        0xc build/syscalls.o
 .group         0x00000000        0xc build/syscalls.o
 .group         0x00000000        0xc build/syscalls.o
 .group         0x00000000        0xc build/syscalls.o
 .group         0x00000000        0xc build/syscalls.o
 .group         0x00000000        0xc build/syscalls.o
 .group         0x00000000        0xc build/syscalls.o
 .group         0x00000000        0xc build/syscalls.o
 .group         0x00000000        0xc build/syscalls.o
 .group         0x00000000        0xc build/syscalls.o
 .group         0x00000000        0xc build/syscalls.o
 .group         0x00000000        0xc build/syscalls.o
 .group         0x00000000        0xc build/syscalls.o
 .group         0x00000000        0xc build/syscalls.o
 .group         0x00000000        0xc build/syscalls.o
 .group         0x00000000        0xc build/syscalls.o
 .group         0x00000000        0xc build/syscalls.o
 .group         0x00000000        0xc build/syscalls.o
 .group         0x00000000        0xc build/syscalls.o
 .group         0x00000000        0xc build/syscalls.o
 .group         0x00000000        0xc build/syscalls.o
 .group         0x00000000        0xc build/syscalls.o
 .group         0x00000000        0xc build/syscalls.o
 .group         0x00000000        0xc build/syscalls.o
 .group         0x00000000        0xc build/syscalls.o
 .group         0x00000000        0xc build/syscalls.o
 .group         0x00000000        0xc build/syscalls.o
 .group         0x00000000        0xc build/syscalls.o
 .group         0x00000000        0xc build/syscalls.o
 .group         0x00000000        0xc build/syscalls.o
 .group         0x00000000        0xc build/syscalls.o
 .group         0x00000000        0xc build/syscalls.o
 .group         0x00000000        0xc build/syscalls.o
 .group         0x00000000        0xc build/syscalls.o
 .group         0x00000000        0xc build/syscalls.o
 .group         0x00000000        0xc build/syscalls.o
 .group         0x00000000        0xc build/syscalls.o
 .group         0x00000000        0xc build/syscalls.o
 .group         0x00000000        0xc build/syscalls.o
 .group         0x00000000        0xc build/syscalls.o
 .group         0x00000000        0xc build/syscalls.o
 .group         0x00000000        0xc build/syscalls.o
 .group         0x00000000        0xc build/syscalls.o
 .group         0x00000000        0xc build/syscalls.o
 .group         0x00000000        0xc build/syscalls.o
 .text          0x00000000        0x0 build/syscalls.o
 .data          0x00000000        0x0 build/syscalls.o
 .bss           0x00000000        0x0 build/syscalls.o
 .text.initialise_monitor_handles
                0x00000000        0x2 build/syscalls.o
 .text._getpid  0x00000000        0x4 build/syscalls.o
 .text._kill    0x00000000       0x10 build/syscalls.o
 .text._exit    0x00000000        0xc build/syscalls.o
 .text._read    0x00000000       0x1c build/syscalls.o
 .text._write   0x00000000       0x1c build/syscalls.o
 .text._close   0x00000000        0x6 build/syscalls.o
 .text._fstat   0x00000000        0xa build/syscalls.o
 .text._isatty  0x00000000        0x4 build/syscalls.o
 .text._lseek   0x00000000        0x4 build/syscalls.o
 .text._open    0x00000000        0xa build/syscalls.o
 .text._wait    0x00000000       0x10 build/syscalls.o
 .text._unlink  0x00000000       0x10 build/syscalls.o
 .text._times   0x00000000        0x6 build/syscalls.o
 .text._stat    0x00000000        0xa build/syscalls.o
 .text._link    0x00000000       0x10 build/syscalls.o
 .text._fork    0x00000000       0x10 build/syscalls.o
 .text._execve  0x00000000       0x10 build/syscalls.o
 .data.environ  0x00000000        0x4 build/syscalls.o
 .bss.__env     0x00000000        0x4 build/syscalls.o
 .debug_info    0x00000000      0x7b5 build/syscalls.o
 .debug_abbrev  0x00000000      0x208 build/syscalls.o
 .debug_loclists
                0x00000000      0x335 build/syscalls.o
 .debug_aranges
                0x00000000       0xa8 build/syscalls.o
 .debug_rnglists
                0x00000000       0x85 build/syscalls.o
 .debug_macro   0x00000000      0x265 build/syscalls.o
 .debug_macro   0x00000000      0xaea build/syscalls.o
 .debug_macro   0x00000000       0x22 build/syscalls.o
 .debug_macro   0x00000000       0x6e build/syscalls.o
 .debug_macro   0x00000000       0x29 build/syscalls.o
 .debug_macro   0x00000000       0x94 build/syscalls.o
 .debug_macro   0x00000000       0x3c build/syscalls.o
 .debug_macro   0x00000000       0x34 build/syscalls.o
 .debug_macro   0x00000000       0x57 build/syscalls.o
 .debug_macro   0x00000000      0x190 build/syscalls.o
 .debug_macro   0x00000000      0x370 build/syscalls.o
 .debug_macro   0x00000000       0x16 build/syscalls.o
 .debug_macro   0x00000000       0x4a build/syscalls.o
 .debug_macro   0x00000000       0x34 build/syscalls.o
 .debug_macro   0x00000000       0x10 build/syscalls.o
 .debug_macro   0x00000000       0x58 build/syscalls.o
 .debug_macro   0x00000000      0x1e5 build/syscalls.o
 .debug_macro   0x00000000       0x10 build/syscalls.o
 .debug_macro   0x00000000       0x3c build/syscalls.o
 .debug_macro   0x00000000       0x10 build/syscalls.o
 .debug_macro   0x00000000       0x10 build/syscalls.o
 .debug_macro   0x00000000       0x10 build/syscalls.o
 .debug_macro   0x00000000       0x6a build/syscalls.o
 .debug_macro   0x00000000       0x1c build/syscalls.o
 .debug_macro   0x00000000       0x52 build/syscalls.o
 .debug_macro   0x00000000       0x22 build/syscalls.o
 .debug_macro   0x00000000       0x10 build/syscalls.o
 .debug_macro   0x00000000       0x52 build/syscalls.o
 .debug_macro   0x00000000       0xcf build/syscalls.o
 .debug_macro   0x00000000       0x1c build/syscalls.o
 .debug_macro   0x00000000       0x3d build/syscalls.o
 .debug_macro   0x00000000       0x35 build/syscalls.o
 .debug_macro   0x00000000      0x12c build/syscalls.o
 .debug_macro   0x00000000       0x16 build/syscalls.o
 .debug_macro   0x00000000       0x16 build/syscalls.o
 .debug_macro   0x00000000       0x29 build/syscalls.o
 .debug_macro   0x00000000       0x10 build/syscalls.o
 .debug_macro   0x00000000      0x242 build/syscalls.o
 .debug_macro   0x00000000       0x1c build/syscalls.o
 .debug_macro   0x00000000       0x10 build/syscalls.o
 .debug_macro   0x00000000       0x10 build/syscalls.o
 .debug_macro   0x00000000       0x16 build/syscalls.o
 .debug_macro   0x00000000      0x170 build/syscalls.o
 .debug_macro   0x00000000      0x103 build/syscalls.o
 .debug_macro   0x00000000      0x1df build/syscalls.o
 .debug_macro   0x00000000      0x18a build/syscalls.o
 .debug_macro   0x00000000       0x16 build/syscalls.o
 .debug_macro   0x00000000       0xce build/syscalls.o
 .debug_line    0x00000000      0x67a build/syscalls.o
 .debug_str     0x00000000     0x9456 build/syscalls.o
 .comment       0x00000000       0x44 build/syscalls.o
 .debug_frame   0x00000000      0x190 build/syscalls.o
 .ARM.attributes
                0x00000000       0x32 build/syscalls.o
 .group         0x00000000        0xc build/system_clock.o
 .group         0x00000000        0xc build/system_clock.o
 .group         0x00000000        0xc build/system_clock.o
 .group         0x00000000        0xc build/system_clock.o
 .group         0x00000000        0xc build/system_clock.o
 .group         0x00000000        0xc build/system_clock.o
 .group         0x00000000        0xc build/system_clock.o
 .group         0x00000000        0xc build/system_clock.o
 .group         0x00000000        0xc build/system_clock.o
 .group         0x00000000        0xc build/system_clock.o
 .group         0x00000000        0xc build/system_clock.o
 .group         0x00000000        0xc build/system_clock.o
 .group         0x00000000        0xc build/system_clock.o
 .group         0x00000000        0xc build/system_clock.o
 .group         0x00000000        0xc build/system_clock.o
 .group         0x00000000        0xc build/system_clock.o
 .group         0x00000000        0xc build/system_clock.o
 .text          0x00000000        0x0 build/system_clock.o
 .data          0x00000000        0x0 build/system_clock.o
 .bss           0x00000000        0x0 build/system_clock.o
 .debug_macro   0x00000000      0xaea build/system_clock.o
 .debug_macro   0x00000000       0x22 build/system_clock.o
 .debug_macro   0x00000000      0x103 build/system_clock.o
 .debug_macro   0x00000000       0x6a build/system_clock.o
 .debug_macro   0x00000000      0x1df build/system_clock.o
 .group         0x00000000        0xc build/system_stm32h7xx.o
 .group         0x00000000        0xc build/system_stm32h7xx.o
 .group         0x00000000        0xc build/system_stm32h7xx.o
 .group         0x00000000        0xc build/system_stm32h7xx.o
 .group         0x00000000        0xc build/system_stm32h7xx.o
 .group         0x00000000        0xc build/system_stm32h7xx.o
 .group         0x00000000        0xc build/system_stm32h7xx.o
 .group         0x00000000        0xc build/system_stm32h7xx.o
 .group         0x00000000        0xc build/system_stm32h7xx.o
 .group         0x00000000        0xc build/system_stm32h7xx.o
 .group         0x00000000        0xc build/system_stm32h7xx.o
 .group         0x00000000        0xc build/system_stm32h7xx.o
 .group         0x00000000        0xc build/system_stm32h7xx.o
 .group         0x00000000        0xc build/system_stm32h7xx.o
 .group         0x00000000        0xc build/system_stm32h7xx.o
 .group         0x00000000        0xc build/system_stm32h7xx.o
 .group         0x00000000        0xc build/system_stm32h7xx.o
 .group         0x00000000        0xc build/system_stm32h7xx.o
 .group         0x00000000        0xc build/system_stm32h7xx.o
 .group         0x00000000        0xc build/system_stm32h7xx.o
 .group         0x00000000        0xc build/system_stm32h7xx.o
 .group         0x00000000        0xc build/system_stm32h7xx.o
 .group         0x00000000        0xc build/system_stm32h7xx.o
 .group         0x00000000        0xc build/system_stm32h7xx.o
 .group         0x00000000        0xc build/system_stm32h7xx.o
 .group         0x00000000        0xc build/system_stm32h7xx.o
 .group         0x00000000        0xc build/system_stm32h7xx.o
 .group         0x00000000        0xc build/system_stm32h7xx.o
 .group         0x00000000        0xc build/system_stm32h7xx.o
 .group         0x00000000        0xc build/system_stm32h7xx.o
 .text          0x00000000        0x0 build/system_stm32h7xx.o
 .data          0x00000000        0x0 build/system_stm32h7xx.o
 .bss           0x00000000        0x0 build/system_stm32h7xx.o
 .debug_macro   0x00000000      0xaea build/system_stm32h7xx.o
 .debug_macro   0x00000000       0x2e build/system_stm32h7xx.o
 .debug_macro   0x00000000       0x3b build/system_stm32h7xx.o
 .debug_macro   0x00000000       0x22 build/system_stm32h7xx.o
 .debug_macro   0x00000000       0x8e build/system_stm32h7xx.o
 .debug_macro   0x00000000       0x51 build/system_stm32h7xx.o
 .debug_macro   0x00000000      0x103 build/system_stm32h7xx.o
 .debug_macro   0x00000000       0x6a build/system_stm32h7xx.o
 .debug_macro   0x00000000      0x1df build/system_stm32h7xx.o
 .debug_macro   0x00000000       0x1c build/system_stm32h7xx.o
 .debug_macro   0x00000000       0x22 build/system_stm32h7xx.o
 .debug_macro   0x00000000       0xfb build/system_stm32h7xx.o
 .debug_macro   0x00000000     0x1305 build/system_stm32h7xx.o
 .debug_macro   0x00000000      0x11f build/system_stm32h7xx.o
 .debug_macro   0x00000000       0x27 build/system_stm32h7xx.o
 .debug_macro   0x00000000    0x25b9b build/system_stm32h7xx.o
 .debug_macro   0x00000000       0x6d build/system_stm32h7xx.o
 .debug_macro   0x00000000       0x29 build/system_stm32h7xx.o
 .debug_macro   0x00000000       0x3c build/system_stm32h7xx.o
 .debug_macro   0x00000000       0x34 build/system_stm32h7xx.o
 .debug_macro   0x00000000      0x190 build/system_stm32h7xx.o
 .debug_macro   0x00000000      0x370 build/system_stm32h7xx.o
 .debug_macro   0x00000000       0x16 build/system_stm32h7xx.o
 .debug_macro   0x00000000       0x4a build/system_stm32h7xx.o
 .debug_macro   0x00000000       0x34 build/system_stm32h7xx.o
 .debug_macro   0x00000000       0x10 build/system_stm32h7xx.o
 .debug_macro   0x00000000       0x58 build/system_stm32h7xx.o
 .debug_macro   0x00000000      0x1e5 build/system_stm32h7xx.o
 .group         0x00000000        0xc build/sysmem.o
 .group         0x00000000        0xc build/sysmem.o
 .group         0x00000000        0xc build/sysmem.o
 .group         0x00000000        0xc build/sysmem.o
 .group         0x00000000        0xc build/sysmem.o
 .group         0x00000000        0xc build/sysmem.o
 .group         0x00000000        0xc build/sysmem.o
 .group         0x00000000        0xc build/sysmem.o
 .group         0x00000000        0xc build/sysmem.o
 .group         0x00000000        0xc build/sysmem.o
 .group         0x00000000        0xc build/sysmem.o
 .group         0x00000000        0xc build/sysmem.o
 .group         0x00000000        0xc build/sysmem.o
 .group         0x00000000        0xc build/sysmem.o
 .group         0x00000000        0xc build/sysmem.o
 .group         0x00000000        0xc build/sysmem.o
 .group         0x00000000        0xc build/sysmem.o
 .group         0x00000000        0xc build/sysmem.o
 .group         0x00000000        0xc build/sysmem.o
 .group         0x00000000        0xc build/sysmem.o
 .group         0x00000000        0xc build/sysmem.o
 .text          0x00000000        0x0 build/sysmem.o
 .data          0x00000000        0x0 build/sysmem.o
 .bss           0x00000000        0x0 build/sysmem.o
 .text._sbrk    0x00000000       0x40 build/sysmem.o
 .bss.__sbrk_heap_end
                0x00000000        0x4 build/sysmem.o
 .debug_info    0x00000000      0x175 build/sysmem.o
 .debug_abbrev  0x00000000       0xec build/sysmem.o
 .debug_loclists
                0x00000000       0x3b build/sysmem.o
 .debug_aranges
                0x00000000       0x20 build/sysmem.o
 .debug_rnglists
                0x00000000       0x13 build/sysmem.o
 .debug_macro   0x00000000       0xff build/sysmem.o
 .debug_macro   0x00000000      0xaea build/sysmem.o
 .debug_macro   0x00000000       0x10 build/sysmem.o
 .debug_macro   0x00000000       0x22 build/sysmem.o
 .debug_macro   0x00000000       0x6e build/sysmem.o
 .debug_macro   0x00000000       0x29 build/sysmem.o
 .debug_macro   0x00000000       0x94 build/sysmem.o
 .debug_macro   0x00000000       0x3c build/sysmem.o
 .debug_macro   0x00000000       0x34 build/sysmem.o
 .debug_macro   0x00000000      0x190 build/sysmem.o
 .debug_macro   0x00000000       0x57 build/sysmem.o
 .debug_macro   0x00000000      0x370 build/sysmem.o
 .debug_macro   0x00000000       0x16 build/sysmem.o
 .debug_macro   0x00000000       0x4a build/sysmem.o
 .debug_macro   0x00000000       0x34 build/sysmem.o
 .debug_macro   0x00000000       0x10 build/sysmem.o
 .debug_macro   0x00000000       0x58 build/sysmem.o
 .debug_macro   0x00000000      0x1e5 build/sysmem.o
 .debug_macro   0x00000000      0x23c build/sysmem.o
 .debug_macro   0x00000000      0x103 build/sysmem.o
 .debug_macro   0x00000000       0x6a build/sysmem.o
 .debug_macro   0x00000000      0x1df build/sysmem.o
 .debug_line    0x00000000      0x2cc build/sysmem.o
 .debug_str     0x00000000     0x714f build/sysmem.o
 .comment       0x00000000       0x44 build/sysmem.o
 .debug_frame   0x00000000       0x28 build/sysmem.o
 .ARM.attributes
                0x00000000       0x32 build/sysmem.o
 .group         0x00000000        0xc build/main.o
 .group         0x00000000        0xc build/main.o
 .group         0x00000000        0xc build/main.o
 .group         0x00000000        0xc build/main.o
 .group         0x00000000        0xc build/main.o
 .group         0x00000000        0xc build/main.o
 .group         0x00000000        0xc build/main.o
 .group         0x00000000        0xc build/main.o
 .group         0x00000000        0xc build/main.o
 .group         0x00000000        0xc build/main.o
 .group         0x00000000        0xc build/main.o
 .group         0x00000000        0xc build/main.o
 .group         0x00000000        0xc build/main.o
 .group         0x00000000        0xc build/main.o
 .group         0x00000000        0xc build/main.o
 .group         0x00000000        0xc build/main.o
 .group         0x00000000        0xc build/main.o
 .text          0x00000000        0x0 build/main.o
 .data          0x00000000        0x0 build/main.o
 .bss           0x00000000        0x0 build/main.o
 .debug_macro   0x00000000      0xaea build/main.o
 .debug_macro   0x00000000       0x2e build/main.o
 .debug_macro   0x00000000       0x3b build/main.o
 .debug_macro   0x00000000       0x22 build/main.o
 .debug_macro   0x00000000       0x8e build/main.o
 .debug_macro   0x00000000       0x51 build/main.o
 .debug_macro   0x00000000      0x103 build/main.o
 .debug_macro   0x00000000       0x6a build/main.o
 .debug_macro   0x00000000      0x1df build/main.o
 .debug_macro   0x00000000       0x1c build/main.o
 .debug_macro   0x00000000       0x22 build/main.o
 .debug_macro   0x00000000       0xfb build/main.o
 .debug_macro   0x00000000     0x1305 build/main.o
 .debug_macro   0x00000000      0x11f build/main.o
 .debug_macro   0x00000000       0x27 build/main.o
 .debug_macro   0x00000000    0x25b9b build/main.o
 .debug_macro   0x00000000       0x6d build/main.o
 .group         0x00000000        0xc build/systick.o
 .group         0x00000000        0xc build/systick.o
 .group         0x00000000        0xc build/systick.o
 .group         0x00000000        0xc build/systick.o
 .group         0x00000000        0xc build/systick.o
 .group         0x00000000        0xc build/systick.o
 .group         0x00000000        0xc build/systick.o
 .group         0x00000000        0xc build/systick.o
 .group         0x00000000        0xc build/systick.o
 .group         0x00000000        0xc build/systick.o
 .group         0x00000000        0xc build/systick.o
 .group         0x00000000        0xc build/systick.o
 .group         0x00000000        0xc build/systick.o
 .group         0x00000000        0xc build/systick.o
 .group         0x00000000        0xc build/systick.o
 .group         0x00000000        0xc build/systick.o
 .group         0x00000000        0xc build/systick.o
 .text          0x00000000        0x0 build/systick.o
 .data          0x00000000        0x0 build/systick.o
 .bss           0x00000000        0x0 build/systick.o
 .debug_macro   0x00000000      0xaea build/systick.o
 .debug_macro   0x00000000       0x2e build/systick.o
 .debug_macro   0x00000000       0x3b build/systick.o
 .debug_macro   0x00000000       0x22 build/systick.o
 .debug_macro   0x00000000       0x8e build/systick.o
 .debug_macro   0x00000000       0x51 build/systick.o
 .debug_macro   0x00000000      0x103 build/systick.o
 .debug_macro   0x00000000       0x6a build/systick.o
 .debug_macro   0x00000000      0x1df build/systick.o
 .debug_macro   0x00000000       0x1c build/systick.o
 .debug_macro   0x00000000       0x22 build/systick.o
 .debug_macro   0x00000000       0xfb build/systick.o
 .debug_macro   0x00000000     0x1305 build/systick.o
 .debug_macro   0x00000000      0x11f build/systick.o
 .debug_macro   0x00000000       0x27 build/systick.o
 .debug_macro   0x00000000    0x25b9b build/systick.o
 .debug_macro   0x00000000       0x6d build/systick.o
 .text          0x00000000        0x0 /opt/st/stm32cubeclt_1.19.0/GNU-tools-for-STM32/bin/../lib/gcc/arm-none-eabi/13.3.1/../../../../arm-none-eabi/lib/thumb/v7e-m+dp/hard/libc.a(libc_a-exit.o)
 .data          0x00000000        0x0 /opt/st/stm32cubeclt_1.19.0/GNU-tools-for-STM32/bin/../lib/gcc/arm-none-eabi/13.3.1/../../../../arm-none-eabi/lib/thumb/v7e-m+dp/hard/libc.a(libc_a-exit.o)
 .bss           0x00000000        0x0 /opt/st/stm32cubeclt_1.19.0/GNU-tools-for-STM32/bin/../lib/gcc/arm-none-eabi/13.3.1/../../../../arm-none-eabi/lib/thumb/v7e-m+dp/hard/libc.a(libc_a-exit.o)
 .text.exit     0x00000000       0x1c /opt/st/stm32cubeclt_1.19.0/GNU-tools-for-STM32/bin/../lib/gcc/arm-none-eabi/13.3.1/../../../../arm-none-eabi/lib/thumb/v7e-m+dp/hard/libc.a(libc_a-exit.o)
 .debug_frame   0x00000000       0x28 /opt/st/stm32cubeclt_1.19.0/GNU-tools-for-STM32/bin/../lib/gcc/arm-none-eabi/13.3.1/../../../../arm-none-eabi/lib/thumb/v7e-m+dp/hard/libc.a(libc_a-exit.o)
 .ARM.attributes
                0x00000000       0x32 /opt/st/stm32cubeclt_1.19.0/GNU-tools-for-STM32/bin/../lib/gcc/arm-none-eabi/13.3.1/../../../../arm-none-eabi/lib/thumb/v7e-m+dp/hard/libc.a(libc_a-exit.o)
 .text          0x00000000        0x0 /opt/st/stm32cubeclt_1.19.0/GNU-tools-for-STM32/bin/../lib/gcc/arm-none-eabi/13.3.1/../../../../arm-none-eabi/lib/thumb/v7e-m+dp/hard/libc.a(libc_a-findfp.o)
 .data          0x00000000        0x0 /opt/st/stm32cubeclt_1.19.0/GNU-tools-for-STM32/bin/../lib/gcc/arm-none-eabi/13.3.1/../../../../arm-none-eabi/lib/thumb/v7e-m+dp/hard/libc.a(libc_a-findfp.o)
 .bss           0x00000000        0x0 /opt/st/stm32cubeclt_1.19.0/GNU-tools-for-STM32/bin/../lib/gcc/arm-none-eabi/13.3.1/../../../../arm-none-eabi/lib/thumb/v7e-m+dp/hard/libc.a(libc_a-findfp.o)
 .text.std      0x00000000       0x6c /opt/st/stm32cubeclt_1.19.0/GNU-tools-for-STM32/bin/../lib/gcc/arm-none-eabi/13.3.1/../../../../arm-none-eabi/lib/thumb/v7e-m+dp/hard/libc.a(libc_a-findfp.o)
 .text.stdio_exit_handler
                0x00000000       0x18 /opt/st/stm32cubeclt_1.19.0/GNU-tools-for-STM32/bin/../lib/gcc/arm-none-eabi/13.3.1/../../../../arm-none-eabi/lib/thumb/v7e-m+dp/hard/libc.a(libc_a-findfp.o)
 .text.cleanup_stdio
                0x00000000       0x40 /opt/st/stm32cubeclt_1.19.0/GNU-tools-for-STM32/bin/../lib/gcc/arm-none-eabi/13.3.1/../../../../arm-none-eabi/lib/thumb/v7e-m+dp/hard/libc.a(libc_a-findfp.o)
 .text.__fp_lock
                0x00000000       0x18 /opt/st/stm32cubeclt_1.19.0/GNU-tools-for-STM32/bin/../lib/gcc/arm-none-eabi/13.3.1/../../../../arm-none-eabi/lib/thumb/v7e-m+dp/hard/libc.a(libc_a-findfp.o)
 .text.__fp_unlock
                0x00000000       0x18 /opt/st/stm32cubeclt_1.19.0/GNU-tools-for-STM32/bin/../lib/gcc/arm-none-eabi/13.3.1/../../../../arm-none-eabi/lib/thumb/v7e-m+dp/hard/libc.a(libc_a-findfp.o)
 .text.global_stdio_init.part.0
                0x00000000       0x3c /opt/st/stm32cubeclt_1.19.0/GNU-tools-for-STM32/bin/../lib/gcc/arm-none-eabi/13.3.1/../../../../arm-none-eabi/lib/thumb/v7e-m+dp/hard/libc.a(libc_a-findfp.o)
 .text.__sfp_lock_acquire
                0x00000000        0xc /opt/st/stm32cubeclt_1.19.0/GNU-tools-for-STM32/bin/../lib/gcc/arm-none-eabi/13.3.1/../../../../arm-none-eabi/lib/thumb/v7e-m+dp/hard/libc.a(libc_a-findfp.o)
 .text.__sfp_lock_release
                0x00000000        0xc /opt/st/stm32cubeclt_1.19.0/GNU-tools-for-STM32/bin/../lib/gcc/arm-none-eabi/13.3.1/../../../../arm-none-eabi/lib/thumb/v7e-m+dp/hard/libc.a(libc_a-findfp.o)
 .text.__sfp    0x00000000       0xa4 /opt/st/stm32cubeclt_1.19.0/GNU-tools-for-STM32/bin/../lib/gcc/arm-none-eabi/13.3.1/../../../../arm-none-eabi/lib/thumb/v7e-m+dp/hard/libc.a(libc_a-findfp.o)
 .text.__sinit  0x00000000       0x30 /opt/st/stm32cubeclt_1.19.0/GNU-tools-for-STM32/bin/../lib/gcc/arm-none-eabi/13.3.1/../../../../arm-none-eabi/lib/thumb/v7e-m+dp/hard/libc.a(libc_a-findfp.o)
 .text.__fp_lock_all
                0x00000000       0x1c /opt/st/stm32cubeclt_1.19.0/GNU-tools-for-STM32/bin/../lib/gcc/arm-none-eabi/13.3.1/../../../../arm-none-eabi/lib/thumb/v7e-m+dp/hard/libc.a(libc_a-findfp.o)
 .text.__fp_unlock_all
                0x00000000       0x1c /opt/st/stm32cubeclt_1.19.0/GNU-tools-for-STM32/bin/../lib/gcc/arm-none-eabi/13.3.1/../../../../arm-none-eabi/lib/thumb/v7e-m+dp/hard/libc.a(libc_a-findfp.o)
 .data.__sglue  0x00000000        0xc /opt/st/stm32cubeclt_1.19.0/GNU-tools-for-STM32/bin/../lib/gcc/arm-none-eabi/13.3.1/../../../../arm-none-eabi/lib/thumb/v7e-m+dp/hard/libc.a(libc_a-findfp.o)
 .bss.__sf      0x00000000      0x138 /opt/st/stm32cubeclt_1.19.0/GNU-tools-for-STM32/bin/../lib/gcc/arm-none-eabi/13.3.1/../../../../arm-none-eabi/lib/thumb/v7e-m+dp/hard/libc.a(libc_a-findfp.o)
 .bss.__stdio_exit_handler
                0x00000000        0x4 /opt/st/stm32cubeclt_1.19.0/GNU-tools-for-STM32/bin/../lib/gcc/arm-none-eabi/13.3.1/../../../../arm-none-eabi/lib/thumb/v7e-m+dp/hard/libc.a(libc_a-findfp.o)
 .debug_frame   0x00000000      0x144 /opt/st/stm32cubeclt_1.19.0/GNU-tools-for-STM32/bin/../lib/gcc/arm-none-eabi/13.3.1/../../../../arm-none-eabi/lib/thumb/v7e-m+dp/hard/libc.a(libc_a-findfp.o)
 .ARM.attributes
                0x00000000       0x32 /opt/st/stm32cubeclt_1.19.0/GNU-tools-for-STM32/bin/../lib/gcc/arm-none-eabi/13.3.1/../../../../arm-none-eabi/lib/thumb/v7e-m+dp/hard/libc.a(libc_a-findfp.o)
 .text          0x00000000        0x0 /opt/st/stm32cubeclt_1.19.0/GNU-tools-for-STM32/bin/../lib/gcc/arm-none-eabi/13.3.1/../../../../arm-none-eabi/lib/thumb/v7e-m+dp/hard/libc.a(libc_a-fwalk.o)
 .data          0x00000000        0x0 /opt/st/stm32cubeclt_1.19.0/GNU-tools-for-STM32/bin/../lib/gcc/arm-none-eabi/13.3.1/../../../../arm-none-eabi/lib/thumb/v7e-m+dp/hard/libc.a(libc_a-fwalk.o)
 .bss           0x00000000        0x0 /opt/st/stm32cubeclt_1.19.0/GNU-tools-for-STM32/bin/../lib/gcc/arm-none-eabi/13.3.1/../../../../arm-none-eabi/lib/thumb/v7e-m+dp/hard/libc.a(libc_a-fwalk.o)
 .text._fwalk_sglue
                0x00000000       0x3c /opt/st/stm32cubeclt_1.19.0/GNU-tools-for-STM32/bin/../lib/gcc/arm-none-eabi/13.3.1/../../../../arm-none-eabi/lib/thumb/v7e-m+dp/hard/libc.a(libc_a-fwalk.o)
 .debug_frame   0x00000000       0x34 /opt/st/stm32cubeclt_1.19.0/GNU-tools-for-STM32/bin/../lib/gcc/arm-none-eabi/13.3.1/../../../../arm-none-eabi/lib/thumb/v7e-m+dp/hard/libc.a(libc_a-fwalk.o)
 .ARM.attributes
                0x00000000       0x32 /opt/st/stm32cubeclt_1.19.0/GNU-tools-for-STM32/bin/../lib/gcc/arm-none-eabi/13.3.1/../../../../arm-none-eabi/lib/thumb/v7e-m+dp/hard/libc.a(libc_a-fwalk.o)
 .text          0x00000000        0x0 /opt/st/stm32cubeclt_1.19.0/GNU-tools-for-STM32/bin/../lib/gcc/arm-none-eabi/13.3.1/../../../../arm-none-eabi/lib/thumb/v7e-m+dp/hard/libc.a(libc_a-stdio.o)
 .data          0x00000000        0x0 /opt/st/stm32cubeclt_1.19.0/GNU-tools-for-STM32/bin/../lib/gcc/arm-none-eabi/13.3.1/../../../../arm-none-eabi/lib/thumb/v7e-m+dp/hard/libc.a(libc_a-stdio.o)
 .bss           0x00000000        0x0 /opt/st/stm32cubeclt_1.19.0/GNU-tools-for-STM32/bin/../lib/gcc/arm-none-eabi/13.3.1/../../../../arm-none-eabi/lib/thumb/v7e-m+dp/hard/libc.a(libc_a-stdio.o)
 .text.__sread  0x00000000       0x22 /opt/st/stm32cubeclt_1.19.0/GNU-tools-for-STM32/bin/../lib/gcc/arm-none-eabi/13.3.1/../../../../arm-none-eabi/lib/thumb/v7e-m+dp/hard/libc.a(libc_a-stdio.o)
 .text.__seofread
                0x00000000        0x4 /opt/st/stm32cubeclt_1.19.0/GNU-tools-for-STM32/bin/../lib/gcc/arm-none-eabi/13.3.1/../../../../arm-none-eabi/lib/thumb/v7e-m+dp/hard/libc.a(libc_a-stdio.o)
 .text.__swrite
                0x00000000       0x38 /opt/st/stm32cubeclt_1.19.0/GNU-tools-for-STM32/bin/../lib/gcc/arm-none-eabi/13.3.1/../../../../arm-none-eabi/lib/thumb/v7e-m+dp/hard/libc.a(libc_a-stdio.o)
 .text.__sseek  0x00000000       0x24 /opt/st/stm32cubeclt_1.19.0/GNU-tools-for-STM32/bin/../lib/gcc/arm-none-eabi/13.3.1/../../../../arm-none-eabi/lib/thumb/v7e-m+dp/hard/libc.a(libc_a-stdio.o)
 .text.__sclose
                0x00000000        0x8 /opt/st/stm32cubeclt_1.19.0/GNU-tools-for-STM32/bin/../lib/gcc/arm-none-eabi/13.3.1/../../../../arm-none-eabi/lib/thumb/v7e-m+dp/hard/libc.a(libc_a-stdio.o)
 .debug_frame   0x00000000       0x88 /opt/st/stm32cubeclt_1.19.0/GNU-tools-for-STM32/bin/../lib/gcc/arm-none-eabi/13.3.1/../../../../arm-none-eabi/lib/thumb/v7e-m+dp/hard/libc.a(libc_a-stdio.o)
 .ARM.attributes
                0x00000000       0x32 /opt/st/stm32cubeclt_1.19.0/GNU-tools-for-STM32/bin/../lib/gcc/arm-none-eabi/13.3.1/../../../../arm-none-eabi/lib/thumb/v7e-m+dp/hard/libc.a(libc_a-stdio.o)
 .text          0x00000000        0x0 /opt/st/stm32cubeclt_1.19.0/GNU-tools-for-STM32/bin/../lib/gcc/arm-none-eabi/13.3.1/../../../../arm-none-eabi/lib/thumb/v7e-m+dp/hard/libc.a(libc_a-memset.o)
 .data          0x00000000        0x0 /opt/st/stm32cubeclt_1.19.0/GNU-tools-for-STM32/bin/../lib/gcc/arm-none-eabi/13.3.1/../../../../arm-none-eabi/lib/thumb/v7e-m+dp/hard/libc.a(libc_a-memset.o)
 .bss           0x00000000        0x0 /opt/st/stm32cubeclt_1.19.0/GNU-tools-for-STM32/bin/../lib/gcc/arm-none-eabi/13.3.1/../../../../arm-none-eabi/lib/thumb/v7e-m+dp/hard/libc.a(libc_a-memset.o)
 .text.memset   0x00000000       0x10 /opt/st/stm32cubeclt_1.19.0/GNU-tools-for-STM32/bin/../lib/gcc/arm-none-eabi/13.3.1/../../../../arm-none-eabi/lib/thumb/v7e-m+dp/hard/libc.a(libc_a-memset.o)
 .debug_frame   0x00000000       0x20 /opt/st/stm32cubeclt_1.19.0/GNU-tools-for-STM32/bin/../lib/gcc/arm-none-eabi/13.3.1/../../../../arm-none-eabi/lib/thumb/v7e-m+dp/hard/libc.a(libc_a-memset.o)
 .ARM.attributes
                0x00000000       0x32 /opt/st/stm32cubeclt_1.19.0/GNU-tools-for-STM32/bin/../lib/gcc/arm-none-eabi/13.3.1/../../../../arm-none-eabi/lib/thumb/v7e-m+dp/hard/libc.a(libc_a-memset.o)
 .text          0x00000000        0x0 /opt/st/stm32cubeclt_1.19.0/GNU-tools-for-STM32/bin/../lib/gcc/arm-none-eabi/13.3.1/../../../../arm-none-eabi/lib/thumb/v7e-m+dp/hard/libc.a(libc_a-closer.o)
 .data          0x00000000        0x0 /opt/st/stm32cubeclt_1.19.0/GNU-tools-for-STM32/bin/../lib/gcc/arm-none-eabi/13.3.1/../../../../arm-none-eabi/lib/thumb/v7e-m+dp/hard/libc.a(libc_a-closer.o)
 .bss           0x00000000        0x0 /opt/st/stm32cubeclt_1.19.0/GNU-tools-for-STM32/bin/../lib/gcc/arm-none-eabi/13.3.1/../../../../arm-none-eabi/lib/thumb/v7e-m+dp/hard/libc.a(libc_a-closer.o)
 .text._close_r
                0x00000000       0x20 /opt/st/stm32cubeclt_1.19.0/GNU-tools-for-STM32/bin/../lib/gcc/arm-none-eabi/13.3.1/../../../../arm-none-eabi/lib/thumb/v7e-m+dp/hard/libc.a(libc_a-closer.o)
 .debug_frame   0x00000000       0x2c /opt/st/stm32cubeclt_1.19.0/GNU-tools-for-STM32/bin/../lib/gcc/arm-none-eabi/13.3.1/../../../../arm-none-eabi/lib/thumb/v7e-m+dp/hard/libc.a(libc_a-closer.o)
 .ARM.attributes
                0x00000000       0x32 /opt/st/stm32cubeclt_1.19.0/GNU-tools-for-STM32/bin/../lib/gcc/arm-none-eabi/13.3.1/../../../../arm-none-eabi/lib/thumb/v7e-m+dp/hard/libc.a(libc_a-closer.o)
 .text          0x00000000        0x0 /opt/st/stm32cubeclt_1.19.0/GNU-tools-for-STM32/bin/../lib/gcc/arm-none-eabi/13.3.1/../../../../arm-none-eabi/lib/thumb/v7e-m+dp/hard/libc.a(libc_a-reent.o)
 .data          0x00000000        0x0 /opt/st/stm32cubeclt_1.19.0/GNU-tools-for-STM32/bin/../lib/gcc/arm-none-eabi/13.3.1/../../../../arm-none-eabi/lib/thumb/v7e-m+dp/hard/libc.a(libc_a-reent.o)
 .bss           0x00000000        0x0 /opt/st/stm32cubeclt_1.19.0/GNU-tools-for-STM32/bin/../lib/gcc/arm-none-eabi/13.3.1/../../../../arm-none-eabi/lib/thumb/v7e-m+dp/hard/libc.a(libc_a-reent.o)
 .text._reclaim_reent
                0x00000000       0x68 /opt/st/stm32cubeclt_1.19.0/GNU-tools-for-STM32/bin/../lib/gcc/arm-none-eabi/13.3.1/../../../../arm-none-eabi/lib/thumb/v7e-m+dp/hard/libc.a(libc_a-reent.o)
 .bss.errno     0x00000000        0x4 /opt/st/stm32cubeclt_1.19.0/GNU-tools-for-STM32/bin/../lib/gcc/arm-none-eabi/13.3.1/../../../../arm-none-eabi/lib/thumb/v7e-m+dp/hard/libc.a(libc_a-reent.o)
 .debug_frame   0x00000000       0x38 /opt/st/stm32cubeclt_1.19.0/GNU-tools-for-STM32/bin/../lib/gcc/arm-none-eabi/13.3.1/../../../../arm-none-eabi/lib/thumb/v7e-m+dp/hard/libc.a(libc_a-reent.o)
 .ARM.attributes
                0x00000000       0x32 /opt/st/stm32cubeclt_1.19.0/GNU-tools-for-STM32/bin/../lib/gcc/arm-none-eabi/13.3.1/../../../../arm-none-eabi/lib/thumb/v7e-m+dp/hard/libc.a(libc_a-reent.o)
 .text          0x00000000        0x0 /opt/st/stm32cubeclt_1.19.0/GNU-tools-for-STM32/bin/../lib/gcc/arm-none-eabi/13.3.1/../../../../arm-none-eabi/lib/thumb/v7e-m+dp/hard/libc.a(libc_a-impure.o)
 .data          0x00000000        0x0 /opt/st/stm32cubeclt_1.19.0/GNU-tools-for-STM32/bin/../lib/gcc/arm-none-eabi/13.3.1/../../../../arm-none-eabi/lib/thumb/v7e-m+dp/hard/libc.a(libc_a-impure.o)
 .bss           0x00000000        0x0 /opt/st/stm32cubeclt_1.19.0/GNU-tools-for-STM32/bin/../lib/gcc/arm-none-eabi/13.3.1/../../../../arm-none-eabi/lib/thumb/v7e-m+dp/hard/libc.a(libc_a-impure.o)
 .data._impure_ptr
                0x00000000        0x4 /opt/st/stm32cubeclt_1.19.0/GNU-tools-for-STM32/bin/../lib/gcc/arm-none-eabi/13.3.1/../../../../arm-none-eabi/lib/thumb/v7e-m+dp/hard/libc.a(libc_a-impure.o)
 .data._impure_data
                0x00000000      0x140 /opt/st/stm32cubeclt_1.19.0/GNU-tools-for-STM32/bin/../lib/gcc/arm-none-eabi/13.3.1/../../../../arm-none-eabi/lib/thumb/v7e-m+dp/hard/libc.a(libc_a-impure.o)
 .ARM.attributes
                0x00000000       0x32 /opt/st/stm32cubeclt_1.19.0/GNU-tools-for-STM32/bin/../lib/gcc/arm-none-eabi/13.3.1/../../../../arm-none-eabi/lib/thumb/v7e-m+dp/hard/libc.a(libc_a-impure.o)
 .text          0x00000000        0x0 /opt/st/stm32cubeclt_1.19.0/GNU-tools-for-STM32/bin/../lib/gcc/arm-none-eabi/13.3.1/../../../../arm-none-eabi/lib/thumb/v7e-m+dp/hard/libc.a(libc_a-lseekr.o)
 .data          0x00000000        0x0 /opt/st/stm32cubeclt_1.19.0/GNU-tools-for-STM32/bin/../lib/gcc/arm-none-eabi/13.3.1/../../../../arm-none-eabi/lib/thumb/v7e-m+dp/hard/libc.a(libc_a-lseekr.o)
 .bss           0x00000000        0x0 /opt/st/stm32cubeclt_1.19.0/GNU-tools-for-STM32/bin/../lib/gcc/arm-none-eabi/13.3.1/../../../../arm-none-eabi/lib/thumb/v7e-m+dp/hard/libc.a(libc_a-lseekr.o)
 .text._lseek_r
                0x00000000       0x24 /opt/st/stm32cubeclt_1.19.0/GNU-tools-for-STM32/bin/../lib/gcc/arm-none-eabi/13.3.1/../../../../arm-none-eabi/lib/thumb/v7e-m+dp/hard/libc.a(libc_a-lseekr.o)
 .debug_frame   0x00000000       0x2c /opt/st/stm32cubeclt_1.19.0/GNU-tools-for-STM32/bin/../lib/gcc/arm-none-eabi/13.3.1/../../../../arm-none-eabi/lib/thumb/v7e-m+dp/hard/libc.a(libc_a-lseekr.o)
 .ARM.attributes
                0x00000000       0x32 /opt/st/stm32cubeclt_1.19.0/GNU-tools-for-STM32/bin/../lib/gcc/arm-none-eabi/13.3.1/../../../../arm-none-eabi/lib/thumb/v7e-m+dp/hard/libc.a(libc_a-lseekr.o)
 .text          0x00000000        0x0 /opt/st/stm32cubeclt_1.19.0/GNU-tools-for-STM32/bin/../lib/gcc/arm-none-eabi/13.3.1/../../../../arm-none-eabi/lib/thumb/v7e-m+dp/hard/libc.a(libc_a-readr.o)
 .data          0x00000000        0x0 /opt/st/stm32cubeclt_1.19.0/GNU-tools-for-STM32/bin/../lib/gcc/arm-none-eabi/13.3.1/../../../../arm-none-eabi/lib/thumb/v7e-m+dp/hard/libc.a(libc_a-readr.o)
 .bss           0x00000000        0x0 /opt/st/stm32cubeclt_1.19.0/GNU-tools-for-STM32/bin/../lib/gcc/arm-none-eabi/13.3.1/../../../../arm-none-eabi/lib/thumb/v7e-m+dp/hard/libc.a(libc_a-readr.o)
 .text._read_r  0x00000000       0x24 /opt/st/stm32cubeclt_1.19.0/GNU-tools-for-STM32/bin/../lib/gcc/arm-none-eabi/13.3.1/../../../../arm-none-eabi/lib/thumb/v7e-m+dp/hard/libc.a(libc_a-readr.o)
 .debug_frame   0x00000000       0x2c /opt/st/stm32cubeclt_1.19.0/GNU-tools-for-STM32/bin/../lib/gcc/arm-none-eabi/13.3.1/../../../../arm-none-eabi/lib/thumb/v7e-m+dp/hard/libc.a(libc_a-readr.o)
 .ARM.attributes
                0x00000000       0x32 /opt/st/stm32cubeclt_1.19.0/GNU-tools-for-STM32/bin/../lib/gcc/arm-none-eabi/13.3.1/../../../../arm-none-eabi/lib/thumb/v7e-m+dp/hard/libc.a(libc_a-readr.o)
 .text          0x00000000        0x0 /opt/st/stm32cubeclt_1.19.0/GNU-tools-for-STM32/bin/../lib/gcc/arm-none-eabi/13.3.1/../../../../arm-none-eabi/lib/thumb/v7e-m+dp/hard/libc.a(libc_a-writer.o)
 .data          0x00000000        0x0 /opt/st/stm32cubeclt_1.19.0/GNU-tools-for-STM32/bin/../lib/gcc/arm-none-eabi/13.3.1/../../../../arm-none-eabi/lib/thumb/v7e-m+dp/hard/libc.a(libc_a-writer.o)
 .bss           0x00000000        0x0 /opt/st/stm32cubeclt_1.19.0/GNU-tools-for-STM32/bin/../lib/gcc/arm-none-eabi/13.3.1/../../../../arm-none-eabi/lib/thumb/v7e-m+dp/hard/libc.a(libc_a-writer.o)
 .text._write_r
                0x00000000       0x24 /opt/st/stm32cubeclt_1.19.0/GNU-tools-for-STM32/bin/../lib/gcc/arm-none-eabi/13.3.1/../../../../arm-none-eabi/lib/thumb/v7e-m+dp/hard/libc.a(libc_a-writer.o)
 .debug_frame   0x00000000       0x2c /opt/st/stm32cubeclt_1.19.0/GNU-tools-for-STM32/bin/../lib/gcc/arm-none-eabi/13.3.1/../../../../arm-none-eabi/lib/thumb/v7e-m+dp/hard/libc.a(libc_a-writer.o)
 .ARM.attributes
                0x00000000       0x32 /opt/st/stm32cubeclt_1.19.0/GNU-tools-for-STM32/bin/../lib/gcc/arm-none-eabi/13.3.1/../../../../arm-none-eabi/lib/thumb/v7e-m+dp/hard/libc.a(libc_a-writer.o)
 .text          0x00000000        0x0 /opt/st/stm32cubeclt_1.19.0/GNU-tools-for-STM32/bin/../lib/gcc/arm-none-eabi/13.3.1/../../../../arm-none-eabi/lib/thumb/v7e-m+dp/hard/libc.a(libc_a-errno.o)
 .data          0x00000000        0x0 /opt/st/stm32cubeclt_1.19.0/GNU-tools-for-STM32/bin/../lib/gcc/arm-none-eabi/13.3.1/../../../../arm-none-eabi/lib/thumb/v7e-m+dp/hard/libc.a(libc_a-errno.o)
 .bss           0x00000000        0x0 /opt/st/stm32cubeclt_1.19.0/GNU-tools-for-STM32/bin/../lib/gcc/arm-none-eabi/13.3.1/../../../../arm-none-eabi/lib/thumb/v7e-m+dp/hard/libc.a(libc_a-errno.o)
 .text.__errno  0x00000000        0xc /opt/st/stm32cubeclt_1.19.0/GNU-tools-for-STM32/bin/../lib/gcc/arm-none-eabi/13.3.1/../../../../arm-none-eabi/lib/thumb/v7e-m+dp/hard/libc.a(libc_a-errno.o)
 .debug_frame   0x00000000       0x20 /opt/st/stm32cubeclt_1.19.0/GNU-tools-for-STM32/bin/../lib/gcc/arm-none-eabi/13.3.1/../../../../arm-none-eabi/lib/thumb/v7e-m+dp/hard/libc.a(libc_a-errno.o)
 .ARM.attributes
                0x00000000       0x32 /opt/st/stm32cubeclt_1.19.0/GNU-tools-for-STM32/bin/../lib/gcc/arm-none-eabi/13.3.1/../../../../arm-none-eabi/lib/thumb/v7e-m+dp/hard/libc.a(libc_a-errno.o)
 .text          0x00000000        0x0 /opt/st/stm32cubeclt_1.19.0/GNU-tools-for-STM32/bin/../lib/gcc/arm-none-eabi/13.3.1/../../../../arm-none-eabi/lib/thumb/v7e-m+dp/hard/libc.a(libc_a-init.o)
 .data          0x00000000        0x0 /opt/st/stm32cubeclt_1.19.0/GNU-tools-for-STM32/bin/../lib/gcc/arm-none-eabi/13.3.1/../../../../arm-none-eabi/lib/thumb/v7e-m+dp/hard/libc.a(libc_a-init.o)
 .bss           0x00000000        0x0 /opt/st/stm32cubeclt_1.19.0/GNU-tools-for-STM32/bin/../lib/gcc/arm-none-eabi/13.3.1/../../../../arm-none-eabi/lib/thumb/v7e-m+dp/hard/libc.a(libc_a-init.o)
 .text          0x00000000        0x0 /opt/st/stm32cubeclt_1.19.0/GNU-tools-for-STM32/bin/../lib/gcc/arm-none-eabi/13.3.1/../../../../arm-none-eabi/lib/thumb/v7e-m+dp/hard/libc.a(libc_a-lock.o)
 .data          0x00000000        0x0 /opt/st/stm32cubeclt_1.19.0/GNU-tools-for-STM32/bin/../lib/gcc/arm-none-eabi/13.3.1/../../../../arm-none-eabi/lib/thumb/v7e-m+dp/hard/libc.a(libc_a-lock.o)
 .bss           0x00000000        0x0 /opt/st/stm32cubeclt_1.19.0/GNU-tools-for-STM32/bin/../lib/gcc/arm-none-eabi/13.3.1/../../../../arm-none-eabi/lib/thumb/v7e-m+dp/hard/libc.a(libc_a-lock.o)
 .text.__retarget_lock_init
                0x00000000        0x2 /opt/st/stm32cubeclt_1.19.0/GNU-tools-for-STM32/bin/../lib/gcc/arm-none-eabi/13.3.1/../../../../arm-none-eabi/lib/thumb/v7e-m+dp/hard/libc.a(libc_a-lock.o)
 .text.__retarget_lock_init_recursive
                0x00000000        0x2 /opt/st/stm32cubeclt_1.19.0/GNU-tools-for-STM32/bin/../lib/gcc/arm-none-eabi/13.3.1/../../../../arm-none-eabi/lib/thumb/v7e-m+dp/hard/libc.a(libc_a-lock.o)
 .text.__retarget_lock_close
                0x00000000        0x2 /opt/st/stm32cubeclt_1.19.0/GNU-tools-for-STM32/bin/../lib/gcc/arm-none-eabi/13.3.1/../../../../arm-none-eabi/lib/thumb/v7e-m+dp/hard/libc.a(libc_a-lock.o)
 .text.__retarget_lock_close_recursive
                0x00000000        0x2 /opt/st/stm32cubeclt_1.19.0/GNU-tools-for-STM32/bin/../lib/gcc/arm-none-eabi/13.3.1/../../../../arm-none-eabi/lib/thumb/v7e-m+dp/hard/libc.a(libc_a-lock.o)
 .text.__retarget_lock_acquire
                0x00000000        0x2 /opt/st/stm32cubeclt_1.19.0/GNU-tools-for-STM32/bin/../lib/gcc/arm-none-eabi/13.3.1/../../../../arm-none-eabi/lib/thumb/v7e-m+dp/hard/libc.a(libc_a-lock.o)
 .text.__retarget_lock_try_acquire
                0x00000000        0x4 /opt/st/stm32cubeclt_1.19.0/GNU-tools-for-STM32/bin/../lib/gcc/arm-none-eabi/13.3.1/../../../../arm-none-eabi/lib/thumb/v7e-m+dp/hard/libc.a(libc_a-lock.o)
 .text.__retarget_lock_try_acquire_recursive
                0x00000000        0x4 /opt/st/stm32cubeclt_1.19.0/GNU-tools-for-STM32/bin/../lib/gcc/arm-none-eabi/13.3.1/../../../../arm-none-eabi/lib/thumb/v7e-m+dp/hard/libc.a(libc_a-lock.o)
 .text.__retarget_lock_release
                0x00000000        0x2 /opt/st/stm32cubeclt_1.19.0/GNU-tools-for-STM32/bin/../lib/gcc/arm-none-eabi/13.3.1/../../../../arm-none-eabi/lib/thumb/v7e-m+dp/hard/libc.a(libc_a-lock.o)
 .bss.__lock___arc4random_mutex
                0x00000000        0x1 /opt/st/stm32cubeclt_1.19.0/GNU-tools-for-STM32/bin/../lib/gcc/arm-none-eabi/13.3.1/../../../../arm-none-eabi/lib/thumb/v7e-m+dp/hard/libc.a(libc_a-lock.o)
 .bss.__lock___dd_hash_mutex
                0x00000000        0x1 /opt/st/stm32cubeclt_1.19.0/GNU-tools-for-STM32/bin/../lib/gcc/arm-none-eabi/13.3.1/../../../../arm-none-eabi/lib/thumb/v7e-m+dp/hard/libc.a(libc_a-lock.o)
 .bss.__lock___tz_mutex
                0x00000000        0x1 /opt/st/stm32cubeclt_1.19.0/GNU-tools-for-STM32/bin/../lib/gcc/arm-none-eabi/13.3.1/../../../../arm-none-eabi/lib/thumb/v7e-m+dp/hard/libc.a(libc_a-lock.o)
 .bss.__lock___env_recursive_mutex
                0x00000000        0x1 /opt/st/stm32cubeclt_1.19.0/GNU-tools-for-STM32/bin/../lib/gcc/arm-none-eabi/13.3.1/../../../../arm-none-eabi/lib/thumb/v7e-m+dp/hard/libc.a(libc_a-lock.o)
 .bss.__lock___malloc_recursive_mutex
                0x00000000        0x1 /opt/st/stm32cubeclt_1.19.0/GNU-tools-for-STM32/bin/../lib/gcc/arm-none-eabi/13.3.1/../../../../arm-none-eabi/lib/thumb/v7e-m+dp/hard/libc.a(libc_a-lock.o)
 .bss.__lock___at_quick_exit_mutex
                0x00000000        0x1 /opt/st/stm32cubeclt_1.19.0/GNU-tools-for-STM32/bin/../lib/gcc/arm-none-eabi/13.3.1/../../../../arm-none-eabi/lib/thumb/v7e-m+dp/hard/libc.a(libc_a-lock.o)
 .bss.__lock___sfp_recursive_mutex
                0x00000000        0x1 /opt/st/stm32cubeclt_1.19.0/GNU-tools-for-STM32/bin/../lib/gcc/arm-none-eabi/13.3.1/../../../../arm-none-eabi/lib/thumb/v7e-m+dp/hard/libc.a(libc_a-lock.o)
 .text          0x00000000        0x0 /opt/st/stm32cubeclt_1.19.0/GNU-tools-for-STM32/bin/../lib/gcc/arm-none-eabi/13.3.1/../../../../arm-none-eabi/lib/thumb/v7e-m+dp/hard/libc.a(libc_a-__call_atexit.o)
 .data          0x00000000        0x0 /opt/st/stm32cubeclt_1.19.0/GNU-tools-for-STM32/bin/../lib/gcc/arm-none-eabi/13.3.1/../../../../arm-none-eabi/lib/thumb/v7e-m+dp/hard/libc.a(libc_a-__call_atexit.o)
 .bss           0x00000000        0x0 /opt/st/stm32cubeclt_1.19.0/GNU-tools-for-STM32/bin/../lib/gcc/arm-none-eabi/13.3.1/../../../../arm-none-eabi/lib/thumb/v7e-m+dp/hard/libc.a(libc_a-__call_atexit.o)
 .text.__call_exitprocs
                0x00000000       0xac /opt/st/stm32cubeclt_1.19.0/GNU-tools-for-STM32/bin/../lib/gcc/arm-none-eabi/13.3.1/../../../../arm-none-eabi/lib/thumb/v7e-m+dp/hard/libc.a(libc_a-__call_atexit.o)
 .text          0x00000000        0x0 /opt/st/stm32cubeclt_1.19.0/GNU-tools-for-STM32/bin/../lib/gcc/arm-none-eabi/13.3.1/../../../../arm-none-eabi/lib/thumb/v7e-m+dp/hard/libc.a(libc_a-atexit.o)
 .data          0x00000000        0x0 /opt/st/stm32cubeclt_1.19.0/GNU-tools-for-STM32/bin/../lib/gcc/arm-none-eabi/13.3.1/../../../../arm-none-eabi/lib/thumb/v7e-m+dp/hard/libc.a(libc_a-atexit.o)
 .bss           0x00000000        0x0 /opt/st/stm32cubeclt_1.19.0/GNU-tools-for-STM32/bin/../lib/gcc/arm-none-eabi/13.3.1/../../../../arm-none-eabi/lib/thumb/v7e-m+dp/hard/libc.a(libc_a-atexit.o)
 .text          0x00000000        0x0 /opt/st/stm32cubeclt_1.19.0/GNU-tools-for-STM32/bin/../lib/gcc/arm-none-eabi/13.3.1/../../../../arm-none-eabi/lib/thumb/v7e-m+dp/hard/libc.a(libc_a-freer.o)
 .data          0x00000000        0x0 /opt/st/stm32cubeclt_1.19.0/GNU-tools-for-STM32/bin/../lib/gcc/arm-none-eabi/13.3.1/../../../../arm-none-eabi/lib/thumb/v7e-m+dp/hard/libc.a(libc_a-freer.o)
 .bss           0x00000000        0x0 /opt/st/stm32cubeclt_1.19.0/GNU-tools-for-STM32/bin/../lib/gcc/arm-none-eabi/13.3.1/../../../../arm-none-eabi/lib/thumb/v7e-m+dp/hard/libc.a(libc_a-freer.o)
 .text._malloc_trim_r
                0x00000000       0xac /opt/st/stm32cubeclt_1.19.0/GNU-tools-for-STM32/bin/../lib/gcc/arm-none-eabi/13.3.1/../../../../arm-none-eabi/lib/thumb/v7e-m+dp/hard/libc.a(libc_a-freer.o)
 .text._free_r  0x00000000      0x180 /opt/st/stm32cubeclt_1.19.0/GNU-tools-for-STM32/bin/../lib/gcc/arm-none-eabi/13.3.1/../../../../arm-none-eabi/lib/thumb/v7e-m+dp/hard/libc.a(libc_a-freer.o)
 .debug_frame   0x00000000       0x60 /opt/st/stm32cubeclt_1.19.0/GNU-tools-for-STM32/bin/../lib/gcc/arm-none-eabi/13.3.1/../../../../arm-none-eabi/lib/thumb/v7e-m+dp/hard/libc.a(libc_a-freer.o)
 .ARM.attributes
                0x00000000       0x32 /opt/st/stm32cubeclt_1.19.0/GNU-tools-for-STM32/bin/../lib/gcc/arm-none-eabi/13.3.1/../../../../arm-none-eabi/lib/thumb/v7e-m+dp/hard/libc.a(libc_a-freer.o)
 .text          0x00000000        0x0 /opt/st/stm32cubeclt_1.19.0/GNU-tools-for-STM32/bin/../lib/gcc/arm-none-eabi/13.3.1/../../../../arm-none-eabi/lib/thumb/v7e-m+dp/hard/libc.a(libc_a-mallocr.o)
 .data          0x00000000        0x0 /opt/st/stm32cubeclt_1.19.0/GNU-tools-for-STM32/bin/../lib/gcc/arm-none-eabi/13.3.1/../../../../arm-none-eabi/lib/thumb/v7e-m+dp/hard/libc.a(libc_a-mallocr.o)
 .bss           0x00000000        0x0 /opt/st/stm32cubeclt_1.19.0/GNU-tools-for-STM32/bin/../lib/gcc/arm-none-eabi/13.3.1/../../../../arm-none-eabi/lib/thumb/v7e-m+dp/hard/libc.a(libc_a-mallocr.o)
 .text._malloc_r
                0x00000000      0x474 /opt/st/stm32cubeclt_1.19.0/GNU-tools-for-STM32/bin/../lib/gcc/arm-none-eabi/13.3.1/../../../../arm-none-eabi/lib/thumb/v7e-m+dp/hard/libc.a(libc_a-mallocr.o)
 .bss.__malloc_current_mallinfo
                0x00000000       0x28 /opt/st/stm32cubeclt_1.19.0/GNU-tools-for-STM32/bin/../lib/gcc/arm-none-eabi/13.3.1/../../../../arm-none-eabi/lib/thumb/v7e-m+dp/hard/libc.a(libc_a-mallocr.o)
 .bss.__malloc_max_total_mem
                0x00000000        0x4 /opt/st/stm32cubeclt_1.19.0/GNU-tools-for-STM32/bin/../lib/gcc/arm-none-eabi/13.3.1/../../../../arm-none-eabi/lib/thumb/v7e-m+dp/hard/libc.a(libc_a-mallocr.o)
 .bss.__malloc_max_sbrked_mem
                0x00000000        0x4 /opt/st/stm32cubeclt_1.19.0/GNU-tools-for-STM32/bin/../lib/gcc/arm-none-eabi/13.3.1/../../../../arm-none-eabi/lib/thumb/v7e-m+dp/hard/libc.a(libc_a-mallocr.o)
 .data.__malloc_sbrk_base
                0x00000000        0x4 /opt/st/stm32cubeclt_1.19.0/GNU-tools-for-STM32/bin/../lib/gcc/arm-none-eabi/13.3.1/../../../../arm-none-eabi/lib/thumb/v7e-m+dp/hard/libc.a(libc_a-mallocr.o)
 .bss.__malloc_top_pad
                0x00000000        0x4 /opt/st/stm32cubeclt_1.19.0/GNU-tools-for-STM32/bin/../lib/gcc/arm-none-eabi/13.3.1/../../../../arm-none-eabi/lib/thumb/v7e-m+dp/hard/libc.a(libc_a-mallocr.o)
 .data.__malloc_trim_threshold
                0x00000000        0x4 /opt/st/stm32cubeclt_1.19.0/GNU-tools-for-STM32/bin/../lib/gcc/arm-none-eabi/13.3.1/../../../../arm-none-eabi/lib/thumb/v7e-m+dp/hard/libc.a(libc_a-mallocr.o)
 .data.__malloc_av_
                0x00000000      0x408 /opt/st/stm32cubeclt_1.19.0/GNU-tools-for-STM32/bin/../lib/gcc/arm-none-eabi/13.3.1/../../../../arm-none-eabi/lib/thumb/v7e-m+dp/hard/libc.a(libc_a-mallocr.o)
 .debug_frame   0x00000000       0x40 /opt/st/stm32cubeclt_1.19.0/GNU-tools-for-STM32/bin/../lib/gcc/arm-none-eabi/13.3.1/../../../../arm-none-eabi/lib/thumb/v7e-m+dp/hard/libc.a(libc_a-mallocr.o)
 .ARM.attributes
                0x00000000       0x32 /opt/st/stm32cubeclt_1.19.0/GNU-tools-for-STM32/bin/../lib/gcc/arm-none-eabi/13.3.1/../../../../arm-none-eabi/lib/thumb/v7e-m+dp/hard/libc.a(libc_a-mallocr.o)
 .text          0x00000000        0x0 /opt/st/stm32cubeclt_1.19.0/GNU-tools-for-STM32/bin/../lib/gcc/arm-none-eabi/13.3.1/../../../../arm-none-eabi/lib/thumb/v7e-m+dp/hard/libc.a(libc_a-mlock.o)
 .data          0x00000000        0x0 /opt/st/stm32cubeclt_1.19.0/GNU-tools-for-STM32/bin/../lib/gcc/arm-none-eabi/13.3.1/../../../../arm-none-eabi/lib/thumb/v7e-m+dp/hard/libc.a(libc_a-mlock.o)
 .bss           0x00000000        0x0 /opt/st/stm32cubeclt_1.19.0/GNU-tools-for-STM32/bin/../lib/gcc/arm-none-eabi/13.3.1/../../../../arm-none-eabi/lib/thumb/v7e-m+dp/hard/libc.a(libc_a-mlock.o)
 .text.__malloc_lock
                0x00000000        0xc /opt/st/stm32cubeclt_1.19.0/GNU-tools-for-STM32/bin/../lib/gcc/arm-none-eabi/13.3.1/../../../../arm-none-eabi/lib/thumb/v7e-m+dp/hard/libc.a(libc_a-mlock.o)
 .text.__malloc_unlock
                0x00000000        0xc /opt/st/stm32cubeclt_1.19.0/GNU-tools-for-STM32/bin/../lib/gcc/arm-none-eabi/13.3.1/../../../../arm-none-eabi/lib/thumb/v7e-m+dp/hard/libc.a(libc_a-mlock.o)
 .debug_frame   0x00000000       0x30 /opt/st/stm32cubeclt_1.19.0/GNU-tools-for-STM32/bin/../lib/gcc/arm-none-eabi/13.3.1/../../../../arm-none-eabi/lib/thumb/v7e-m+dp/hard/libc.a(libc_a-mlock.o)
 .ARM.attributes
                0x00000000       0x32 /opt/st/stm32cubeclt_1.19.0/GNU-tools-for-STM32/bin/../lib/gcc/arm-none-eabi/13.3.1/../../../../arm-none-eabi/lib/thumb/v7e-m+dp/hard/libc.a(libc_a-mlock.o)
 .text          0x00000000        0x0 /opt/st/stm32cubeclt_1.19.0/GNU-tools-for-STM32/bin/../lib/gcc/arm-none-eabi/13.3.1/../../../../arm-none-eabi/lib/thumb/v7e-m+dp/hard/libc.a(libc_a-fclose.o)
 .data          0x00000000        0x0 /opt/st/stm32cubeclt_1.19.0/GNU-tools-for-STM32/bin/../lib/gcc/arm-none-eabi/13.3.1/../../../../arm-none-eabi/lib/thumb/v7e-m+dp/hard/libc.a(libc_a-fclose.o)
 .bss           0x00000000        0x0 /opt/st/stm32cubeclt_1.19.0/GNU-tools-for-STM32/bin/../lib/gcc/arm-none-eabi/13.3.1/../../../../arm-none-eabi/lib/thumb/v7e-m+dp/hard/libc.a(libc_a-fclose.o)
 .text._fclose_r
                0x00000000       0xac /opt/st/stm32cubeclt_1.19.0/GNU-tools-for-STM32/bin/../lib/gcc/arm-none-eabi/13.3.1/../../../../arm-none-eabi/lib/thumb/v7e-m+dp/hard/libc.a(libc_a-fclose.o)
 .text.fclose   0x00000000       0x10 /opt/st/stm32cubeclt_1.19.0/GNU-tools-for-STM32/bin/../lib/gcc/arm-none-eabi/13.3.1/../../../../arm-none-eabi/lib/thumb/v7e-m+dp/hard/libc.a(libc_a-fclose.o)
 .debug_frame   0x00000000       0x3c /opt/st/stm32cubeclt_1.19.0/GNU-tools-for-STM32/bin/../lib/gcc/arm-none-eabi/13.3.1/../../../../arm-none-eabi/lib/thumb/v7e-m+dp/hard/libc.a(libc_a-fclose.o)
 .ARM.attributes
                0x00000000       0x32 /opt/st/stm32cubeclt_1.19.0/GNU-tools-for-STM32/bin/../lib/gcc/arm-none-eabi/13.3.1/../../../../arm-none-eabi/lib/thumb/v7e-m+dp/hard/libc.a(libc_a-fclose.o)
 .text          0x00000000        0x0 /opt/st/stm32cubeclt_1.19.0/GNU-tools-for-STM32/bin/../lib/gcc/arm-none-eabi/13.3.1/../../../../arm-none-eabi/lib/thumb/v7e-m+dp/hard/libc.a(libc_a-fflush.o)
 .data          0x00000000        0x0 /opt/st/stm32cubeclt_1.19.0/GNU-tools-for-STM32/bin/../lib/gcc/arm-none-eabi/13.3.1/../../../../arm-none-eabi/lib/thumb/v7e-m+dp/hard/libc.a(libc_a-fflush.o)
 .bss           0x00000000        0x0 /opt/st/stm32cubeclt_1.19.0/GNU-tools-for-STM32/bin/../lib/gcc/arm-none-eabi/13.3.1/../../../../arm-none-eabi/lib/thumb/v7e-m+dp/hard/libc.a(libc_a-fflush.o)
 .text.__sflush_r
                0x00000000      0x110 /opt/st/stm32cubeclt_1.19.0/GNU-tools-for-STM32/bin/../lib/gcc/arm-none-eabi/13.3.1/../../../../arm-none-eabi/lib/thumb/v7e-m+dp/hard/libc.a(libc_a-fflush.o)
 .text._fflush_r
                0x00000000       0x4a /opt/st/stm32cubeclt_1.19.0/GNU-tools-for-STM32/bin/../lib/gcc/arm-none-eabi/13.3.1/../../../../arm-none-eabi/lib/thumb/v7e-m+dp/hard/libc.a(libc_a-fflush.o)
 .text.fflush   0x00000000       0x28 /opt/st/stm32cubeclt_1.19.0/GNU-tools-for-STM32/bin/../lib/gcc/arm-none-eabi/13.3.1/../../../../arm-none-eabi/lib/thumb/v7e-m+dp/hard/libc.a(libc_a-fflush.o)
 .debug_frame   0x00000000       0x5c /opt/st/stm32cubeclt_1.19.0/GNU-tools-for-STM32/bin/../lib/gcc/arm-none-eabi/13.3.1/../../../../arm-none-eabi/lib/thumb/v7e-m+dp/hard/libc.a(libc_a-fflush.o)
 .ARM.attributes
                0x00000000       0x32 /opt/st/stm32cubeclt_1.19.0/GNU-tools-for-STM32/bin/../lib/gcc/arm-none-eabi/13.3.1/../../../../arm-none-eabi/lib/thumb/v7e-m+dp/hard/libc.a(libc_a-fflush.o)
 .text          0x00000000        0x0 /opt/st/stm32cubeclt_1.19.0/GNU-tools-for-STM32/bin/../lib/gcc/arm-none-eabi/13.3.1/../../../../arm-none-eabi/lib/thumb/v7e-m+dp/hard/libc.a(libc_a-sbrkr.o)
 .data          0x00000000        0x0 /opt/st/stm32cubeclt_1.19.0/GNU-tools-for-STM32/bin/../lib/gcc/arm-none-eabi/13.3.1/../../../../arm-none-eabi/lib/thumb/v7e-m+dp/hard/libc.a(libc_a-sbrkr.o)
 .bss           0x00000000        0x0 /opt/st/stm32cubeclt_1.19.0/GNU-tools-for-STM32/bin/../lib/gcc/arm-none-eabi/13.3.1/../../../../arm-none-eabi/lib/thumb/v7e-m+dp/hard/libc.a(libc_a-sbrkr.o)
 .text._sbrk_r  0x00000000       0x20 /opt/st/stm32cubeclt_1.19.0/GNU-tools-for-STM32/bin/../lib/gcc/arm-none-eabi/13.3.1/../../../../arm-none-eabi/lib/thumb/v7e-m+dp/hard/libc.a(libc_a-sbrkr.o)
 .debug_frame   0x00000000       0x2c /opt/st/stm32cubeclt_1.19.0/GNU-tools-for-STM32/bin/../lib/gcc/arm-none-eabi/13.3.1/../../../../arm-none-eabi/lib/thumb/v7e-m+dp/hard/libc.a(libc_a-sbrkr.o)
 .ARM.attributes
                0x00000000       0x32 /opt/st/stm32cubeclt_1.19.0/GNU-tools-for-STM32/bin/../lib/gcc/arm-none-eabi/13.3.1/../../../../arm-none-eabi/lib/thumb/v7e-m+dp/hard/libc.a(libc_a-sbrkr.o)
 .text          0x00000000        0x0 /opt/st/stm32cubeclt_1.19.0/GNU-tools-for-STM32/bin/../lib/gcc/arm-none-eabi/13.3.1/../../../../arm-none-eabi/lib/thumb/v7e-m+dp/hard/libc.a(libc_a-fini.o)
 .data          0x00000000        0x0 /opt/st/stm32cubeclt_1.19.0/GNU-tools-for-STM32/bin/../lib/gcc/arm-none-eabi/13.3.1/../../../../arm-none-eabi/lib/thumb/v7e-m+dp/hard/libc.a(libc_a-fini.o)
 .bss           0x00000000        0x0 /opt/st/stm32cubeclt_1.19.0/GNU-tools-for-STM32/bin/../lib/gcc/arm-none-eabi/13.3.1/../../../../arm-none-eabi/lib/thumb/v7e-m+dp/hard/libc.a(libc_a-fini.o)
 .text          0x00000000        0x0 /opt/st/stm32cubeclt_1.19.0/GNU-tools-for-STM32/bin/../lib/gcc/arm-none-eabi/13.3.1/../../../../arm-none-eabi/lib/thumb/v7e-m+dp/hard/libc.a(libc_a-sysconf.o)
 .data          0x00000000        0x0 /opt/st/stm32cubeclt_1.19.0/GNU-tools-for-STM32/bin/../lib/gcc/arm-none-eabi/13.3.1/../../../../arm-none-eabi/lib/thumb/v7e-m+dp/hard/libc.a(libc_a-sysconf.o)
 .bss           0x00000000        0x0 /opt/st/stm32cubeclt_1.19.0/GNU-tools-for-STM32/bin/../lib/gcc/arm-none-eabi/13.3.1/../../../../arm-none-eabi/lib/thumb/v7e-m+dp/hard/libc.a(libc_a-sysconf.o)
 .text.sysconf  0x00000000       0x18 /opt/st/stm32cubeclt_1.19.0/GNU-tools-for-STM32/bin/../lib/gcc/arm-none-eabi/13.3.1/../../../../arm-none-eabi/lib/thumb/v7e-m+dp/hard/libc.a(libc_a-sysconf.o)
 .debug_frame   0x00000000       0x28 /opt/st/stm32cubeclt_1.19.0/GNU-tools-for-STM32/bin/../lib/gcc/arm-none-eabi/13.3.1/../../../../arm-none-eabi/lib/thumb/v7e-m+dp/hard/libc.a(libc_a-sysconf.o)
 .ARM.attributes
                0x00000000       0x32 /opt/st/stm32cubeclt_1.19.0/GNU-tools-for-STM32/bin/../lib/gcc/arm-none-eabi/13.3.1/../../../../arm-none-eabi/lib/thumb/v7e-m+dp/hard/libc.a(libc_a-sysconf.o)
 .text          0x00000000        0x0 /opt/st/stm32cubeclt_1.19.0/GNU-tools-for-STM32/bin/../lib/gcc/arm-none-eabi/13.3.1/../../../../arm-none-eabi/lib/thumb/v7e-m+dp/hard/libc.a(libc_a-__atexit.o)
 .data          0x00000000        0x0 /opt/st/stm32cubeclt_1.19.0/GNU-tools-for-STM32/bin/../lib/gcc/arm-none-eabi/13.3.1/../../../../arm-none-eabi/lib/thumb/v7e-m+dp/hard/libc.a(libc_a-__atexit.o)
 .bss           0x00000000        0x0 /opt/st/stm32cubeclt_1.19.0/GNU-tools-for-STM32/bin/../lib/gcc/arm-none-eabi/13.3.1/../../../../arm-none-eabi/lib/thumb/v7e-m+dp/hard/libc.a(libc_a-__atexit.o)
 .text          0x00000000        0x0 /opt/st/stm32cubeclt_1.19.0/GNU-tools-for-STM32/bin/../lib/gcc/arm-none-eabi/13.3.1/thumb/v7e-m+dp/hard/crtend.o
 .data          0x00000000        0x0 /opt/st/stm32cubeclt_1.19.0/GNU-tools-for-STM32/bin/../lib/gcc/arm-none-eabi/13.3.1/thumb/v7e-m+dp/hard/crtend.o
 .bss           0x00000000        0x0 /opt/st/stm32cubeclt_1.19.0/GNU-tools-for-STM32/bin/../lib/gcc/arm-none-eabi/13.3.1/thumb/v7e-m+dp/hard/crtend.o
 .rodata        0x00000000       0x24 /opt/st/stm32cubeclt_1.19.0/GNU-tools-for-STM32/bin/../lib/gcc/arm-none-eabi/13.3.1/thumb/v7e-m+dp/hard/crtend.o
 .eh_frame      0x00000000        0x4 /opt/st/stm32cubeclt_1.19.0/GNU-tools-for-STM32/bin/../lib/gcc/arm-none-eabi/13.3.1/thumb/v7e-m+dp/hard/crtend.o
 .ARM.attributes
                0x00000000       0x32 /opt/st/stm32cubeclt_1.19.0/GNU-tools-for-STM32/bin/../lib/gcc/arm-none-eabi/13.3.1/thumb/v7e-m+dp/hard/crtend.o
 .text          0x00000000        0x0 /opt/st/stm32cubeclt_1.19.0/GNU-tools-for-STM32/bin/../lib/gcc/arm-none-eabi/13.3.1/thumb/v7e-m+dp/hard/crtn.o
 .data          0x00000000        0x0 /opt/st/stm32cubeclt_1.19.0/GNU-tools-for-STM32/bin/../lib/gcc/arm-none-eabi/13.3.1/thumb/v7e-m+dp/hard/crtn.o
 .bss           0x00000000        0x0 /opt/st/stm32cubeclt_1.19.0/GNU-tools-for-STM32/bin/../lib/gcc/arm-none-eabi/13.3.1/thumb/v7e-m+dp/hard/crtn.o

Memory Configuration

Name             Origin             Length             Attributes
DTCMRAM          0x20000000         0x00020000         xrw
RAM              0x24000000         0x00080000         xrw
RAM_D2           0x30000000         0x00048000         xrw
RAM_D3           0x38000000         0x00010000         xrw
ITCMRAM          0x00000000         0x00010000         xrw
FLASH            0x08000000         0x00200000         xr
*default*        0x00000000         0xffffffff

Linker script and memory map

LOAD /opt/st/stm32cubeclt_1.19.0/GNU-tools-for-STM32/bin/../lib/gcc/arm-none-eabi/13.3.1/thumb/v7e-m+dp/hard/crti.o
LOAD /opt/st/stm32cubeclt_1.19.0/GNU-tools-for-STM32/bin/../lib/gcc/arm-none-eabi/13.3.1/thumb/v7e-m+dp/hard/crtbegin.o
LOAD /opt/st/stm32cubeclt_1.19.0/GNU-tools-for-STM32/bin/../lib/gcc/arm-none-eabi/13.3.1/../../../../arm-none-eabi/lib/thumb/v7e-m+dp/hard/crt0.o
LOAD build/startup_stm32h743xx.o
LOAD build/syscalls.o
LOAD build/system_clock.o
LOAD build/system_stm32h7xx.o
LOAD build/sysmem.o
LOAD build/main.o
LOAD build/systick.o
START GROUP
LOAD /opt/st/stm32cubeclt_1.19.0/GNU-tools-for-STM32/bin/../lib/gcc/arm-none-eabi/13.3.1/../../../../arm-none-eabi/lib/thumb/v7e-m+dp/hard/libc.a
LOAD /opt/st/stm32cubeclt_1.19.0/GNU-tools-for-STM32/bin/../lib/gcc/arm-none-eabi/13.3.1/../../../../arm-none-eabi/lib/thumb/v7e-m+dp/hard/libm.a
LOAD /opt/st/stm32cubeclt_1.19.0/GNU-tools-for-STM32/bin/../lib/gcc/arm-none-eabi/13.3.1/../../../../arm-none-eabi/lib/thumb/v7e-m+dp/hard/libnosys.a
END GROUP
START GROUP
LOAD /opt/st/stm32cubeclt_1.19.0/GNU-tools-for-STM32/bin/../lib/gcc/arm-none-eabi/13.3.1/thumb/v7e-m+dp/hard/libgcc.a
LOAD /opt/st/stm32cubeclt_1.19.0/GNU-tools-for-STM32/bin/../lib/gcc/arm-none-eabi/13.3.1/../../../../arm-none-eabi/lib/thumb/v7e-m+dp/hard/libc.a
END GROUP
LOAD /opt/st/stm32cubeclt_1.19.0/GNU-tools-for-STM32/bin/../lib/gcc/arm-none-eabi/13.3.1/thumb/v7e-m+dp/hard/crtend.o
LOAD /opt/st/stm32cubeclt_1.19.0/GNU-tools-for-STM32/bin/../lib/gcc/arm-none-eabi/13.3.1/thumb/v7e-m+dp/hard/crtn.o
                0x20020000                        _estack = (ORIGIN (DTCMRAM) + LENGTH (DTCMRAM))
                0x00000200                        _Min_Heap_Size = 0x200
                0x00000400                        _Min_Stack_Size = 0x400

.isr_vector     0x08000000      0x298
                0x08000000                        . = ALIGN (0x4)
 *(.isr_vector)
 .isr_vector    0x08000000      0x298 build/startup_stm32h743xx.o
                0x08000000                g_pfnVectors
                0x08000298                        . = ALIGN (0x4)

.text           0x08000298      0x5a8
                0x08000298                        . = ALIGN (0x4)
 *(.text)
 .text          0x08000298       0x40 /opt/st/stm32cubeclt_1.19.0/GNU-tools-for-STM32/bin/../lib/gcc/arm-none-eabi/13.3.1/thumb/v7e-m+dp/hard/crtbegin.o
 *(.text*)
 .text.Reset_Handler
                0x080002d8       0x54 build/startup_stm32h743xx.o
                0x080002d8                Reset_Handler
 .text.Default_Handler
                0x0800032c        0x2 build/startup_stm32h743xx.o
                0x0800032c                RTC_Alarm_IRQHandler
                0x0800032c                EXTI2_IRQHandler
                0x0800032c                TIM8_CC_IRQHandler
                0x0800032c                HRTIM1_Master_IRQHandler
                0x0800032c                DebugMon_Handler
                0x0800032c                UART8_IRQHandler
                0x0800032c                SPI4_IRQHandler
                0x0800032c                TIM1_CC_IRQHandler
                0x0800032c                BDMA_Channel6_IRQHandler
                0x0800032c                DMA2_Stream5_IRQHandler
                0x0800032c                HardFault_Handler
                0x0800032c                HRTIM1_FLT_IRQHandler
                0x0800032c                JPEG_IRQHandler
                0x0800032c                DMA1_Stream5_IRQHandler
                0x0800032c                BDMA_Channel1_IRQHandler
                0x0800032c                HRTIM1_TIMD_IRQHandler
                0x0800032c                TAMP_STAMP_IRQHandler
                0x0800032c                PendSV_Handler
                0x0800032c                NMI_Handler
                0x0800032c                EXTI3_IRQHandler
                0x0800032c                LPTIM4_IRQHandler
                0x0800032c                TIM8_TRG_COM_TIM14_IRQHandler
                0x0800032c                LPTIM2_IRQHandler
                0x0800032c                DFSDM1_FLT1_IRQHandler
                0x0800032c                DMAMUX2_OVR_IRQHandler
                0x0800032c                TIM8_UP_TIM13_IRQHandler
                0x0800032c                I2C3_ER_IRQHandler
                0x0800032c                DFSDM1_FLT2_IRQHandler
                0x0800032c                MDMA_IRQHandler
                0x0800032c                LPTIM3_IRQHandler
                0x0800032c                HSEM1_IRQHandler
                0x0800032c                EXTI0_IRQHandler
                0x0800032c                I2C2_EV_IRQHandler
                0x0800032c                DMA1_Stream2_IRQHandler
                0x0800032c                FPU_IRQHandler
                0x0800032c                OTG_HS_WKUP_IRQHandler
                0x0800032c                FDCAN1_IT1_IRQHandler
                0x0800032c                UsageFault_Handler
                0x0800032c                LTDC_ER_IRQHandler
                0x0800032c                DMA2_Stream2_IRQHandler
                0x0800032c                HRTIM1_TIME_IRQHandler
                0x0800032c                SPI1_IRQHandler
                0x0800032c                TIM6_DAC_IRQHandler
                0x0800032c                DCMI_IRQHandler
                0x0800032c                HRTIM1_TIMC_IRQHandler
                0x0800032c                DMA2_Stream3_IRQHandler
                0x0800032c                SAI2_IRQHandler
                0x0800032c                DFSDM1_FLT3_IRQHandler
                0x0800032c                USART6_IRQHandler
                0x0800032c                TIM17_IRQHandler
                0x0800032c                USART3_IRQHandler
                0x0800032c                BDMA_Channel7_IRQHandler
                0x0800032c                LPTIM5_IRQHandler
                0x0800032c                UART5_IRQHandler
                0x0800032c                ADC3_IRQHandler
                0x0800032c                DMA2_Stream0_IRQHandler
                0x0800032c                TIM4_IRQHandler
                0x0800032c                BDMA_Channel2_IRQHandler
                0x0800032c                QUADSPI_IRQHandler
                0x0800032c                I2C1_EV_IRQHandler
                0x0800032c                DMA1_Stream6_IRQHandler
                0x0800032c                DMAMUX1_OVR_IRQHandler
                0x0800032c                DMA1_Stream1_IRQHandler
                0x0800032c                TIM16_IRQHandler
                0x0800032c                UART4_IRQHandler
                0x0800032c                BDMA_Channel5_IRQHandler
                0x0800032c                TIM3_IRQHandler
                0x0800032c                RCC_IRQHandler
                0x0800032c                TIM8_BRK_TIM12_IRQHandler
                0x0800032c                TIM1_TRG_COM_IRQHandler
                0x0800032c                Default_Handler
                0x0800032c                ECC_IRQHandler
                0x0800032c                CEC_IRQHandler
                0x0800032c                EXTI15_10_IRQHandler
                0x0800032c                BDMA_Channel0_IRQHandler
                0x0800032c                ADC_IRQHandler
                0x0800032c                DMA1_Stream7_IRQHandler
                0x0800032c                HRTIM1_TIMA_IRQHandler
                0x0800032c                SPI5_IRQHandler
                0x0800032c                TIM7_IRQHandler
                0x0800032c                SDMMC1_IRQHandler
                0x0800032c                TIM5_IRQHandler
                0x0800032c                DMA2_Stream7_IRQHandler
                0x0800032c                TIM15_IRQHandler
                0x0800032c                PVD_AVD_IRQHandler
                0x0800032c                I2C3_EV_IRQHandler
                0x0800032c                EXTI9_5_IRQHandler
                0x0800032c                RTC_WKUP_IRQHandler
                0x0800032c                LTDC_IRQHandler
                0x0800032c                SAI3_IRQHandler
                0x0800032c                ETH_WKUP_IRQHandler
                0x0800032c                SPDIF_RX_IRQHandler
                0x0800032c                SPI2_IRQHandler
                0x0800032c                OTG_HS_EP1_IN_IRQHandler
                0x0800032c                MemManage_Handler
                0x0800032c                DMA1_Stream0_IRQHandler
                0x0800032c                SVC_Handler
                0x0800032c                CRS_IRQHandler
                0x0800032c                EXTI4_IRQHandler
                0x0800032c                RNG_IRQHandler
                0x0800032c                HRTIM1_TIMB_IRQHandler
                0x0800032c                FDCAN2_IT1_IRQHandler
                0x0800032c                ETH_IRQHandler
                0x0800032c                TIM1_UP_IRQHandler
                0x0800032c                BDMA_Channel4_IRQHandler
                0x0800032c                OTG_HS_EP1_OUT_IRQHandler
                0x0800032c                WWDG_IRQHandler
                0x0800032c                SPI6_IRQHandler
                0x0800032c                MDIOS_IRQHandler
                0x0800032c                I2C4_EV_IRQHandler
                0x0800032c                FDCAN2_IT0_IRQHandler
                0x0800032c                LPUART1_IRQHandler
                0x0800032c                FDCAN1_IT0_IRQHandler
                0x0800032c                TIM2_IRQHandler
                0x0800032c                OTG_FS_WKUP_IRQHandler
                0x0800032c                OTG_HS_IRQHandler
                0x0800032c                DMA2D_IRQHandler
                0x0800032c                TIM1_BRK_IRQHandler
                0x0800032c                EXTI1_IRQHandler
                0x0800032c                SDMMC2_IRQHandler
                0x0800032c                OTG_FS_EP1_OUT_IRQHandler
                0x0800032c                BDMA_Channel3_IRQHandler
                0x0800032c                UART7_IRQHandler
                0x0800032c                MDIOS_WKUP_IRQHandler
                0x0800032c                USART2_IRQHandler
                0x0800032c                DFSDM1_FLT0_IRQHandler
                0x0800032c                SAI4_IRQHandler
                0x0800032c                I2C2_ER_IRQHandler
                0x0800032c                DMA2_Stream1_IRQHandler
                0x0800032c                FLASH_IRQHandler
                0x0800032c                DMA2_Stream4_IRQHandler
                0x0800032c                BusFault_Handler
                0x0800032c                USART1_IRQHandler
                0x0800032c                OTG_FS_IRQHandler
                0x0800032c                SPI3_IRQHandler
                0x0800032c                WAKEUP_PIN_IRQHandler
                0x0800032c                DMA1_Stream4_IRQHandler
                0x0800032c                OTG_FS_EP1_IN_IRQHandler
                0x0800032c                I2C1_ER_IRQHandler
                0x0800032c                FMC_IRQHandler
                0x0800032c                FDCAN_CAL_IRQHandler
                0x0800032c                SWPMI1_IRQHandler
                0x0800032c                COMP1_IRQHandler
                0x0800032c                LPTIM1_IRQHandler
                0x0800032c                I2C4_ER_IRQHandler
                0x0800032c                DMA2_Stream6_IRQHandler
                0x0800032c                SAI1_IRQHandler
                0x0800032c                DMA1_Stream3_IRQHandler
 *fill*         0x0800032e        0x2 
 .text.SystemClock_Config
                0x08000330      0x138 build/system_clock.o
                0x08000330                SystemClock_Config
 .text.SystemInit
                0x08000468       0xe4 build/system_stm32h7xx.o
                0x08000468                SystemInit
 .text.SystemCoreClockUpdate
                0x0800054c      0x144 build/system_stm32h7xx.o
                0x0800054c                SystemCoreClockUpdate
 .text.ExitRun0Mode
                0x08000690        0x2 build/system_stm32h7xx.o
                0x08000690                ExitRun0Mode
 *fill*         0x08000692        0x2 
 .text.startup.main
                0x08000694       0x44 build/main.o
                0x08000694                main
 .text.SysTick_Handler
                0x080006d8       0x10 build/systick.o
                0x080006d8                SysTick_Handler
 .text.SysTick_Init
                0x080006e8       0x18 build/systick.o
                0x080006e8                SysTick_Init
 .text.delay_ms
                0x08000700       0x14 build/systick.o
                0x08000700                delay_ms
 .text.__libc_init_array
                0x08000714       0x48 /opt/st/stm32cubeclt_1.19.0/GNU-tools-for-STM32/bin/../lib/gcc/arm-none-eabi/13.3.1/../../../../arm-none-eabi/lib/thumb/v7e-m+dp/hard/libc.a(libc_a-init.o)
                0x08000714                __libc_init_array
 .text.__retarget_lock_acquire_recursive
                0x0800075c        0x2 /opt/st/stm32cubeclt_1.19.0/GNU-tools-for-STM32/bin/../lib/gcc/arm-none-eabi/13.3.1/../../../../arm-none-eabi/lib/thumb/v7e-m+dp/hard/libc.a(libc_a-lock.o)
                0x0800075c                __retarget_lock_acquire_recursive
 .text.__retarget_lock_release_recursive
                0x0800075e        0x2 /opt/st/stm32cubeclt_1.19.0/GNU-tools-for-STM32/bin/../lib/gcc/arm-none-eabi/13.3.1/../../../../arm-none-eabi/lib/thumb/v7e-m+dp/hard/libc.a(libc_a-lock.o)
                0x0800075e                __retarget_lock_release_recursive
 .text.startup.register_fini
                0x08000760       0x14 /opt/st/stm32cubeclt_1.19.0/GNU-tools-for-STM32/bin/../lib/gcc/arm-none-eabi/13.3.1/../../../../arm-none-eabi/lib/thumb/v7e-m+dp/hard/libc.a(libc_a-__call_atexit.o)
 .text.atexit   0x08000774        0xc /opt/st/stm32cubeclt_1.19.0/GNU-tools-for-STM32/bin/../lib/gcc/arm-none-eabi/13.3.1/../../../../arm-none-eabi/lib/thumb/v7e-m+dp/hard/libc.a(libc_a-atexit.o)
                0x08000774                atexit
 .text.__libc_fini_array
                0x08000780       0x28 /opt/st/stm32cubeclt_1.19.0/GNU-tools-for-STM32/bin/../lib/gcc/arm-none-eabi/13.3.1/../../../../arm-none-eabi/lib/thumb/v7e-m+dp/hard/libc.a(libc_a-fini.o)
                0x08000780                __libc_fini_array
 .text.__register_exitproc
                0x080007a8       0x80 /opt/st/stm32cubeclt_1.19.0/GNU-tools-for-STM32/bin/../lib/gcc/arm-none-eabi/13.3.1/../../../../arm-none-eabi/lib/thumb/v7e-m+dp/hard/libc.a(libc_a-__atexit.o)
                0x080007a8                __register_exitproc
 *(.glue_7)
 .glue_7        0x08000828        0x0 linker stubs
 *(.glue_7t)
 .glue_7t       0x08000828        0x0 linker stubs
 *(.eh_frame)
 .eh_frame      0x08000828        0x0 /opt/st/stm32cubeclt_1.19.0/GNU-tools-for-STM32/bin/../lib/gcc/arm-none-eabi/13.3.1/thumb/v7e-m+dp/hard/crtbegin.o
 *(.init)
 .init          0x08000828        0x4 /opt/st/stm32cubeclt_1.19.0/GNU-tools-for-STM32/bin/../lib/gcc/arm-none-eabi/13.3.1/thumb/v7e-m+dp/hard/crti.o
                0x08000828                _init
 .init          0x0800082c        0x8 /opt/st/stm32cubeclt_1.19.0/GNU-tools-for-STM32/bin/../lib/gcc/arm-none-eabi/13.3.1/thumb/v7e-m+dp/hard/crtn.o
 *(.fini)
 .fini          0x08000834        0x4 /opt/st/stm32cubeclt_1.19.0/GNU-tools-for-STM32/bin/../lib/gcc/arm-none-eabi/13.3.1/thumb/v7e-m+dp/hard/crti.o
                0x08000834                _fini
 .fini          0x08000838        0x8 /opt/st/stm32cubeclt_1.19.0/GNU-tools-for-STM32/bin/../lib/gcc/arm-none-eabi/13.3.1/thumb/v7e-m+dp/hard/crtn.o
                0x08000840                        . = ALIGN (0x4)
                0x08000840                        _etext = .

.vfp11_veneer   0x08000840        0x0
 .vfp11_veneer  0x08000840        0x0 linker stubs

.v4_bx          0x08000840        0x0
 .v4_bx         0x08000840        0x0 linker stubs

.iplt           0x08000840        0x0
 .iplt          0x08000840        0x0 /opt/st/stm32cubeclt_1.19.0/GNU-tools-for-STM32/bin/../lib/gcc/arm-none-eabi/13.3.1/thumb/v7e-m+dp/hard/crtbegin.o

.rodata         0x08000840       0x10
                0x08000840                        . = ALIGN (0x4)
 *(.rodata)
 *(.rodata*)
 .rodata.D1CorePrescTable
                0x08000840       0x10 build/system_stm32h7xx.o
                0x08000840                D1CorePrescTable
                0x08000850                        . = ALIGN (0x4)

.ARM.extab      0x08000850        0x0
                0x08000850                        . = ALIGN (0x4)
 *(.ARM.extab* .gnu.linkonce.armextab.*)
                0x08000850                        . = ALIGN (0x4)

.ARM            0x08000850        0x0
                0x08000850                        . = ALIGN (0x4)
                0x08000850                        __exidx_start = .
 *(.ARM.exidx*)
                0x08000850                        __exidx_end = .
                0x08000850                        . = ALIGN (0x4)

.preinit_array  0x08000850        0x0
                0x08000850                        . = ALIGN (0x4)
                0x08000850                        PROVIDE (__preinit_array_start = .)
 *(.preinit_array*)
                0x08000850                        PROVIDE (__preinit_array_end = .)
                0x08000850                        . = ALIGN (0x4)

.init_array     0x08000850        0x8
                0x08000850                        . = ALIGN (0x4)
                0x08000850                        PROVIDE (__init_array_start = .)
 *(SORT_BY_NAME(.init_array.*))
 .init_array.00000
                0x08000850        0x4 /opt/st/stm32cubeclt_1.19.0/GNU-tools-for-STM32/bin/../lib/gcc/arm-none-eabi/13.3.1/../../../../arm-none-eabi/lib/thumb/v7e-m+dp/hard/libc.a(libc_a-__call_atexit.o)
 *(.init_array*)
 .init_array    0x08000854        0x4 /opt/st/stm32cubeclt_1.19.0/GNU-tools-for-STM32/bin/../lib/gcc/arm-none-eabi/13.3.1/thumb/v7e-m+dp/hard/crtbegin.o
                0x08000858                        PROVIDE (__init_array_end = .)
                0x08000858                        . = ALIGN (0x4)

.fini_array     0x08000858        0x4
                0x08000858                        . = ALIGN (0x4)
                0x08000858                        PROVIDE (__fini_array_start = .)
 *(SORT_BY_NAME(.fini_array.*))
 *(.fini_array*)
 .fini_array    0x08000858        0x4 /opt/st/stm32cubeclt_1.19.0/GNU-tools-for-STM32/bin/../lib/gcc/arm-none-eabi/13.3.1/thumb/v7e-m+dp/hard/crtbegin.o
                0x0800085c                        PROVIDE (__fini_array_end = .)
                0x0800085c                        . = ALIGN (0x4)
                0x0800085c                        _sidata = LOADADDR (.data)

.rel.dyn        0x0800085c        0x0
 .rel.iplt      0x0800085c        0x0 /opt/st/stm32cubeclt_1.19.0/GNU-tools-for-STM32/bin/../lib/gcc/arm-none-eabi/13.3.1/thumb/v7e-m+dp/hard/crtbegin.o

.data           0x20000000        0xc load address 0x0800085c
                0x20000000                        . = ALIGN (0x4)
                0x20000000                        _sdata = .
 *(.data)
 *(.data*)
 .data.SystemD2Clock
                0x20000000        0x4 build/system_stm32h7xx.o
                0x20000000                SystemD2Clock
 .data.SystemCoreClock
                0x20000004        0x4 build/system_stm32h7xx.o
                0x20000004                SystemCoreClock
 .data.__atexit_recursive_mutex
                0x20000008        0x4 /opt/st/stm32cubeclt_1.19.0/GNU-tools-for-STM32/bin/../lib/gcc/arm-none-eabi/13.3.1/../../../../arm-none-eabi/lib/thumb/v7e-m+dp/hard/libc.a(libc_a-__call_atexit.o)
                0x20000008                __atexit_recursive_mutex
 *(.RamFunc)
 *(.RamFunc*)
                0x2000000c                        . = ALIGN (0x4)
                0x2000000c                        _edata = .

.igot.plt       0x2000000c        0x0 load address 0x08000868
 .igot.plt      0x2000000c        0x0 /opt/st/stm32cubeclt_1.19.0/GNU-tools-for-STM32/bin/../lib/gcc/arm-none-eabi/13.3.1/thumb/v7e-m+dp/hard/crtbegin.o
                0x2000000c                        . = ALIGN (0x4)

.bss            0x2000000c      0x1b8 load address 0x08000868
                0x2000000c                        _sbss = .
                0x2000000c                        __bss_start__ = _sbss
 *(.bss)
 .bss           0x2000000c       0x1c /opt/st/stm32cubeclt_1.19.0/GNU-tools-for-STM32/bin/../lib/gcc/arm-none-eabi/13.3.1/thumb/v7e-m+dp/hard/crtbegin.o
 *(.bss*)
 .bss.systick_ms
                0x20000028        0x4 build/systick.o
                0x20000028                systick_ms
 .bss.__lock___atexit_recursive_mutex
                0x2000002c        0x1 /opt/st/stm32cubeclt_1.19.0/GNU-tools-for-STM32/bin/../lib/gcc/arm-none-eabi/13.3.1/../../../../arm-none-eabi/lib/thumb/v7e-m+dp/hard/libc.a(libc_a-lock.o)
                0x2000002c                __lock___atexit_recursive_mutex
 *fill*         0x2000002d        0x3 
 .bss.__atexit  0x20000030        0x4 /opt/st/stm32cubeclt_1.19.0/GNU-tools-for-STM32/bin/../lib/gcc/arm-none-eabi/13.3.1/../../../../arm-none-eabi/lib/thumb/v7e-m+dp/hard/libc.a(libc_a-__call_atexit.o)
                0x20000030                __atexit
 .bss.__atexit0
                0x20000034      0x190 /opt/st/stm32cubeclt_1.19.0/GNU-tools-for-STM32/bin/../lib/gcc/arm-none-eabi/13.3.1/../../../../arm-none-eabi/lib/thumb/v7e-m+dp/hard/libc.a(libc_a-__atexit.o)
                0x20000034                __atexit0
 *(COMMON)
                0x200001c4                        . = ALIGN (0x4)
                0x200001c4                        _ebss = .
                0x200001c4                        __bss_end__ = _ebss

._user_heap_stack
                0x200001c4      0x604 load address 0x08000868
                0x200001c8                        . = ALIGN (0x8)
 *fill*         0x200001c4        0x4 
                [!provide]                        PROVIDE (end = .)
                0x200001c8                        PROVIDE (_end = .)
                0x200003c8                        . = (. + _Min_Heap_Size)
 *fill*         0x200001c8      0x200 
                0x200007c8                        . = (. + _Min_Stack_Size)
 *fill*         0x200003c8      0x400 
                0x200007c8                        . = ALIGN (0x8)

/DISCARD/
 libc.a(*)
 libm.a(*)
 libgcc.a(*)
OUTPUT(build/BASECODE.elf elf32-littlearm)
LOAD linker stubs
LOAD /opt/st/stm32cubeclt_1.19.0/GNU-tools-for-STM32/bin/../lib/gcc/arm-none-eabi/13.3.1/../../../../arm-none-eabi/lib/thumb/v7e-m+dp/hard/libc.a
LOAD /opt/st/stm32cubeclt_1.19.0/GNU-tools-for-STM32/bin/../lib/gcc/arm-none-eabi/13.3.1/../../../../arm-none-eabi/lib/thumb/v7e-m+dp/hard/libm.a
LOAD /opt/st/stm32cubeclt_1.19.0/GNU-tools-for-STM32/bin/../lib/gcc/arm-none-eabi/13.3.1/thumb/v7e-m+dp/hard/libgcc.a

.ARM.attributes
                0x00000000       0x2e
 .ARM.attributes
                0x00000000       0x20 /opt/st/stm32cubeclt_1.19.0/GNU-tools-for-STM32/bin/../lib/gcc/arm-none-eabi/13.3.1/thumb/v7e-m+dp/hard/crti.o
 .ARM.attributes
                0x00000020       0x32 /opt/st/stm32cubeclt_1.19.0/GNU-tools-for-STM32/bin/../lib/gcc/arm-none-eabi/13.3.1/thumb/v7e-m+dp/hard/crtbegin.o
 .ARM.attributes
                0x00000052       0x21 build/startup_stm32h743xx.o
 .ARM.attributes
                0x00000073       0x32 build/system_clock.o
 .ARM.attributes
                0x000000a5       0x32 build/system_stm32h7xx.o
 .ARM.attributes
                0x000000d7       0x32 build/main.o
 .ARM.attributes
                0x00000109       0x32 build/systick.o
 .ARM.attributes
                0x0000013b       0x32 /opt/st/stm32cubeclt_1.19.0/GNU-tools-for-STM32/bin/../lib/gcc/arm-none-eabi/13.3.1/../../../../arm-none-eabi/lib/thumb/v7e-m+dp/hard/libc.a(libc_a-init.o)
 .ARM.attributes
                0x0000016d       0x32 /opt/st/stm32cubeclt_1.19.0/GNU-tools-for-STM32/bin/../lib/gcc/arm-none-eabi/13.3.1/../../../../arm-none-eabi/lib/thumb/v7e-m+dp/hard/libc.a(libc_a-lock.o)
 .ARM.attributes
                0x0000019f       0x32 /opt/st/stm32cubeclt_1.19.0/GNU-tools-for-STM32/bin/../lib/gcc/arm-none-eabi/13.3.1/../../../../arm-none-eabi/lib/thumb/v7e-m+dp/hard/libc.a(libc_a-__call_atexit.o)
 .ARM.attributes
                0x000001d1       0x32 /opt/st/stm32cubeclt_1.19.0/GNU-tools-for-STM32/bin/../lib/gcc/arm-none-eabi/13.3.1/../../../../arm-none-eabi/lib/thumb/v7e-m+dp/hard/libc.a(libc_a-atexit.o)
 .ARM.attributes
                0x00000203       0x32 /opt/st/stm32cubeclt_1.19.0/GNU-tools-for-STM32/bin/../lib/gcc/arm-none-eabi/13.3.1/../../../../arm-none-eabi/lib/thumb/v7e-m+dp/hard/libc.a(libc_a-fini.o)
 .ARM.attributes
                0x00000235       0x32 /opt/st/stm32cubeclt_1.19.0/GNU-tools-for-STM32/bin/../lib/gcc/arm-none-eabi/13.3.1/../../../../arm-none-eabi/lib/thumb/v7e-m+dp/hard/libc.a(libc_a-__atexit.o)
 .ARM.attributes
                0x00000267       0x20 /opt/st/stm32cubeclt_1.19.0/GNU-tools-for-STM32/bin/../lib/gcc/arm-none-eabi/13.3.1/thumb/v7e-m+dp/hard/crtn.o

.comment        0x00000000       0x43
 .comment       0x00000000       0x43 build/system_clock.o
                                 0x44 (size before relaxing)
 .comment       0x00000043       0x44 build/system_stm32h7xx.o
 .comment       0x00000043       0x44 build/main.o
 .comment       0x00000043       0x44 build/systick.o

.debug_line     0x00000000     0x108a
 .debug_line    0x00000000       0x7b build/startup_stm32h743xx.o
 .debug_line    0x0000007b      0x4c2 build/system_clock.o
 .debug_line    0x0000053d      0x588 build/system_stm32h7xx.o
 .debug_line    0x00000ac5      0x2de build/main.o
 .debug_line    0x00000da3      0x2e7 build/systick.o

.debug_line_str
                0x00000000       0x45
 .debug_line_str
                0x00000000       0x45 build/startup_stm32h743xx.o

.debug_info     0x00000000     0x1cf3
 .debug_info    0x00000000       0x30 build/startup_stm32h743xx.o
 .debug_info    0x00000030      0x93b build/system_clock.o
 .debug_info    0x0000096b      0xd2f build/system_stm32h7xx.o
 .debug_info    0x0000169a      0x512 build/main.o
 .debug_info    0x00001bac      0x147 build/systick.o

.debug_abbrev   0x00000000      0x4ad
 .debug_abbrev  0x00000000       0x24 build/startup_stm32h743xx.o
 .debug_abbrev  0x00000024      0x105 build/system_clock.o
 .debug_abbrev  0x00000129      0x16b build/system_stm32h7xx.o
 .debug_abbrev  0x00000294      0x120 build/main.o
 .debug_abbrev  0x000003b4       0xf9 build/systick.o

.debug_aranges  0x00000000       0xc8
 .debug_aranges
                0x00000000       0x28 build/startup_stm32h743xx.o
 .debug_aranges
                0x00000028       0x20 build/system_clock.o
 .debug_aranges
                0x00000048       0x30 build/system_stm32h7xx.o
 .debug_aranges
                0x00000078       0x20 build/main.o
 .debug_aranges
                0x00000098       0x30 build/systick.o

.debug_str      0x00000000    0xeaa26
 .debug_str     0x00000000    0xeaa26 build/startup_stm32h743xx.o
                                 0x61 (size before relaxing)
 .debug_str     0x000eaa26    0xe728a build/system_clock.o
 .debug_str     0x000eaa26    0xeab36 build/system_stm32h7xx.o
 .debug_str     0x000eaa26    0xe70ee build/main.o
 .debug_str     0x000eaa26    0xe6ec2 build/systick.o

.debug_rnglists
                0x00000000       0x80
 .debug_rnglists
                0x00000000       0x19 build/startup_stm32h743xx.o
 .debug_rnglists
                0x00000019       0x14 build/system_clock.o
 .debug_rnglists
                0x0000002d       0x21 build/system_stm32h7xx.o
 .debug_rnglists
                0x0000004e       0x13 build/main.o
 .debug_rnglists
                0x00000061       0x1f build/systick.o

.debug_macro    0x00000000    0x278d6
 .debug_macro   0x00000000       0xcf build/system_clock.o
 .debug_macro   0x000000cf       0x2e build/system_clock.o
 .debug_macro   0x000000fd       0x3b build/system_clock.o
 .debug_macro   0x00000138       0x8e build/system_clock.o
 .debug_macro   0x000001c6       0x51 build/system_clock.o
 .debug_macro   0x00000217       0x1c build/system_clock.o
 .debug_macro   0x00000233       0x22 build/system_clock.o
 .debug_macro   0x00000255       0xfb build/system_clock.o
 .debug_macro   0x00000350     0x1305 build/system_clock.o
 .debug_macro   0x00001655      0x11f build/system_clock.o
 .debug_macro   0x00001774       0x27 build/system_clock.o
 .debug_macro   0x0000179b    0x25b9b build/system_clock.o
 .debug_macro   0x00027336       0x6d build/system_clock.o
 .debug_macro   0x000273a3      0x17e build/system_stm32h7xx.o
 .debug_macro   0x00027521       0x74 build/system_stm32h7xx.o
 .debug_macro   0x00027595      0x19b build/system_stm32h7xx.o
 .debug_macro   0x00027730       0xd7 build/main.o
 .debug_macro   0x00027807       0xcf build/systick.o

.debug_frame    0x00000000      0x294
 .debug_frame   0x00000000       0x20 build/system_clock.o
 .debug_frame   0x00000020       0x4c build/system_stm32h7xx.o
 .debug_frame   0x0000006c       0x28 build/main.o
 .debug_frame   0x00000094       0x40 build/systick.o
 .debug_frame   0x000000d4       0x2c /opt/st/stm32cubeclt_1.19.0/GNU-tools-for-STM32/bin/../lib/gcc/arm-none-eabi/13.3.1/../../../../arm-none-eabi/lib/thumb/v7e-m+dp/hard/libc.a(libc_a-init.o)
 .debug_frame   0x00000100       0xb0 /opt/st/stm32cubeclt_1.19.0/GNU-tools-for-STM32/bin/../lib/gcc/arm-none-eabi/13.3.1/../../../../arm-none-eabi/lib/thumb/v7e-m+dp/hard/libc.a(libc_a-lock.o)
 .debug_frame   0x000001b0       0x58 /opt/st/stm32cubeclt_1.19.0/GNU-tools-for-STM32/bin/../lib/gcc/arm-none-eabi/13.3.1/../../../../arm-none-eabi/lib/thumb/v7e-m+dp/hard/libc.a(libc_a-__call_atexit.o)
 .debug_frame   0x00000208       0x20 /opt/st/stm32cubeclt_1.19.0/GNU-tools-for-STM32/bin/../lib/gcc/arm-none-eabi/13.3.1/../../../../arm-none-eabi/lib/thumb/v7e-m+dp/hard/libc.a(libc_a-atexit.o)
 .debug_frame   0x00000228       0x38 /opt/st/stm32cubeclt_1.19.0/GNU-tools-for-STM32/bin/../lib/gcc/arm-none-eabi/13.3.1/../../../../arm-none-eabi/lib/thumb/v7e-m+dp/hard/libc.a(libc_a-fini.o)
 .debug_frame   0x00000260       0x34 /opt/st/stm32cubeclt_1.19.0/GNU-tools-for-STM32/bin/../lib/gcc/arm-none-eabi/13.3.1/../../../../arm-none-eabi/lib/thumb/v7e-m+dp/hard/libc.a(libc_a-__atexit.o)

.debug_loclists
                0x00000000      0x156
 .debug_loclists
                0x00000000      0x13f build/system_stm32h7xx.o
 .debug_loclists
                0x0000013f       0x17 build/systick.o
